Archive member included to satisfy reference by file (symbol)

/opt/homebrew/Cellar/arm-none-eabi-gcc/10.3-2021.07/gcc/bin/../lib/gcc/arm-none-eabi/10.3.1/thumb/v7e-m+fp/hard/libgcc.a(_arm_addsubdf3.o)
                              CMakeFiles/my_fc_fw.elf.dir/Core/Src/main.c.obj (__aeabi_f2d)
/opt/homebrew/Cellar/arm-none-eabi-gcc/10.3-2021.07/gcc/bin/../lib/gcc/arm-none-eabi/10.3.1/thumb/v7e-m+fp/hard/libgcc.a(_aeabi_uldivmod.o)
                              CMakeFiles/my_fc_fw.elf.dir/Drivers/STM32F4xx_HAL_Driver/Src/stm32f4xx_hal_rcc.c.obj (__aeabi_uldivmod)
/opt/homebrew/Cellar/arm-none-eabi-gcc/10.3-2021.07/gcc/bin/../lib/gcc/arm-none-eabi/10.3.1/thumb/v7e-m+fp/hard/libgcc.a(_udivmoddi4.o)
                              /opt/homebrew/Cellar/arm-none-eabi-gcc/10.3-2021.07/gcc/bin/../lib/gcc/arm-none-eabi/10.3.1/thumb/v7e-m+fp/hard/libgcc.a(_aeabi_uldivmod.o) (__udivmoddi4)
/opt/homebrew/Cellar/arm-none-eabi-gcc/10.3-2021.07/gcc/bin/../lib/gcc/arm-none-eabi/10.3.1/thumb/v7e-m+fp/hard/libgcc.a(_dvmd_tls.o)
                              /opt/homebrew/Cellar/arm-none-eabi-gcc/10.3-2021.07/gcc/bin/../lib/gcc/arm-none-eabi/10.3.1/thumb/v7e-m+fp/hard/libgcc.a(_aeabi_uldivmod.o) (__aeabi_ldiv0)
/opt/homebrew/Cellar/arm-none-eabi-gcc/10.3-2021.07/gcc/bin/../lib/gcc/arm-none-eabi/10.3.1/../../../../arm-none-eabi/lib/thumb/v7e-m+fp/hard/libg.a(lib_a-errno.o)
                              CMakeFiles/my_fc_fw.elf.dir/Core/Src/syscalls.c.obj (__errno)
/opt/homebrew/Cellar/arm-none-eabi-gcc/10.3-2021.07/gcc/bin/../lib/gcc/arm-none-eabi/10.3.1/../../../../arm-none-eabi/lib/thumb/v7e-m+fp/hard/libg.a(lib_a-exit.o)
                              /opt/homebrew/Cellar/arm-none-eabi-gcc/10.3-2021.07/gcc/bin/../lib/gcc/arm-none-eabi/10.3.1/../../../../arm-none-eabi/lib/thumb/v7e-m+fp/hard/crt0.o (exit)
/opt/homebrew/Cellar/arm-none-eabi-gcc/10.3-2021.07/gcc/bin/../lib/gcc/arm-none-eabi/10.3.1/../../../../arm-none-eabi/lib/thumb/v7e-m+fp/hard/libg.a(lib_a-impure.o)
                              /opt/homebrew/Cellar/arm-none-eabi-gcc/10.3-2021.07/gcc/bin/../lib/gcc/arm-none-eabi/10.3.1/../../../../arm-none-eabi/lib/thumb/v7e-m+fp/hard/libg.a(lib_a-exit.o) (_global_impure_ptr)
/opt/homebrew/Cellar/arm-none-eabi-gcc/10.3-2021.07/gcc/bin/../lib/gcc/arm-none-eabi/10.3.1/../../../../arm-none-eabi/lib/thumb/v7e-m+fp/hard/libg.a(lib_a-init.o)
                              /opt/homebrew/Cellar/arm-none-eabi-gcc/10.3-2021.07/gcc/bin/../lib/gcc/arm-none-eabi/10.3.1/../../../../arm-none-eabi/lib/thumb/v7e-m+fp/hard/crt0.o (__libc_init_array)
/opt/homebrew/Cellar/arm-none-eabi-gcc/10.3-2021.07/gcc/bin/../lib/gcc/arm-none-eabi/10.3.1/../../../../arm-none-eabi/lib/thumb/v7e-m+fp/hard/libg.a(lib_a-memcpy.o)
                              CMakeFiles/my_fc_fw.elf.dir/Middlewares/Third_Party/FreeRTOS/Source/queue.c.obj (memcpy)
/opt/homebrew/Cellar/arm-none-eabi-gcc/10.3-2021.07/gcc/bin/../lib/gcc/arm-none-eabi/10.3.1/../../../../arm-none-eabi/lib/thumb/v7e-m+fp/hard/libg.a(lib_a-memset.o)
                              /opt/homebrew/Cellar/arm-none-eabi-gcc/10.3-2021.07/gcc/bin/../lib/gcc/arm-none-eabi/10.3.1/../../../../arm-none-eabi/lib/thumb/v7e-m+fp/hard/crt0.o (memset)
/opt/homebrew/Cellar/arm-none-eabi-gcc/10.3-2021.07/gcc/bin/../lib/gcc/arm-none-eabi/10.3.1/../../../../arm-none-eabi/lib/thumb/v7e-m+fp/hard/libg.a(lib_a-printf.o)
                              CMakeFiles/my_fc_fw.elf.dir/Core/Src/main.c.obj (printf)
/opt/homebrew/Cellar/arm-none-eabi-gcc/10.3-2021.07/gcc/bin/../lib/gcc/arm-none-eabi/10.3.1/../../../../arm-none-eabi/lib/thumb/v7e-m+fp/hard/libg.a(lib_a-vfprintf.o)
                              /opt/homebrew/Cellar/arm-none-eabi-gcc/10.3-2021.07/gcc/bin/../lib/gcc/arm-none-eabi/10.3.1/../../../../arm-none-eabi/lib/thumb/v7e-m+fp/hard/libg.a(lib_a-printf.o) (_vfprintf_r)
/opt/homebrew/Cellar/arm-none-eabi-gcc/10.3-2021.07/gcc/bin/../lib/gcc/arm-none-eabi/10.3.1/../../../../arm-none-eabi/lib/thumb/v7e-m+fp/hard/libg.a(lib_a-wsetup.o)
                              /opt/homebrew/Cellar/arm-none-eabi-gcc/10.3-2021.07/gcc/bin/../lib/gcc/arm-none-eabi/10.3.1/../../../../arm-none-eabi/lib/thumb/v7e-m+fp/hard/libg.a(lib_a-vfprintf.o) (__swsetup_r)
/opt/homebrew/Cellar/arm-none-eabi-gcc/10.3-2021.07/gcc/bin/../lib/gcc/arm-none-eabi/10.3.1/../../../../arm-none-eabi/lib/thumb/v7e-m+fp/hard/libg.a(lib_a-__call_atexit.o)
                              /opt/homebrew/Cellar/arm-none-eabi-gcc/10.3-2021.07/gcc/bin/../lib/gcc/arm-none-eabi/10.3.1/../../../../arm-none-eabi/lib/thumb/v7e-m+fp/hard/libg.a(lib_a-exit.o) (__call_exitprocs)
/opt/homebrew/Cellar/arm-none-eabi-gcc/10.3-2021.07/gcc/bin/../lib/gcc/arm-none-eabi/10.3.1/../../../../arm-none-eabi/lib/thumb/v7e-m+fp/hard/libg.a(lib_a-atexit.o)
                              /opt/homebrew/Cellar/arm-none-eabi-gcc/10.3-2021.07/gcc/bin/../lib/gcc/arm-none-eabi/10.3.1/../../../../arm-none-eabi/lib/thumb/v7e-m+fp/hard/libg.a(lib_a-__call_atexit.o) (atexit)
[...]
Memory Configuration

Name             Origin             Length             Attributes
CCMRAM           0x0000000010000000 0x0000000000010000 xrw
RAM              0x0000000020000000 0x0000000000020000 xrw
FLASH            0x0000000008000000 0x0000000000100000 xr
*default*        0x0000000000000000 0xffffffffffffffff

Linker script and memory map

LOAD /opt/homebrew/Cellar/arm-none-eabi-gcc/10.3-2021.07/gcc/bin/../lib/gcc/arm-none-eabi/10.3.1/thumb/v7e-m+fp/hard/crti.o
LOAD /opt/homebrew/Cellar/arm-none-eabi-gcc/10.3-2021.07/gcc/bin/../lib/gcc/arm-none-eabi/10.3.1/thumb/v7e-m+fp/hard/crtbegin.o
LOAD /opt/homebrew/Cellar/arm-none-eabi-gcc/10.3-2021.07/gcc/bin/../lib/gcc/arm-none-eabi/10.3.1/../../../../arm-none-eabi/lib/thumb/v7e-m+fp/hard/crt0.o
LOAD CMakeFiles/my_fc_fw.elf.dir/Core/Src/BMI088Middleware.c.obj
LOAD CMakeFiles/my_fc_fw.elf.dir/Core/Src/BMI088driver.c.obj
LOAD CMakeFiles/my_fc_fw.elf.dir/Core/Src/freertos.c.obj
LOAD CMakeFiles/my_fc_fw.elf.dir/Core/Src/lang_item.c.obj
LOAD CMakeFiles/my_fc_fw.elf.dir/Core/Src/main.c.obj
LOAD CMakeFiles/my_fc_fw.elf.dir/Core/Src/stm32f4xx_hal_msp.c.obj
LOAD CMakeFiles/my_fc_fw.elf.dir/Core/Src/stm32f4xx_hal_timebase_tim.c.obj
LOAD CMakeFiles/my_fc_fw.elf.dir/Core/Src/stm32f4xx_it.c.obj
LOAD CMakeFiles/my_fc_fw.elf.dir/Core/Src/syscalls.c.obj
LOAD CMakeFiles/my_fc_fw.elf.dir/Core/Src/sysmem.c.obj
LOAD CMakeFiles/my_fc_fw.elf.dir/Core/Src/system_stm32f4xx.c.obj
LOAD CMakeFiles/my_fc_fw.elf.dir/Core/Startup/startup_stm32f407ighx.s.obj
LOAD CMakeFiles/my_fc_fw.elf.dir/Drivers/STM32F4xx_HAL_Driver/Src/stm32f4xx_hal.c.obj
LOAD CMakeFiles/my_fc_fw.elf.dir/Drivers/STM32F4xx_HAL_Driver/Src/stm32f4xx_hal_cortex.c.obj
LOAD CMakeFiles/my_fc_fw.elf.dir/Drivers/STM32F4xx_HAL_Driver/Src/stm32f4xx_hal_dma.c.obj
LOAD CMakeFiles/my_fc_fw.elf.dir/Drivers/STM32F4xx_HAL_Driver/Src/stm32f4xx_hal_dma_ex.c.obj
LOAD CMakeFiles/my_fc_fw.elf.dir/Drivers/STM32F4xx_HAL_Driver/Src/stm32f4xx_hal_exti.c.obj
LOAD CMakeFiles/my_fc_fw.elf.dir/Drivers/STM32F4xx_HAL_Driver/Src/stm32f4xx_hal_flash.c.obj
LOAD CMakeFiles/my_fc_fw.elf.dir/Drivers/STM32F4xx_HAL_Driver/Src/stm32f4xx_hal_flash_ex.c.obj
LOAD CMakeFiles/my_fc_fw.elf.dir/Drivers/STM32F4xx_HAL_Driver/Src/stm32f4xx_hal_flash_ramfunc.c.obj
LOAD CMakeFiles/my_fc_fw.elf.dir/Drivers/STM32F4xx_HAL_Driver/Src/stm32f4xx_hal_gpio.c.obj
LOAD CMakeFiles/my_fc_fw.elf.dir/Drivers/STM32F4xx_HAL_Driver/Src/stm32f4xx_hal_pwr.c.obj
LOAD CMakeFiles/my_fc_fw.elf.dir/Drivers/STM32F4xx_HAL_Driver/Src/stm32f4xx_hal_pwr_ex.c.obj
LOAD CMakeFiles/my_fc_fw.elf.dir/Drivers/STM32F4xx_HAL_Driver/Src/stm32f4xx_hal_rcc.c.obj
LOAD CMakeFiles/my_fc_fw.elf.dir/Drivers/STM32F4xx_HAL_Driver/Src/stm32f4xx_hal_rcc_ex.c.obj
LOAD CMakeFiles/my_fc_fw.elf.dir/Drivers/STM32F4xx_HAL_Driver/Src/stm32f4xx_hal_spi.c.obj
LOAD CMakeFiles/my_fc_fw.elf.dir/Drivers/STM32F4xx_HAL_Driver/Src/stm32f4xx_hal_tim.c.obj
LOAD CMakeFiles/my_fc_fw.elf.dir/Drivers/STM32F4xx_HAL_Driver/Src/stm32f4xx_hal_tim_ex.c.obj
LOAD CMakeFiles/my_fc_fw.elf.dir/Drivers/STM32F4xx_HAL_Driver/Src/stm32f4xx_hal_uart.c.obj
LOAD CMakeFiles/my_fc_fw.elf.dir/Middlewares/Third_Party/FreeRTOS/Source/CMSIS_RTOS/cmsis_os.c.obj
LOAD CMakeFiles/my_fc_fw.elf.dir/Middlewares/Third_Party/FreeRTOS/Source/croutine.c.obj
LOAD CMakeFiles/my_fc_fw.elf.dir/Middlewares/Third_Party/FreeRTOS/Source/event_groups.c.obj
LOAD CMakeFiles/my_fc_fw.elf.dir/Middlewares/Third_Party/FreeRTOS/Source/list.c.obj
LOAD CMakeFiles/my_fc_fw.elf.dir/Middlewares/Third_Party/FreeRTOS/Source/portable/GCC/ARM_CM4F/port.c.obj
LOAD CMakeFiles/my_fc_fw.elf.dir/Middlewares/Third_Party/FreeRTOS/Source/portable/MemMang/heap_4.c.obj
LOAD CMakeFiles/my_fc_fw.elf.dir/Middlewares/Third_Party/FreeRTOS/Source/queue.c.obj
LOAD CMakeFiles/my_fc_fw.elf.dir/Middlewares/Third_Party/FreeRTOS/Source/stream_buffer.c.obj
LOAD CMakeFiles/my_fc_fw.elf.dir/Middlewares/Third_Party/FreeRTOS/Source/tasks.c.obj
LOAD CMakeFiles/my_fc_fw.elf.dir/Middlewares/Third_Party/FreeRTOS/Source/timers.c.obj
START GROUP
LOAD /opt/homebrew/Cellar/arm-none-eabi-gcc/10.3-2021.07/gcc/bin/../lib/gcc/arm-none-eabi/10.3.1/thumb/v7e-m+fp/hard/libgcc.a
LOAD /opt/homebrew/Cellar/arm-none-eabi-gcc/10.3-2021.07/gcc/bin/../lib/gcc/arm-none-eabi/10.3.1/../../../../arm-none-eabi/lib/thumb/v7e-m+fp/hard/libg.a
LOAD /opt/homebrew/Cellar/arm-none-eabi-gcc/10.3-2021.07/gcc/bin/../lib/gcc/arm-none-eabi/10.3.1/../../../../arm-none-eabi/lib/thumb/v7e-m+fp/hard/libc.a
END GROUP
LOAD /opt/homebrew/Cellar/arm-none-eabi-gcc/10.3-2021.07/gcc/bin/../lib/gcc/arm-none-eabi/10.3.1/thumb/v7e-m+fp/hard/crtend.o
LOAD /opt/homebrew/Cellar/arm-none-eabi-gcc/10.3-2021.07/gcc/bin/../lib/gcc/arm-none-eabi/10.3.1/thumb/v7e-m+fp/hard/crtn.o
                0x0000000020020000                _estack = (ORIGIN (RAM) + LENGTH (RAM))
                0x0000000000000200                _Min_Heap_Size = 0x200
                0x0000000000000400                _Min_Stack_Size = 0x400

.isr_vector     0x0000000008000000      0x188
                0x0000000008000000                . = ALIGN (0x4)
 *(.isr_vector)
 .isr_vector    0x0000000008000000      0x188 CMakeFiles/my_fc_fw.elf.dir/Core/Startup/startup_stm32f407ighx.s.obj
                0x0000000008000000                g_pfnVectors
                0x0000000008000188                . = ALIGN (0x4)

.text           0x00000000080001c0     0xa328
                0x00000000080001c0                . = ALIGN (0x4)
 *(.text)
 .text          0x00000000080001c0       0x40 /opt/homebrew/Cellar/arm-none-eabi-gcc/10.3-2021.07/gcc/bin/../lib/gcc/arm-none-eabi/10.3.1/thumb/v7e-m+fp/hard/crtbegin.o
 .text          0x0000000008000200      0x378 /opt/homebrew/Cellar/arm-none-eabi-gcc/10.3-2021.07/gcc/bin/../lib/gcc/arm-none-eabi/10.3.1/thumb/v7e-m+fp/hard/libgcc.a(_arm_addsubdf3.o)
                0x0000000008000200                __aeabi_drsub
                0x0000000008000208                __subdf3
                0x0000000008000208                __aeabi_dsub
                0x000000000800020c                __aeabi_dadd
                0x000000000800020c                __adddf3
                0x0000000008000484                __aeabi_ui2d
                0x0000000008000484                __floatunsidf
                0x00000000080004a4                __floatsidf
                0x00000000080004a4                __aeabi_i2d
                0x00000000080004c8                __extendsfdf2
                0x00000000080004c8                __aeabi_f2d
                0x000000000800050c                __aeabi_ul2d
                0x000000000800050c                __floatundidf
                0x000000000800051c                __aeabi_l2d
                0x000000000800051c                __floatdidf
 .text          0x0000000008000578       0x30 /opt/homebrew/Cellar/arm-none-eabi-gcc/10.3-2021.07/gcc/bin/../lib/gcc/arm-none-eabi/10.3.1/thumb/v7e-m+fp/hard/libgcc.a(_aeabi_uldivmod.o)
                0x0000000008000578                __aeabi_uldivmod
 .text          0x00000000080005a8      0x2d0 /opt/homebrew/Cellar/arm-none-eabi-gcc/10.3-2021.07/gcc/bin/../lib/gcc/arm-none-eabi/10.3.1/thumb/v7e-m+fp/hard/libgcc.a(_udivmoddi4.o)
                0x00000000080005a8                __udivmoddi4
 .text          0x0000000008000878        0x4 /opt/homebrew/Cellar/arm-none-eabi-gcc/10.3-2021.07/gcc/bin/../lib/gcc/arm-none-eabi/10.3.1/thumb/v7e-m+fp/hard/libgcc.a(_dvmd_tls.o)
                0x0000000008000878                __aeabi_ldiv0
                0x0000000008000878                __aeabi_idiv0
 .text          0x000000000800087c      0x134 /opt/homebrew/Cellar/arm-none-eabi-gcc/10.3-2021.07/gcc/bin/../lib/gcc/arm-none-eabi/10.3.1/../../../../arm-none-eabi/lib/thumb/v7e-m+fp/hard/libg.a(lib_a-memcpy.o)
                0x000000000800087c                memcpy
 .text          0x00000000080009b0       0xa0 /opt/homebrew/Cellar/arm-none-eabi-gcc/10.3-2021.07/gcc/bin/../lib/gcc/arm-none-eabi/10.3.1/../../../../arm-none-eabi/lib/thumb/v7e-m+fp/hard/libg.a(lib_a-memchr.o)
                0x00000000080009b0                memchr
 *fill*         0x0000000008000a50       0x30 
 .text          0x0000000008000a80       0xdc /opt/homebrew/Cellar/arm-none-eabi-gcc/10.3-2021.07/gcc/bin/../lib/gcc/arm-none-eabi/10.3.1/../../../../arm-none-eabi/lib/thumb/v7e-m+fp/hard/libg.a(lib_a-strlen.o)
                0x0000000008000a80                strlen
 .text          0x0000000008000b5c      0x424 /opt/homebrew/Cellar/arm-none-eabi-gcc/10.3-2021.07/gcc/bin/../lib/gcc/arm-none-eabi/10.3.1/thumb/v7e-m+fp/hard/libgcc.a(_arm_muldivdf3.o)
                0x0000000008000b5c                __aeabi_dmul
                0x0000000008000b5c                __muldf3
                0x0000000008000db0                __aeabi_ddiv
                0x0000000008000db0                __divdf3
 .text          0x0000000008000f80      0x110 /opt/homebrew/Cellar/arm-none-eabi-gcc/10.3-2021.07/gcc/bin/../lib/gcc/arm-none-eabi/10.3.1/thumb/v7e-m+fp/hard/libgcc.a(_arm_cmpdf2.o)
                0x0000000008000f80                __gedf2
                0x0000000008000f80                __gtdf2
                0x0000000008000f88                __ledf2
                0x0000000008000f88                __ltdf2
                0x0000000008000f90                __cmpdf2
                0x0000000008000f90                __eqdf2
                0x0000000008000f90                __nedf2
                0x000000000800100c                __aeabi_cdrcmple
                0x000000000800101c                __aeabi_cdcmple
                0x000000000800101c                __aeabi_cdcmpeq
                0x000000000800102c                __aeabi_dcmpeq
                0x0000000008001040                __aeabi_dcmplt
                0x0000000008001054                __aeabi_dcmple
                0x0000000008001068                __aeabi_dcmpge
                0x000000000800107c                __aeabi_dcmpgt
 .text          0x0000000008001090       0x2c /opt/homebrew/Cellar/arm-none-eabi-gcc/10.3-2021.07/gcc/bin/../lib/gcc/arm-none-eabi/10.3.1/thumb/v7e-m+fp/hard/libgcc.a(_arm_unorddf2.o)
                0x0000000008001090                __aeabi_dcmpun
                0x0000000008001090                __unorddf2
 .text          0x00000000080010bc       0x50 /opt/homebrew/Cellar/arm-none-eabi-gcc/10.3-2021.07/gcc/bin/../lib/gcc/arm-none-eabi/10.3.1/thumb/v7e-m+fp/hard/libgcc.a(_arm_fixdfsi.o)
                0x00000000080010bc                __fixdfsi
                0x00000000080010bc                __aeabi_d2iz
 *(.text*)
 .text.BMI088_GPIO_init
                0x000000000800110c        0x2 CMakeFiles/my_fc_fw.elf.dir/Core/Src/BMI088Middleware.c.obj
                0x000000000800110c                BMI088_GPIO_init
 .text.BMI088_com_init
                0x000000000800110e        0x2 CMakeFiles/my_fc_fw.elf.dir/Core/Src/BMI088Middleware.c.obj
                0x000000000800110e                BMI088_com_init
 .text.BMI088_delay_us
                0x0000000008001110       0x3a CMakeFiles/my_fc_fw.elf.dir/Core/Src/BMI088Middleware.c.obj
                0x0000000008001110                BMI088_delay_us
 .text.BMI088_delay_ms
                0x000000000800114a       0x18 CMakeFiles/my_fc_fw.elf.dir/Core/Src/BMI088Middleware.c.obj
                0x000000000800114a                BMI088_delay_ms
 *fill*         0x0000000008001162        0x2 
 .text.BMI088_ACCEL_NS_L
                0x0000000008001164       0x14 CMakeFiles/my_fc_fw.elf.dir/Core/Src/BMI088Middleware.c.obj
                0x0000000008001164                BMI088_ACCEL_NS_L
 .text.BMI088_ACCEL_NS_H
                0x0000000008001178       0x14 CMakeFiles/my_fc_fw.elf.dir/Core/Src/BMI088Middleware.c.obj
                0x0000000008001178                BMI088_ACCEL_NS_H
 .text.BMI088_GYRO_NS_L
                0x000000000800118c       0x14 CMakeFiles/my_fc_fw.elf.dir/Core/Src/BMI088Middleware.c.obj
                0x000000000800118c                BMI088_GYRO_NS_L
 .text.BMI088_GYRO_NS_H
                0x00000000080011a0       0x14 CMakeFiles/my_fc_fw.elf.dir/Core/Src/BMI088Middleware.c.obj
                0x00000000080011a0                BMI088_GYRO_NS_H
 .text.BMI088_read_write_byte
                0x00000000080011b4       0x2c CMakeFiles/my_fc_fw.elf.dir/Core/Src/BMI088Middleware.c.obj
                0x00000000080011b4                BMI088_read_write_byte
 .text.BMI088_write_single_reg
                0x00000000080011e0       0x10 CMakeFiles/my_fc_fw.elf.dir/Core/Src/BMI088driver.c.obj
 .text.BMI088_read_single_reg
                0x00000000080011f0       0x16 CMakeFiles/my_fc_fw.elf.dir/Core/Src/BMI088driver.c.obj
 .text.BMI088_read_muli_reg
                0x0000000008001206       0x24 CMakeFiles/my_fc_fw.elf.dir/Core/Src/BMI088driver.c.obj
 *fill*         0x000000000800122a        0x2 
 .text.bmi088_accel_init
                0x000000000800122c      0x158 CMakeFiles/my_fc_fw.elf.dir/Core/Src/BMI088driver.c.obj
                0x000000000800122c                bmi088_accel_init
 .text.bmi088_gyro_init
                0x0000000008001384       0xf4 CMakeFiles/my_fc_fw.elf.dir/Core/Src/BMI088driver.c.obj
                0x0000000008001384                bmi088_gyro_init
 .text.BMI088_init
                0x0000000008001478       0x1a CMakeFiles/my_fc_fw.elf.dir/Core/Src/BMI088driver.c.obj
                0x0000000008001478                BMI088_init
 *fill*         0x0000000008001492        0x2 
 .text.BMI088_read
                0x0000000008001494      0x17c CMakeFiles/my_fc_fw.elf.dir/Core/Src/BMI088driver.c.obj
                0x0000000008001494                BMI088_read
 .text.vApplicationGetIdleTaskMemory
                0x0000000008001610       0x18 CMakeFiles/my_fc_fw.elf.dir/Core/Src/freertos.c.obj
                0x0000000008001610                vApplicationGetIdleTaskMemory
 .text.__io_putchar
                0x0000000008001628       0x20 CMakeFiles/my_fc_fw.elf.dir/Core/Src/lang_item.c.obj
                0x0000000008001628                __io_putchar
 .text.MX_GPIO_Init
                0x0000000008001648       0xdc CMakeFiles/my_fc_fw.elf.dir/Core/Src/main.c.obj
 .text.StartDefaultTask
                0x0000000008001724        0xa CMakeFiles/my_fc_fw.elf.dir/Core/Src/main.c.obj
                0x0000000008001724                StartDefaultTask
 .text.debug_output_entry
                0x000000000800172e        0xa CMakeFiles/my_fc_fw.elf.dir/Core/Src/main.c.obj
                0x000000000800172e                debug_output_entry
 .text.bmi088process_entry
                0x0000000008001738       0x58 CMakeFiles/my_fc_fw.elf.dir/Core/Src/main.c.obj
                0x0000000008001738                bmi088process_entry
 .text.HAL_TIM_PeriodElapsedCallback
                0x0000000008001790       0x18 CMakeFiles/my_fc_fw.elf.dir/Core/Src/main.c.obj
                0x0000000008001790                HAL_TIM_PeriodElapsedCallback
 .text.Error_Handler
                0x00000000080017a8        0x4 CMakeFiles/my_fc_fw.elf.dir/Core/Src/main.c.obj
                0x00000000080017a8                Error_Handler
 .text.MX_SPI1_Init
                0x00000000080017ac       0x44 CMakeFiles/my_fc_fw.elf.dir/Core/Src/main.c.obj
 .text.MX_USART1_UART_Init
                0x00000000080017f0       0x34 CMakeFiles/my_fc_fw.elf.dir/Core/Src/main.c.obj
 .text.MX_USART6_UART_Init
                0x0000000008001824       0x34 CMakeFiles/my_fc_fw.elf.dir/Core/Src/main.c.obj
 .text.SystemClock_Config
                0x0000000008001858       0xa8 CMakeFiles/my_fc_fw.elf.dir/Core/Src/main.c.obj
                0x0000000008001858                SystemClock_Config
 .text.main     0x0000000008001900       0xa0 CMakeFiles/my_fc_fw.elf.dir/Core/Src/main.c.obj
                0x0000000008001900                main
 .text.HAL_MspInit
                0x00000000080019a0       0x44 CMakeFiles/my_fc_fw.elf.dir/Core/Src/stm32f4xx_hal_msp.c.obj
                0x00000000080019a0                HAL_MspInit
 .text.HAL_SPI_MspInit
                0x00000000080019e4       0x98 CMakeFiles/my_fc_fw.elf.dir/Core/Src/stm32f4xx_hal_msp.c.obj
                0x00000000080019e4                HAL_SPI_MspInit
 .text.HAL_UART_MspInit
                0x0000000008001a7c      0x104 CMakeFiles/my_fc_fw.elf.dir/Core/Src/stm32f4xx_hal_msp.c.obj
                0x0000000008001a7c                HAL_UART_MspInit
 .text.HAL_InitTick
                0x0000000008001b80       0xa4 CMakeFiles/my_fc_fw.elf.dir/Core/Src/stm32f4xx_hal_timebase_tim.c.obj
                0x0000000008001b80                HAL_InitTick
 .text.NMI_Handler
                0x0000000008001c24        0x2 CMakeFiles/my_fc_fw.elf.dir/Core/Src/stm32f4xx_it.c.obj
                0x0000000008001c24                NMI_Handler
 .text.HardFault_Handler
                0x0000000008001c26        0x2 CMakeFiles/my_fc_fw.elf.dir/Core/Src/stm32f4xx_it.c.obj
                0x0000000008001c26                HardFault_Handler
 .text.MemManage_Handler
                0x0000000008001c28        0x2 CMakeFiles/my_fc_fw.elf.dir/Core/Src/stm32f4xx_it.c.obj
                0x0000000008001c28                MemManage_Handler
 .text.BusFault_Handler
                0x0000000008001c2a        0x2 CMakeFiles/my_fc_fw.elf.dir/Core/Src/stm32f4xx_it.c.obj
                0x0000000008001c2a                BusFault_Handler
 .text.UsageFault_Handler
                0x0000000008001c2c        0x2 CMakeFiles/my_fc_fw.elf.dir/Core/Src/stm32f4xx_it.c.obj
                0x0000000008001c2c                UsageFault_Handler
 .text.DebugMon_Handler
                0x0000000008001c2e        0x2 CMakeFiles/my_fc_fw.elf.dir/Core/Src/stm32f4xx_it.c.obj
                0x0000000008001c2e                DebugMon_Handler
 .text.USART1_IRQHandler
                0x0000000008001c30       0x10 CMakeFiles/my_fc_fw.elf.dir/Core/Src/stm32f4xx_it.c.obj
                0x0000000008001c30                USART1_IRQHandler
 .text.TIM6_DAC_IRQHandler
                0x0000000008001c40       0x10 CMakeFiles/my_fc_fw.elf.dir/Core/Src/stm32f4xx_it.c.obj
                0x0000000008001c40                TIM6_DAC_IRQHandler
 .text._getpid  0x0000000008001c50        0x4 CMakeFiles/my_fc_fw.elf.dir/Core/Src/syscalls.c.obj
                0x0000000008001c50                _getpid
 .text._kill    0x0000000008001c54       0x10 CMakeFiles/my_fc_fw.elf.dir/Core/Src/syscalls.c.obj
                0x0000000008001c54                _kill
 .text._exit    0x0000000008001c64        0xc CMakeFiles/my_fc_fw.elf.dir/Core/Src/syscalls.c.obj
                0x0000000008001c64                _exit
 .text._read    0x0000000008001c70       0x20 CMakeFiles/my_fc_fw.elf.dir/Core/Src/syscalls.c.obj
                0x0000000008001c70                _read
 .text._write   0x0000000008001c90       0x1c CMakeFiles/my_fc_fw.elf.dir/Core/Src/syscalls.c.obj
                0x0000000008001c90                _write
 .text._close   0x0000000008001cac        0x6 CMakeFiles/my_fc_fw.elf.dir/Core/Src/syscalls.c.obj
                0x0000000008001cac                _close
 .text._fstat   0x0000000008001cb2        0xa CMakeFiles/my_fc_fw.elf.dir/Core/Src/syscalls.c.obj
                0x0000000008001cb2                _fstat
 .text._isatty  0x0000000008001cbc        0x4 CMakeFiles/my_fc_fw.elf.dir/Core/Src/syscalls.c.obj
                0x0000000008001cbc                _isatty
 .text._lseek   0x0000000008001cc0        0x4 CMakeFiles/my_fc_fw.elf.dir/Core/Src/syscalls.c.obj
                0x0000000008001cc0                _lseek
 .text._sbrk    0x0000000008001cc4       0x48 CMakeFiles/my_fc_fw.elf.dir/Core/Src/sysmem.c.obj
                0x0000000008001cc4                _sbrk
 .text.SystemInit
                0x0000000008001d0c       0x14 CMakeFiles/my_fc_fw.elf.dir/Core/Src/system_stm32f4xx.c.obj
                0x0000000008001d0c                SystemInit
 .text.Reset_Handler
                0x0000000008001d20       0x50 CMakeFiles/my_fc_fw.elf.dir/Core/Startup/startup_stm32f407ighx.s.obj
                0x0000000008001d20                Reset_Handler
 .text.Default_Handler
                0x0000000008001d70        0x2 CMakeFiles/my_fc_fw.elf.dir/Core/Startup/startup_stm32f407ighx.s.obj
                0x0000000008001d70                DMA1_Stream3_IRQHandler
                0x0000000008001d70                HASH_RNG_IRQHandler
                0x0000000008001d70                EXTI2_IRQHandler
                0x0000000008001d70                TIM8_CC_IRQHandler
                0x0000000008001d70                TIM1_CC_IRQHandler
                0x0000000008001d70                DMA2_Stream5_IRQHandler
                0x0000000008001d70                DMA1_Stream5_IRQHandler
                0x0000000008001d70                PVD_IRQHandler
                0x0000000008001d70                SDIO_IRQHandler
                0x0000000008001d70                TAMP_STAMP_IRQHandler
                0x0000000008001d70                CAN2_RX1_IRQHandler
                0x0000000008001d70                EXTI3_IRQHandler
                0x0000000008001d70                TIM8_TRG_COM_TIM14_IRQHandler
                0x0000000008001d70                TIM1_UP_TIM10_IRQHandler
                0x0000000008001d70                TIM8_UP_TIM13_IRQHandler
                0x0000000008001d70                I2C3_ER_IRQHandler
                0x0000000008001d70                EXTI0_IRQHandler
                0x0000000008001d70                I2C2_EV_IRQHandler
                0x0000000008001d70                DMA1_Stream2_IRQHandler
                0x0000000008001d70                CAN1_RX0_IRQHandler
                0x0000000008001d70                FPU_IRQHandler
                0x0000000008001d70                OTG_HS_WKUP_IRQHandler
                0x0000000008001d70                CAN2_SCE_IRQHandler
                0x0000000008001d70                DMA2_Stream2_IRQHandler
                0x0000000008001d70                SPI1_IRQHandler
                0x0000000008001d70                TIM1_BRK_TIM9_IRQHandler
                0x0000000008001d70                DCMI_IRQHandler
                0x0000000008001d70                CAN2_RX0_IRQHandler
                0x0000000008001d70                DMA2_Stream3_IRQHandler
                0x0000000008001d70                USART6_IRQHandler
                0x0000000008001d70                USART3_IRQHandler
                0x0000000008001d70                CAN1_RX1_IRQHandler
                0x0000000008001d70                UART5_IRQHandler
                0x0000000008001d70                DMA2_Stream0_IRQHandler
                0x0000000008001d70                TIM4_IRQHandler
                0x0000000008001d70                I2C1_EV_IRQHandler
                0x0000000008001d70                DMA1_Stream6_IRQHandler
                0x0000000008001d70                DMA1_Stream1_IRQHandler
                0x0000000008001d70                UART4_IRQHandler
                0x0000000008001d70                TIM3_IRQHandler
                0x0000000008001d70                RCC_IRQHandler
                0x0000000008001d70                TIM8_BRK_TIM12_IRQHandler
                0x0000000008001d70                Default_Handler
                0x0000000008001d70                EXTI15_10_IRQHandler
                0x0000000008001d70                ADC_IRQHandler
                0x0000000008001d70                DMA1_Stream7_IRQHandler
                0x0000000008001d70                TIM7_IRQHandler
                0x0000000008001d70                CAN2_TX_IRQHandler
                0x0000000008001d70                TIM5_IRQHandler
                0x0000000008001d70                DMA2_Stream7_IRQHandler
                0x0000000008001d70                I2C3_EV_IRQHandler
                0x0000000008001d70                EXTI9_5_IRQHandler
                0x0000000008001d70                RTC_WKUP_IRQHandler
                0x0000000008001d70                ETH_WKUP_IRQHandler
                0x0000000008001d70                SPI2_IRQHandler
                0x0000000008001d70                OTG_HS_EP1_IN_IRQHandler
                0x0000000008001d70                DMA1_Stream0_IRQHandler
                0x0000000008001d70                CAN1_TX_IRQHandler
                0x0000000008001d70                EXTI4_IRQHandler
                0x0000000008001d70                FSMC_IRQHandler
                0x0000000008001d70                ETH_IRQHandler
                0x0000000008001d70                OTG_HS_EP1_OUT_IRQHandler
                0x0000000008001d70                WWDG_IRQHandler
                0x0000000008001d70                TIM2_IRQHandler
                0x0000000008001d70                OTG_FS_WKUP_IRQHandler
                0x0000000008001d70                TIM1_TRG_COM_TIM11_IRQHandler
                0x0000000008001d70                OTG_HS_IRQHandler
                0x0000000008001d70                EXTI1_IRQHandler
                0x0000000008001d70                USART2_IRQHandler
                0x0000000008001d70                I2C2_ER_IRQHandler
                0x0000000008001d70                DMA2_Stream1_IRQHandler
                0x0000000008001d70                CAN1_SCE_IRQHandler
                0x0000000008001d70                FLASH_IRQHandler
                0x0000000008001d70                DMA2_Stream4_IRQHandler
                0x0000000008001d70                OTG_FS_IRQHandler
                0x0000000008001d70                SPI3_IRQHandler
                0x0000000008001d70                DMA1_Stream4_IRQHandler
                0x0000000008001d70                I2C1_ER_IRQHandler
                0x0000000008001d70                DMA2_Stream6_IRQHandler
                0x0000000008001d70                RTC_Alarm_IRQHandler
 *fill*         0x0000000008001d72        0x2 
 .text.HAL_Init
                0x0000000008001d74       0x34 CMakeFiles/my_fc_fw.elf.dir/Drivers/STM32F4xx_HAL_Driver/Src/stm32f4xx_hal.c.obj
                0x0000000008001d74                HAL_Init
 .text.HAL_IncTick
                0x0000000008001da8       0x18 CMakeFiles/my_fc_fw.elf.dir/Drivers/STM32F4xx_HAL_Driver/Src/stm32f4xx_hal.c.obj
                0x0000000008001da8                HAL_IncTick
 .text.HAL_GetTick
                0x0000000008001dc0        0xc CMakeFiles/my_fc_fw.elf.dir/Drivers/STM32F4xx_HAL_Driver/Src/stm32f4xx_hal.c.obj
                0x0000000008001dc0                HAL_GetTick
 .text.HAL_NVIC_SetPriorityGrouping
                0x0000000008001dcc       0x24 CMakeFiles/my_fc_fw.elf.dir/Drivers/STM32F4xx_HAL_Driver/Src/stm32f4xx_hal_cortex.c.obj
                0x0000000008001dcc                HAL_NVIC_SetPriorityGrouping
 .text.HAL_NVIC_SetPriority
                0x0000000008001df0       0x70 CMakeFiles/my_fc_fw.elf.dir/Drivers/STM32F4xx_HAL_Driver/Src/stm32f4xx_hal_cortex.c.obj
                0x0000000008001df0                HAL_NVIC_SetPriority
 .text.HAL_NVIC_EnableIRQ
                0x0000000008001e60       0x1c CMakeFiles/my_fc_fw.elf.dir/Drivers/STM32F4xx_HAL_Driver/Src/stm32f4xx_hal_cortex.c.obj
                0x0000000008001e60                HAL_NVIC_EnableIRQ
 .text.HAL_DMA_Abort
                0x0000000008001e7c       0x94 CMakeFiles/my_fc_fw.elf.dir/Drivers/STM32F4xx_HAL_Driver/Src/stm32f4xx_hal_dma.c.obj
                0x0000000008001e7c                HAL_DMA_Abort
 .text.HAL_DMA_Abort_IT
                0x0000000008001f10       0x26 CMakeFiles/my_fc_fw.elf.dir/Drivers/STM32F4xx_HAL_Driver/Src/stm32f4xx_hal_dma.c.obj
                0x0000000008001f10                HAL_DMA_Abort_IT
 *fill*         0x0000000008001f36        0x2 
 .text.HAL_GPIO_Init
                0x0000000008001f38      0x1e4 CMakeFiles/my_fc_fw.elf.dir/Drivers/STM32F4xx_HAL_Driver/Src/stm32f4xx_hal_gpio.c.obj
                0x0000000008001f38                HAL_GPIO_Init
 .text.HAL_GPIO_WritePin
                0x000000000800211c        0xc CMakeFiles/my_fc_fw.elf.dir/Drivers/STM32F4xx_HAL_Driver/Src/stm32f4xx_hal_gpio.c.obj
                0x000000000800211c                HAL_GPIO_WritePin
 .text.HAL_RCC_OscConfig
                0x0000000008002128      0x3f8 CMakeFiles/my_fc_fw.elf.dir/Drivers/STM32F4xx_HAL_Driver/Src/stm32f4xx_hal_rcc.c.obj
                0x0000000008002128                HAL_RCC_OscConfig
 .text.HAL_RCC_GetSysClockFreq
                0x0000000008002520       0xa4 CMakeFiles/my_fc_fw.elf.dir/Drivers/STM32F4xx_HAL_Driver/Src/stm32f4xx_hal_rcc.c.obj
                0x0000000008002520                HAL_RCC_GetSysClockFreq
 .text.HAL_RCC_ClockConfig
                0x00000000080025c4      0x160 CMakeFiles/my_fc_fw.elf.dir/Drivers/STM32F4xx_HAL_Driver/Src/stm32f4xx_hal_rcc.c.obj
                0x00000000080025c4                HAL_RCC_ClockConfig
 .text.HAL_RCC_GetHCLKFreq
                0x0000000008002724        0xc CMakeFiles/my_fc_fw.elf.dir/Drivers/STM32F4xx_HAL_Driver/Src/stm32f4xx_hal_rcc.c.obj
                0x0000000008002724                HAL_RCC_GetHCLKFreq
 .text.HAL_RCC_GetPCLK1Freq
                0x0000000008002730       0x20 CMakeFiles/my_fc_fw.elf.dir/Drivers/STM32F4xx_HAL_Driver/Src/stm32f4xx_hal_rcc.c.obj
                0x0000000008002730                HAL_RCC_GetPCLK1Freq
 .text.HAL_RCC_GetPCLK2Freq
                0x0000000008002750       0x20 CMakeFiles/my_fc_fw.elf.dir/Drivers/STM32F4xx_HAL_Driver/Src/stm32f4xx_hal_rcc.c.obj
                0x0000000008002750                HAL_RCC_GetPCLK2Freq
 .text.HAL_RCC_GetClockConfig
                0x0000000008002770       0x3c CMakeFiles/my_fc_fw.elf.dir/Drivers/STM32F4xx_HAL_Driver/Src/stm32f4xx_hal_rcc.c.obj
                0x0000000008002770                HAL_RCC_GetClockConfig
 .text.SPI_WaitFlagStateUntilTimeout
                0x00000000080027ac       0xd4 CMakeFiles/my_fc_fw.elf.dir/Drivers/STM32F4xx_HAL_Driver/Src/stm32f4xx_hal_spi.c.obj
 .text.SPI_EndRxTxTransaction
                0x0000000008002880       0x68 CMakeFiles/my_fc_fw.elf.dir/Drivers/STM32F4xx_HAL_Driver/Src/stm32f4xx_hal_spi.c.obj
 .text.HAL_SPI_Init
                0x00000000080028e8       0xbe CMakeFiles/my_fc_fw.elf.dir/Drivers/STM32F4xx_HAL_Driver/Src/stm32f4xx_hal_spi.c.obj
                0x00000000080028e8                HAL_SPI_Init
 .text.HAL_SPI_TransmitReceive
                0x00000000080029a6      0x238 CMakeFiles/my_fc_fw.elf.dir/Drivers/STM32F4xx_HAL_Driver/Src/stm32f4xx_hal_spi.c.obj
                0x00000000080029a6                HAL_SPI_TransmitReceive
 .text.HAL_TIM_Base_MspInit
                0x0000000008002bde        0x2 CMakeFiles/my_fc_fw.elf.dir/Drivers/STM32F4xx_HAL_Driver/Src/stm32f4xx_hal_tim.c.obj
                0x0000000008002bde                HAL_TIM_Base_MspInit
 .text.HAL_TIM_Base_Start_IT
                0x0000000008002be0       0x88 CMakeFiles/my_fc_fw.elf.dir/Drivers/STM32F4xx_HAL_Driver/Src/stm32f4xx_hal_tim.c.obj
                0x0000000008002be0                HAL_TIM_Base_Start_IT
 .text.HAL_TIM_OC_DelayElapsedCallback
                0x0000000008002c68        0x2 CMakeFiles/my_fc_fw.elf.dir/Drivers/STM32F4xx_HAL_Driver/Src/stm32f4xx_hal_tim.c.obj
                0x0000000008002c68                HAL_TIM_OC_DelayElapsedCallback
 .text.HAL_TIM_IC_CaptureCallback
                0x0000000008002c6a        0x2 CMakeFiles/my_fc_fw.elf.dir/Drivers/STM32F4xx_HAL_Driver/Src/stm32f4xx_hal_tim.c.obj
                0x0000000008002c6a                HAL_TIM_IC_CaptureCallback
 .text.HAL_TIM_PWM_PulseFinishedCallback
                0x0000000008002c6c        0x2 CMakeFiles/my_fc_fw.elf.dir/Drivers/STM32F4xx_HAL_Driver/Src/stm32f4xx_hal_tim.c.obj
                0x0000000008002c6c                HAL_TIM_PWM_PulseFinishedCallback
 .text.HAL_TIM_TriggerCallback
                0x0000000008002c6e        0x2 CMakeFiles/my_fc_fw.elf.dir/Drivers/STM32F4xx_HAL_Driver/Src/stm32f4xx_hal_tim.c.obj
                0x0000000008002c6e                HAL_TIM_TriggerCallback
 .text.HAL_TIM_IRQHandler
                0x0000000008002c70      0x17a CMakeFiles/my_fc_fw.elf.dir/Drivers/STM32F4xx_HAL_Driver/Src/stm32f4xx_hal_tim.c.obj
                0x0000000008002c70                HAL_TIM_IRQHandler
 *fill*         0x0000000008002dea        0x2 
 .text.TIM_Base_SetConfig
                0x0000000008002dec       0xc8 CMakeFiles/my_fc_fw.elf.dir/Drivers/STM32F4xx_HAL_Driver/Src/stm32f4xx_hal_tim.c.obj
                0x0000000008002dec                TIM_Base_SetConfig
 .text.HAL_TIM_Base_Init
                0x0000000008002eb4       0x58 CMakeFiles/my_fc_fw.elf.dir/Drivers/STM32F4xx_HAL_Driver/Src/stm32f4xx_hal_tim.c.obj
                0x0000000008002eb4                HAL_TIM_Base_Init
 .text.HAL_TIMEx_CommutCallback
                0x0000000008002f0c        0x2 CMakeFiles/my_fc_fw.elf.dir/Drivers/STM32F4xx_HAL_Driver/Src/stm32f4xx_hal_tim_ex.c.obj
                0x0000000008002f0c                HAL_TIMEx_CommutCallback
 .text.HAL_TIMEx_BreakCallback
                0x0000000008002f0e        0x2 CMakeFiles/my_fc_fw.elf.dir/Drivers/STM32F4xx_HAL_Driver/Src/stm32f4xx_hal_tim_ex.c.obj
                0x0000000008002f0e                HAL_TIMEx_BreakCallback
 .text.UART_EndRxTransfer
                0x0000000008002f10       0x5c CMakeFiles/my_fc_fw.elf.dir/Drivers/STM32F4xx_HAL_Driver/Src/stm32f4xx_hal_uart.c.obj
 .text.UART_Transmit_IT
                0x0000000008002f6c       0x60 CMakeFiles/my_fc_fw.elf.dir/Drivers/STM32F4xx_HAL_Driver/Src/stm32f4xx_hal_uart.c.obj
 .text.UART_SetConfig
                0x0000000008002fcc      0x110 CMakeFiles/my_fc_fw.elf.dir/Drivers/STM32F4xx_HAL_Driver/Src/stm32f4xx_hal_uart.c.obj
 .text.UART_WaitOnFlagUntilTimeout
                0x00000000080030dc       0x88 CMakeFiles/my_fc_fw.elf.dir/Drivers/STM32F4xx_HAL_Driver/Src/stm32f4xx_hal_uart.c.obj
 .text.HAL_UART_Init
                0x0000000008003164       0x5e CMakeFiles/my_fc_fw.elf.dir/Drivers/STM32F4xx_HAL_Driver/Src/stm32f4xx_hal_uart.c.obj
                0x0000000008003164                HAL_UART_Init
 .text.HAL_UART_Transmit
                0x00000000080031c2       0xd8 CMakeFiles/my_fc_fw.elf.dir/Drivers/STM32F4xx_HAL_Driver/Src/stm32f4xx_hal_uart.c.obj
                0x00000000080031c2                HAL_UART_Transmit
 .text.HAL_UART_TxCpltCallback
                0x000000000800329a        0x2 CMakeFiles/my_fc_fw.elf.dir/Drivers/STM32F4xx_HAL_Driver/Src/stm32f4xx_hal_uart.c.obj
                0x000000000800329a                HAL_UART_TxCpltCallback
 .text.UART_EndTransmit_IT
                0x000000000800329c       0x1a CMakeFiles/my_fc_fw.elf.dir/Drivers/STM32F4xx_HAL_Driver/Src/stm32f4xx_hal_uart.c.obj
 .text.HAL_UART_RxCpltCallback
                0x00000000080032b6        0x2 CMakeFiles/my_fc_fw.elf.dir/Drivers/STM32F4xx_HAL_Driver/Src/stm32f4xx_hal_uart.c.obj
                0x00000000080032b6                HAL_UART_RxCpltCallback
 .text.HAL_UART_ErrorCallback
                0x00000000080032b8        0x2 CMakeFiles/my_fc_fw.elf.dir/Drivers/STM32F4xx_HAL_Driver/Src/stm32f4xx_hal_uart.c.obj
                0x00000000080032b8                HAL_UART_ErrorCallback
 .text.UART_DMAAbortOnError
                0x00000000080032ba       0x10 CMakeFiles/my_fc_fw.elf.dir/Drivers/STM32F4xx_HAL_Driver/Src/stm32f4xx_hal_uart.c.obj
 .text.HAL_UARTEx_RxEventCallback
                0x00000000080032ca        0x2 CMakeFiles/my_fc_fw.elf.dir/Drivers/STM32F4xx_HAL_Driver/Src/stm32f4xx_hal_uart.c.obj
                0x00000000080032ca                HAL_UARTEx_RxEventCallback
 .text.UART_Receive_IT
                0x00000000080032cc       0xe2 CMakeFiles/my_fc_fw.elf.dir/Drivers/STM32F4xx_HAL_Driver/Src/stm32f4xx_hal_uart.c.obj
 *fill*         0x00000000080033ae        0x2 
 .text.HAL_UART_IRQHandler
                0x00000000080033b0      0x280 CMakeFiles/my_fc_fw.elf.dir/Drivers/STM32F4xx_HAL_Driver/Src/stm32f4xx_hal_uart.c.obj
                0x00000000080033b0                HAL_UART_IRQHandler
 .text.makeFreeRtosPriority
                0x0000000008003630        0xc CMakeFiles/my_fc_fw.elf.dir/Middlewares/Third_Party/FreeRTOS/Source/CMSIS_RTOS/cmsis_os.c.obj
 .text.osKernelStart
                0x000000000800363c        0xa CMakeFiles/my_fc_fw.elf.dir/Middlewares/Third_Party/FreeRTOS/Source/CMSIS_RTOS/cmsis_os.c.obj
                0x000000000800363c                osKernelStart
 .text.osThreadCreate
                0x0000000008003646       0x6a CMakeFiles/my_fc_fw.elf.dir/Middlewares/Third_Party/FreeRTOS/Source/CMSIS_RTOS/cmsis_os.c.obj
                0x0000000008003646                osThreadCreate
 .text.osDelay  0x00000000080036b0        0xe CMakeFiles/my_fc_fw.elf.dir/Middlewares/Third_Party/FreeRTOS/Source/CMSIS_RTOS/cmsis_os.c.obj
                0x00000000080036b0                osDelay
 .text.vListInitialise
                0x00000000080036be       0x16 CMakeFiles/my_fc_fw.elf.dir/Middlewares/Third_Party/FreeRTOS/Source/list.c.obj
                0x00000000080036be                vListInitialise
 .text.vListInitialiseItem
                0x00000000080036d4        0x6 CMakeFiles/my_fc_fw.elf.dir/Middlewares/Third_Party/FreeRTOS/Source/list.c.obj
                0x00000000080036d4                vListInitialiseItem
 .text.vListInsertEnd
                0x00000000080036da       0x16 CMakeFiles/my_fc_fw.elf.dir/Middlewares/Third_Party/FreeRTOS/Source/list.c.obj
                0x00000000080036da                vListInsertEnd
 .text.vListInsert
                0x00000000080036f0       0x32 CMakeFiles/my_fc_fw.elf.dir/Middlewares/Third_Party/FreeRTOS/Source/list.c.obj
                0x00000000080036f0                vListInsert
 .text.uxListRemove
                0x0000000008003722       0x26 CMakeFiles/my_fc_fw.elf.dir/Middlewares/Third_Party/FreeRTOS/Source/list.c.obj
                0x0000000008003722                uxListRemove
 .text.prvTaskExitError
                0x0000000008003748       0x40 CMakeFiles/my_fc_fw.elf.dir/Middlewares/Third_Party/FreeRTOS/Source/portable/GCC/ARM_CM4F/port.c.obj
 .text.prvPortStartFirstTask
                0x0000000008003788       0x28 CMakeFiles/my_fc_fw.elf.dir/Middlewares/Third_Party/FreeRTOS/Source/portable/GCC/ARM_CM4F/port.c.obj
 .text.vPortEnableVFP
                0x00000000080037b0       0x14 CMakeFiles/my_fc_fw.elf.dir/Middlewares/Third_Party/FreeRTOS/Source/portable/GCC/ARM_CM4F/port.c.obj
 .text.pxPortInitialiseStack
                0x00000000080037c4       0x2c CMakeFiles/my_fc_fw.elf.dir/Middlewares/Third_Party/FreeRTOS/Source/portable/GCC/ARM_CM4F/port.c.obj
                0x00000000080037c4                pxPortInitialiseStack
 .text.SVC_Handler
                0x00000000080037f0       0x24 CMakeFiles/my_fc_fw.elf.dir/Middlewares/Third_Party/FreeRTOS/Source/portable/GCC/ARM_CM4F/port.c.obj
                0x00000000080037f0                SVC_Handler
 .text.vPortEnterCritical
                0x0000000008003814       0x44 CMakeFiles/my_fc_fw.elf.dir/Middlewares/Third_Party/FreeRTOS/Source/portable/GCC/ARM_CM4F/port.c.obj
                0x0000000008003814                vPortEnterCritical
 .text.vPortExitCritical
                0x0000000008003858       0x2c CMakeFiles/my_fc_fw.elf.dir/Middlewares/Third_Party/FreeRTOS/Source/portable/GCC/ARM_CM4F/port.c.obj
                0x0000000008003858                vPortExitCritical
 *fill*         0x0000000008003884        0xc 
 .text.PendSV_Handler
                0x0000000008003890       0x64 CMakeFiles/my_fc_fw.elf.dir/Middlewares/Third_Party/FreeRTOS/Source/portable/GCC/ARM_CM4F/port.c.obj
                0x0000000008003890                PendSV_Handler
 .text.SysTick_Handler
                0x00000000080038f4       0x2c CMakeFiles/my_fc_fw.elf.dir/Middlewares/Third_Party/FreeRTOS/Source/portable/GCC/ARM_CM4F/port.c.obj
                0x00000000080038f4                SysTick_Handler
 .text.vPortSetupTimerInterrupt
                0x0000000008003920       0x28 CMakeFiles/my_fc_fw.elf.dir/Middlewares/Third_Party/FreeRTOS/Source/portable/GCC/ARM_CM4F/port.c.obj
                0x0000000008003920                vPortSetupTimerInterrupt
 .text.xPortStartScheduler
                0x0000000008003948      0x118 CMakeFiles/my_fc_fw.elf.dir/Middlewares/Third_Party/FreeRTOS/Source/portable/GCC/ARM_CM4F/port.c.obj
                0x0000000008003948                xPortStartScheduler
 .text.prvHeapInit
                0x0000000008003a60       0x64 CMakeFiles/my_fc_fw.elf.dir/Middlewares/Third_Party/FreeRTOS/Source/portable/MemMang/heap_4.c.obj
 .text.prvInsertBlockIntoFreeList
                0x0000000008003ac4       0x64 CMakeFiles/my_fc_fw.elf.dir/Middlewares/Third_Party/FreeRTOS/Source/portable/MemMang/heap_4.c.obj
 .text.pvPortMalloc
                0x0000000008003b28       0xfc CMakeFiles/my_fc_fw.elf.dir/Middlewares/Third_Party/FreeRTOS/Source/portable/MemMang/heap_4.c.obj
                0x0000000008003b28                pvPortMalloc
 .text.vPortFree
                0x0000000008003c24       0x7c CMakeFiles/my_fc_fw.elf.dir/Middlewares/Third_Party/FreeRTOS/Source/portable/MemMang/heap_4.c.obj
                0x0000000008003c24                vPortFree
 .text.prvResetNextTaskUnblockTime
                0x0000000008003ca0       0x2c CMakeFiles/my_fc_fw.elf.dir/Middlewares/Third_Party/FreeRTOS/Source/tasks.c.obj
 .text.prvInitialiseNewTask
                0x0000000008003ccc       0xa2 CMakeFiles/my_fc_fw.elf.dir/Middlewares/Third_Party/FreeRTOS/Source/tasks.c.obj
 *fill*         0x0000000008003d6e        0x2 
 .text.prvInitialiseTaskLists
                0x0000000008003d70       0x68 CMakeFiles/my_fc_fw.elf.dir/Middlewares/Third_Party/FreeRTOS/Source/tasks.c.obj
 .text.prvAddNewTaskToReadyList
                0x0000000008003dd8       0xa8 CMakeFiles/my_fc_fw.elf.dir/Middlewares/Third_Party/FreeRTOS/Source/tasks.c.obj
 .text.prvDeleteTCB
                0x0000000008003e80       0x38 CMakeFiles/my_fc_fw.elf.dir/Middlewares/Third_Party/FreeRTOS/Source/tasks.c.obj
 .text.prvCheckTasksWaitingTermination
                0x0000000008003eb8       0x4c CMakeFiles/my_fc_fw.elf.dir/Middlewares/Third_Party/FreeRTOS/Source/tasks.c.obj
 .text.prvIdleTask
                0x0000000008003f04       0x28 CMakeFiles/my_fc_fw.elf.dir/Middlewares/Third_Party/FreeRTOS/Source/tasks.c.obj
 .text.prvAddCurrentTaskToDelayedList
                0x0000000008003f2c       0x98 CMakeFiles/my_fc_fw.elf.dir/Middlewares/Third_Party/FreeRTOS/Source/tasks.c.obj
 .text.xTaskCreateStatic
                0x0000000008003fc4       0x76 CMakeFiles/my_fc_fw.elf.dir/Middlewares/Third_Party/FreeRTOS/Source/tasks.c.obj
                0x0000000008003fc4                xTaskCreateStatic
 .text.xTaskCreate
                0x000000000800403a       0x68 CMakeFiles/my_fc_fw.elf.dir/Middlewares/Third_Party/FreeRTOS/Source/tasks.c.obj
                0x000000000800403a                xTaskCreate
 *fill*         0x00000000080040a2        0x2 
 .text.vTaskStartScheduler
                0x00000000080040a4       0x74 CMakeFiles/my_fc_fw.elf.dir/Middlewares/Third_Party/FreeRTOS/Source/tasks.c.obj
                0x00000000080040a4                vTaskStartScheduler
 .text.vTaskSuspendAll
                0x0000000008004118       0x10 CMakeFiles/my_fc_fw.elf.dir/Middlewares/Third_Party/FreeRTOS/Source/tasks.c.obj
                0x0000000008004118                vTaskSuspendAll
 .text.xTaskIncrementTick
                0x0000000008004128      0x118 CMakeFiles/my_fc_fw.elf.dir/Middlewares/Third_Party/FreeRTOS/Source/tasks.c.obj
                0x0000000008004128                xTaskIncrementTick
 .text.xTaskResumeAll
                0x0000000008004240       0xf8 CMakeFiles/my_fc_fw.elf.dir/Middlewares/Third_Party/FreeRTOS/Source/tasks.c.obj
                0x0000000008004240                xTaskResumeAll
 .text.vTaskDelay
                0x0000000008004338       0x4c CMakeFiles/my_fc_fw.elf.dir/Middlewares/Third_Party/FreeRTOS/Source/tasks.c.obj
                0x0000000008004338                vTaskDelay
 .text.vTaskSwitchContext
                0x0000000008004384       0x98 CMakeFiles/my_fc_fw.elf.dir/Middlewares/Third_Party/FreeRTOS/Source/tasks.c.obj
                0x0000000008004384                vTaskSwitchContext
 .text.__errno  0x000000000800441c        0xc /opt/homebrew/Cellar/arm-none-eabi-gcc/10.3-2021.07/gcc/bin/../lib/gcc/arm-none-eabi/10.3.1/../../../../arm-none-eabi/lib/thumb/v7e-m+fp/hard/libg.a(lib_a-errno.o)
                0x000000000800441c                __errno
 .text.__libc_init_array
                0x0000000008004428       0x48 /opt/homebrew/Cellar/arm-none-eabi-gcc/10.3-2021.07/gcc/bin/../lib/gcc/arm-none-eabi/10.3.1/../../../../arm-none-eabi/lib/thumb/v7e-m+fp/hard/libg.a(lib_a-init.o)
                0x0000000008004428                __libc_init_array
 .text.memset   0x0000000008004470       0xa4 /opt/homebrew/Cellar/arm-none-eabi-gcc/10.3-2021.07/gcc/bin/../lib/gcc/arm-none-eabi/10.3.1/../../../../arm-none-eabi/lib/thumb/v7e-m+fp/hard/libg.a(lib_a-memset.o)
                0x0000000008004470                memset
 .text.printf   0x0000000008004514       0x28 /opt/homebrew/Cellar/arm-none-eabi-gcc/10.3-2021.07/gcc/bin/../lib/gcc/arm-none-eabi/10.3.1/../../../../arm-none-eabi/lib/thumb/v7e-m+fp/hard/libg.a(lib_a-printf.o)
                0x0000000008004514                printf
 *fill*         0x000000000800453c        0x4 
 .text._vfprintf_r
                0x0000000008004540     0x1b90 /opt/homebrew/Cellar/arm-none-eabi-gcc/10.3-2021.07/gcc/bin/../lib/gcc/arm-none-eabi/10.3.1/../../../../arm-none-eabi/lib/thumb/v7e-m+fp/hard/libg.a(lib_a-vfprintf.o)
                0x0000000008004540                _vfprintf_r
 .text.__sbprintf
                0x00000000080060d0       0x80 /opt/homebrew/Cellar/arm-none-eabi-gcc/10.3-2021.07/gcc/bin/../lib/gcc/arm-none-eabi/10.3.1/../../../../arm-none-eabi/lib/thumb/v7e-m+fp/hard/libg.a(lib_a-vfprintf.o)
 .text.__swsetup_r
                0x0000000008006150       0xd4 /opt/homebrew/Cellar/arm-none-eabi-gcc/10.3-2021.07/gcc/bin/../lib/gcc/arm-none-eabi/10.3.1/../../../../arm-none-eabi/lib/thumb/v7e-m+fp/hard/libg.a(lib_a-wsetup.o)
                0x0000000008006150                __swsetup_r
 .text.startup.register_fini
                0x0000000008006224       0x14 /opt/homebrew/Cellar/arm-none-eabi-gcc/10.3-2021.07/gcc/bin/../lib/gcc/arm-none-eabi/10.3.1/../../../../arm-none-eabi/lib/thumb/v7e-m+fp/hard/libg.a(lib_a-__call_atexit.o)
 .text.atexit   0x0000000008006238        0xc /opt/homebrew/Cellar/arm-none-eabi-gcc/10.3-2021.07/gcc/bin/../lib/gcc/arm-none-eabi/10.3.1/../../../../arm-none-eabi/lib/thumb/v7e-m+fp/hard/libg.a(lib_a-atexit.o)
                0x0000000008006238                atexit
 .text.quorem   0x0000000008006244      0x128 /opt/homebrew/Cellar/arm-none-eabi-gcc/10.3-2021.07/gcc/bin/../lib/gcc/arm-none-eabi/10.3.1/../../../../arm-none-eabi/lib/thumb/v7e-m+fp/hard/libg.a(lib_a-dtoa.o)
 *fill*         0x000000000800636c        0x4 
 .text._dtoa_r  0x0000000008006370      0xf3c /opt/homebrew/Cellar/arm-none-eabi-gcc/10.3-2021.07/gcc/bin/../lib/gcc/arm-none-eabi/10.3.1/../../../../arm-none-eabi/lib/thumb/v7e-m+fp/hard/libg.a(lib_a-dtoa.o)
                0x0000000008006370                _dtoa_r
 .text.__sflush_r
                0x00000000080072ac      0x130 /opt/homebrew/Cellar/arm-none-eabi-gcc/10.3-2021.07/gcc/bin/../lib/gcc/arm-none-eabi/10.3.1/../../../../arm-none-eabi/lib/thumb/v7e-m+fp/hard/libg.a(lib_a-fflush.o)
                0x00000000080072ac                __sflush_r
 .text._fflush_r
                0x00000000080073dc       0x5c /opt/homebrew/Cellar/arm-none-eabi-gcc/10.3-2021.07/gcc/bin/../lib/gcc/arm-none-eabi/10.3.1/../../../../arm-none-eabi/lib/thumb/v7e-m+fp/hard/libg.a(lib_a-fflush.o)
                0x00000000080073dc                _fflush_r
 .text._cleanup_r
                0x0000000008007438        0xc /opt/homebrew/Cellar/arm-none-eabi-gcc/10.3-2021.07/gcc/bin/../lib/gcc/arm-none-eabi/10.3.1/../../../../arm-none-eabi/lib/thumb/v7e-m+fp/hard/libg.a(lib_a-findfp.o)
                0x0000000008007438                _cleanup_r
 .text.__sinit  0x0000000008007444      0x10c /opt/homebrew/Cellar/arm-none-eabi-gcc/10.3-2021.07/gcc/bin/../lib/gcc/arm-none-eabi/10.3.1/../../../../arm-none-eabi/lib/thumb/v7e-m+fp/hard/libg.a(lib_a-findfp.o)
                0x0000000008007444                __sinit
 .text.__sfp_lock_acquire
                0x0000000008007550        0xc /opt/homebrew/Cellar/arm-none-eabi-gcc/10.3-2021.07/gcc/bin/../lib/gcc/arm-none-eabi/10.3.1/../../../../arm-none-eabi/lib/thumb/v7e-m+fp/hard/libg.a(lib_a-findfp.o)
                0x0000000008007550                __sfp_lock_acquire
 .text.__sfp_lock_release
                0x000000000800755c        0xc /opt/homebrew/Cellar/arm-none-eabi-gcc/10.3-2021.07/gcc/bin/../lib/gcc/arm-none-eabi/10.3.1/../../../../arm-none-eabi/lib/thumb/v7e-m+fp/hard/libg.a(lib_a-findfp.o)
                0x000000000800755c                __sfp_lock_release
 .text.__libc_fini_array
                0x0000000008007568       0x2c /opt/homebrew/Cellar/arm-none-eabi-gcc/10.3-2021.07/gcc/bin/../lib/gcc/arm-none-eabi/10.3.1/../../../../arm-none-eabi/lib/thumb/v7e-m+fp/hard/libg.a(lib_a-fini.o)
                0x0000000008007568                __libc_fini_array
 .text._malloc_trim_r
                0x0000000008007594       0xa0 /opt/homebrew/Cellar/arm-none-eabi-gcc/10.3-2021.07/gcc/bin/../lib/gcc/arm-none-eabi/10.3.1/../../../../arm-none-eabi/lib/thumb/v7e-m+fp/hard/libg.a(lib_a-freer.o)
                0x0000000008007594                _malloc_trim_r
 .text._free_r  0x0000000008007634      0x20c /opt/homebrew/Cellar/arm-none-eabi-gcc/10.3-2021.07/gcc/bin/../lib/gcc/arm-none-eabi/10.3.1/../../../../arm-none-eabi/lib/thumb/v7e-m+fp/hard/libg.a(lib_a-freer.o)
                0x0000000008007634                _free_r
 .text._fwalk_reent
                0x0000000008007840       0x48 /opt/homebrew/Cellar/arm-none-eabi-gcc/10.3-2021.07/gcc/bin/../lib/gcc/arm-none-eabi/10.3.1/../../../../arm-none-eabi/lib/thumb/v7e-m+fp/hard/libg.a(lib_a-fwalk.o)
                0x0000000008007840                _fwalk_reent
 .text._localeconv_r
                0x0000000008007888        0x8 /opt/homebrew/Cellar/arm-none-eabi-gcc/10.3-2021.07/gcc/bin/../lib/gcc/arm-none-eabi/10.3.1/../../../../arm-none-eabi/lib/thumb/v7e-m+fp/hard/libg.a(lib_a-localeconv.o)
                0x0000000008007888                _localeconv_r
 .text.__retarget_lock_init_recursive
                0x0000000008007890        0x4 /opt/homebrew/Cellar/arm-none-eabi-gcc/10.3-2021.07/gcc/bin/../lib/gcc/arm-none-eabi/10.3.1/../../../../arm-none-eabi/lib/thumb/v7e-m+fp/hard/libg.a(lib_a-lock.o)
                0x0000000008007890                __retarget_lock_init_recursive
 .text.__retarget_lock_close_recursive
                0x0000000008007894        0x4 /opt/homebrew/Cellar/arm-none-eabi-gcc/10.3-2021.07/gcc/bin/../lib/gcc/arm-none-eabi/10.3.1/../../../../arm-none-eabi/lib/thumb/v7e-m+fp/hard/libg.a(lib_a-lock.o)
                0x0000000008007894                __retarget_lock_close_recursive
 .text.__retarget_lock_acquire_recursive
                0x0000000008007898        0x4 /opt/homebrew/Cellar/arm-none-eabi-gcc/10.3-2021.07/gcc/bin/../lib/gcc/arm-none-eabi/10.3.1/../../../../arm-none-eabi/lib/thumb/v7e-m+fp/hard/libg.a(lib_a-lock.o)
                0x0000000008007898                __retarget_lock_acquire_recursive
 .text.__retarget_lock_release_recursive
                0x000000000800789c        0x4 /opt/homebrew/Cellar/arm-none-eabi-gcc/10.3-2021.07/gcc/bin/../lib/gcc/arm-none-eabi/10.3.1/../../../../arm-none-eabi/lib/thumb/v7e-m+fp/hard/libg.a(lib_a-lock.o)
                0x000000000800789c                __retarget_lock_release_recursive
 .text.__smakebuf_r
                0x00000000080078a0       0xe0 /opt/homebrew/Cellar/arm-none-eabi-gcc/10.3-2021.07/gcc/bin/../lib/gcc/arm-none-eabi/10.3.1/../../../../arm-none-eabi/lib/thumb/v7e-m+fp/hard/libg.a(lib_a-makebuf.o)
                0x00000000080078a0                __smakebuf_r
 .text._malloc_r
                0x0000000008007980      0x560 /opt/homebrew/Cellar/arm-none-eabi-gcc/10.3-2021.07/gcc/bin/../lib/gcc/arm-none-eabi/10.3.1/../../../../arm-none-eabi/lib/thumb/v7e-m+fp/hard/libg.a(lib_a-mallocr.o)
                0x0000000008007980                _malloc_r
 .text.__malloc_lock
                0x0000000008007ee0        0xc /opt/homebrew/Cellar/arm-none-eabi-gcc/10.3-2021.07/gcc/bin/../lib/gcc/arm-none-eabi/10.3.1/../../../../arm-none-eabi/lib/thumb/v7e-m+fp/hard/libg.a(lib_a-mlock.o)
                0x0000000008007ee0                __malloc_lock
 .text.__malloc_unlock
                0x0000000008007eec        0xc /opt/homebrew/Cellar/arm-none-eabi-gcc/10.3-2021.07/gcc/bin/../lib/gcc/arm-none-eabi/10.3.1/../../../../arm-none-eabi/lib/thumb/v7e-m+fp/hard/libg.a(lib_a-mlock.o)
                0x0000000008007eec                __malloc_unlock
 .text._Balloc  0x0000000008007ef8       0x4c /opt/homebrew/Cellar/arm-none-eabi-gcc/10.3-2021.07/gcc/bin/../lib/gcc/arm-none-eabi/10.3.1/../../../../arm-none-eabi/lib/thumb/v7e-m+fp/hard/libg.a(lib_a-mprec.o)
                0x0000000008007ef8                _Balloc
 .text._Bfree   0x0000000008007f44       0x14 /opt/homebrew/Cellar/arm-none-eabi-gcc/10.3-2021.07/gcc/bin/../lib/gcc/arm-none-eabi/10.3.1/../../../../arm-none-eabi/lib/thumb/v7e-m+fp/hard/libg.a(lib_a-mprec.o)
                0x0000000008007f44                _Bfree
 .text.__multadd
                0x0000000008007f58       0xa8 /opt/homebrew/Cellar/arm-none-eabi-gcc/10.3-2021.07/gcc/bin/../lib/gcc/arm-none-eabi/10.3.1/../../../../arm-none-eabi/lib/thumb/v7e-m+fp/hard/libg.a(lib_a-mprec.o)
                0x0000000008007f58                __multadd
 .text.__hi0bits
                0x0000000008008000       0x40 /opt/homebrew/Cellar/arm-none-eabi-gcc/10.3-2021.07/gcc/bin/../lib/gcc/arm-none-eabi/10.3.1/../../../../arm-none-eabi/lib/thumb/v7e-m+fp/hard/libg.a(lib_a-mprec.o)
                0x0000000008008000                __hi0bits
 .text.__lo0bits
                0x0000000008008040       0x60 /opt/homebrew/Cellar/arm-none-eabi-gcc/10.3-2021.07/gcc/bin/../lib/gcc/arm-none-eabi/10.3.1/../../../../arm-none-eabi/lib/thumb/v7e-m+fp/hard/libg.a(lib_a-mprec.o)
                0x0000000008008040                __lo0bits
 .text.__i2b    0x00000000080080a0       0x5c /opt/homebrew/Cellar/arm-none-eabi-gcc/10.3-2021.07/gcc/bin/../lib/gcc/arm-none-eabi/10.3.1/../../../../arm-none-eabi/lib/thumb/v7e-m+fp/hard/libg.a(lib_a-mprec.o)
                0x00000000080080a0                __i2b
 .text.__multiply
                0x00000000080080fc      0x15c /opt/homebrew/Cellar/arm-none-eabi-gcc/10.3-2021.07/gcc/bin/../lib/gcc/arm-none-eabi/10.3.1/../../../../arm-none-eabi/lib/thumb/v7e-m+fp/hard/libg.a(lib_a-mprec.o)
                0x00000000080080fc                __multiply
 .text.__pow5mult
                0x0000000008008258       0xc0 /opt/homebrew/Cellar/arm-none-eabi-gcc/10.3-2021.07/gcc/bin/../lib/gcc/arm-none-eabi/10.3.1/../../../../arm-none-eabi/lib/thumb/v7e-m+fp/hard/libg.a(lib_a-mprec.o)
                0x0000000008008258                __pow5mult
 .text.__lshift
                0x0000000008008318       0xf0 /opt/homebrew/Cellar/arm-none-eabi-gcc/10.3-2021.07/gcc/bin/../lib/gcc/arm-none-eabi/10.3.1/../../../../arm-none-eabi/lib/thumb/v7e-m+fp/hard/libg.a(lib_a-mprec.o)
                0x0000000008008318                __lshift
 .text.__mcmp   0x0000000008008408       0x44 /opt/homebrew/Cellar/arm-none-eabi-gcc/10.3-2021.07/gcc/bin/../lib/gcc/arm-none-eabi/10.3.1/../../../../arm-none-eabi/lib/thumb/v7e-m+fp/hard/libg.a(lib_a-mprec.o)
                0x0000000008008408                __mcmp
 .text.__mdiff  0x000000000800844c      0x14c /opt/homebrew/Cellar/arm-none-eabi-gcc/10.3-2021.07/gcc/bin/../lib/gcc/arm-none-eabi/10.3.1/../../../../arm-none-eabi/lib/thumb/v7e-m+fp/hard/libg.a(lib_a-mprec.o)
                0x000000000800844c                __mdiff
 .text.__d2b    0x0000000008008598       0xd0 /opt/homebrew/Cellar/arm-none-eabi-gcc/10.3-2021.07/gcc/bin/../lib/gcc/arm-none-eabi/10.3.1/../../../../arm-none-eabi/lib/thumb/v7e-m+fp/hard/libg.a(lib_a-mprec.o)
                0x0000000008008598                __d2b
 .text.frexp    0x0000000008008668       0x6c /opt/homebrew/Cellar/arm-none-eabi-gcc/10.3-2021.07/gcc/bin/../lib/gcc/arm-none-eabi/10.3.1/../../../../arm-none-eabi/lib/thumb/v7e-m+fp/hard/libg.a(lib_a-s_frexp.o)
                0x0000000008008668                frexp
 .text._sbrk_r  0x00000000080086d4       0x24 /opt/homebrew/Cellar/arm-none-eabi-gcc/10.3-2021.07/gcc/bin/../lib/gcc/arm-none-eabi/10.3.1/../../../../arm-none-eabi/lib/thumb/v7e-m+fp/hard/libg.a(lib_a-sbrkr.o)
                0x00000000080086d4                _sbrk_r
 .text.__sread  0x00000000080086f8       0x24 /opt/homebrew/Cellar/arm-none-eabi-gcc/10.3-2021.07/gcc/bin/../lib/gcc/arm-none-eabi/10.3.1/../../../../arm-none-eabi/lib/thumb/v7e-m+fp/hard/libg.a(lib_a-stdio.o)
                0x00000000080086f8                __sread
 .text.__swrite
                0x000000000800871c       0x40 /opt/homebrew/Cellar/arm-none-eabi-gcc/10.3-2021.07/gcc/bin/../lib/gcc/arm-none-eabi/10.3.1/../../../../arm-none-eabi/lib/thumb/v7e-m+fp/hard/libg.a(lib_a-stdio.o)
                0x000000000800871c                __swrite
 .text.__sseek  0x000000000800875c       0x20 /opt/homebrew/Cellar/arm-none-eabi-gcc/10.3-2021.07/gcc/bin/../lib/gcc/arm-none-eabi/10.3.1/../../../../arm-none-eabi/lib/thumb/v7e-m+fp/hard/libg.a(lib_a-stdio.o)
                0x000000000800875c                __sseek
 .text.__sclose
                0x000000000800877c        0x8 /opt/homebrew/Cellar/arm-none-eabi-gcc/10.3-2021.07/gcc/bin/../lib/gcc/arm-none-eabi/10.3.1/../../../../arm-none-eabi/lib/thumb/v7e-m+fp/hard/libg.a(lib_a-stdio.o)
                0x000000000800877c                __sclose
 .text.strncpy  0x0000000008008784       0x64 /opt/homebrew/Cellar/arm-none-eabi-gcc/10.3-2021.07/gcc/bin/../lib/gcc/arm-none-eabi/10.3.1/../../../../arm-none-eabi/lib/thumb/v7e-m+fp/hard/libg.a(lib_a-strncpy.o)
                0x0000000008008784                strncpy
 .text.__sprint_r.part.0
                0x00000000080087e8       0x78 /opt/homebrew/Cellar/arm-none-eabi-gcc/10.3-2021.07/gcc/bin/../lib/gcc/arm-none-eabi/10.3.1/../../../../arm-none-eabi/lib/thumb/v7e-m+fp/hard/libg.a(lib_a-vfiprintf.o)
 .text.__sprint_r
                0x0000000008008860       0x18 /opt/homebrew/Cellar/arm-none-eabi-gcc/10.3-2021.07/gcc/bin/../lib/gcc/arm-none-eabi/10.3.1/../../../../arm-none-eabi/lib/thumb/v7e-m+fp/hard/libg.a(lib_a-vfiprintf.o)
                0x0000000008008860                __sprint_r
 .text._vfiprintf_r
                0x0000000008008878      0xdfc /opt/homebrew/Cellar/arm-none-eabi-gcc/10.3-2021.07/gcc/bin/../lib/gcc/arm-none-eabi/10.3.1/../../../../arm-none-eabi/lib/thumb/v7e-m+fp/hard/libg.a(lib_a-vfiprintf.o)
                0x0000000008008878                _vfiprintf_r
 .text.__sbprintf
                0x0000000008009674       0x80 /opt/homebrew/Cellar/arm-none-eabi-gcc/10.3-2021.07/gcc/bin/../lib/gcc/arm-none-eabi/10.3.1/../../../../arm-none-eabi/lib/thumb/v7e-m+fp/hard/libg.a(lib_a-vfiprintf.o)
 .text._write_r
                0x00000000080096f4       0x2c /opt/homebrew/Cellar/arm-none-eabi-gcc/10.3-2021.07/gcc/bin/../lib/gcc/arm-none-eabi/10.3.1/../../../../arm-none-eabi/lib/thumb/v7e-m+fp/hard/libg.a(lib_a-writer.o)
                0x00000000080096f4                _write_r
 .text.__register_exitproc
                0x0000000008009720       0x8c /opt/homebrew/Cellar/arm-none-eabi-gcc/10.3-2021.07/gcc/bin/../lib/gcc/arm-none-eabi/10.3.1/../../../../arm-none-eabi/lib/thumb/v7e-m+fp/hard/libg.a(lib_a-__atexit.o)
                0x0000000008009720                __register_exitproc
 .text.__assert_func
                0x00000000080097ac       0x40 /opt/homebrew/Cellar/arm-none-eabi-gcc/10.3-2021.07/gcc/bin/../lib/gcc/arm-none-eabi/10.3.1/../../../../arm-none-eabi/lib/thumb/v7e-m+fp/hard/libg.a(lib_a-assert.o)
                0x00000000080097ac                __assert_func
 .text._calloc_r
                0x00000000080097ec       0x78 /opt/homebrew/Cellar/arm-none-eabi-gcc/10.3-2021.07/gcc/bin/../lib/gcc/arm-none-eabi/10.3.1/../../../../arm-none-eabi/lib/thumb/v7e-m+fp/hard/libg.a(lib_a-callocr.o)
                0x00000000080097ec                _calloc_r
 .text._close_r
                0x0000000008009864       0x24 /opt/homebrew/Cellar/arm-none-eabi-gcc/10.3-2021.07/gcc/bin/../lib/gcc/arm-none-eabi/10.3.1/../../../../arm-none-eabi/lib/thumb/v7e-m+fp/hard/libg.a(lib_a-closer.o)
                0x0000000008009864                _close_r
 .text._fclose_r
                0x0000000008009888       0xcc /opt/homebrew/Cellar/arm-none-eabi-gcc/10.3-2021.07/gcc/bin/../lib/gcc/arm-none-eabi/10.3.1/../../../../arm-none-eabi/lib/thumb/v7e-m+fp/hard/libg.a(lib_a-fclose.o)
                0x0000000008009888                _fclose_r
 .text.fiprintf
                0x0000000008009954       0x28 /opt/homebrew/Cellar/arm-none-eabi-gcc/10.3-2021.07/gcc/bin/../lib/gcc/arm-none-eabi/10.3.1/../../../../arm-none-eabi/lib/thumb/v7e-m+fp/hard/libg.a(lib_a-fiprintf.o)
                0x0000000008009954                fiprintf
 .text.__fputwc
                0x000000000800997c       0xa8 /opt/homebrew/Cellar/arm-none-eabi-gcc/10.3-2021.07/gcc/bin/../lib/gcc/arm-none-eabi/10.3.1/../../../../arm-none-eabi/lib/thumb/v7e-m+fp/hard/libg.a(lib_a-fputwc.o)
                0x000000000800997c                __fputwc
 .text._fputwc_r
                0x0000000008009a24       0x68 /opt/homebrew/Cellar/arm-none-eabi-gcc/10.3-2021.07/gcc/bin/../lib/gcc/arm-none-eabi/10.3.1/../../../../arm-none-eabi/lib/thumb/v7e-m+fp/hard/libg.a(lib_a-fputwc.o)
                0x0000000008009a24                _fputwc_r
 .text._fstat_r
                0x0000000008009a8c       0x2c /opt/homebrew/Cellar/arm-none-eabi-gcc/10.3-2021.07/gcc/bin/../lib/gcc/arm-none-eabi/10.3.1/../../../../arm-none-eabi/lib/thumb/v7e-m+fp/hard/libg.a(lib_a-fstatr.o)
                0x0000000008009a8c                _fstat_r
 .text.__sfvwrite_r
                0x0000000008009ab8      0x2f0 /opt/homebrew/Cellar/arm-none-eabi-gcc/10.3-2021.07/gcc/bin/../lib/gcc/arm-none-eabi/10.3.1/../../../../arm-none-eabi/lib/thumb/v7e-m+fp/hard/libg.a(lib_a-fvwrite.o)
                0x0000000008009ab8                __sfvwrite_r
 .text._isatty_r
                0x0000000008009da8       0x24 /opt/homebrew/Cellar/arm-none-eabi-gcc/10.3-2021.07/gcc/bin/../lib/gcc/arm-none-eabi/10.3.1/../../../../arm-none-eabi/lib/thumb/v7e-m+fp/hard/libg.a(lib_a-isattyr.o)
                0x0000000008009da8                _isatty_r
 .text.__locale_mb_cur_max
                0x0000000008009dcc        0xc /opt/homebrew/Cellar/arm-none-eabi-gcc/10.3-2021.07/gcc/bin/../lib/gcc/arm-none-eabi/10.3.1/../../../../arm-none-eabi/lib/thumb/v7e-m+fp/hard/libg.a(lib_a-locale.o)
                0x0000000008009dcc                __locale_mb_cur_max
 .text._lseek_r
                0x0000000008009dd8       0x2c /opt/homebrew/Cellar/arm-none-eabi-gcc/10.3-2021.07/gcc/bin/../lib/gcc/arm-none-eabi/10.3.1/../../../../arm-none-eabi/lib/thumb/v7e-m+fp/hard/libg.a(lib_a-lseekr.o)
                0x0000000008009dd8                _lseek_r
 .text.__ascii_mbtowc
                0x0000000008009e04       0x2c /opt/homebrew/Cellar/arm-none-eabi-gcc/10.3-2021.07/gcc/bin/../lib/gcc/arm-none-eabi/10.3.1/../../../../arm-none-eabi/lib/thumb/v7e-m+fp/hard/libg.a(lib_a-mbtowc_r.o)
                0x0000000008009e04                __ascii_mbtowc
 .text.memmove  0x0000000008009e30       0xf8 /opt/homebrew/Cellar/arm-none-eabi-gcc/10.3-2021.07/gcc/bin/../lib/gcc/arm-none-eabi/10.3.1/../../../../arm-none-eabi/lib/thumb/v7e-m+fp/hard/libg.a(lib_a-memmove.o)
                0x0000000008009e30                memmove
 .text._read_r  0x0000000008009f28       0x2c /opt/homebrew/Cellar/arm-none-eabi-gcc/10.3-2021.07/gcc/bin/../lib/gcc/arm-none-eabi/10.3.1/../../../../arm-none-eabi/lib/thumb/v7e-m+fp/hard/libg.a(lib_a-readr.o)
                0x0000000008009f28                _read_r
 .text._realloc_r
                0x0000000008009f54      0x3d8 /opt/homebrew/Cellar/arm-none-eabi-gcc/10.3-2021.07/gcc/bin/../lib/gcc/arm-none-eabi/10.3.1/../../../../arm-none-eabi/lib/thumb/v7e-m+fp/hard/libg.a(lib_a-reallocr.o)
                0x0000000008009f54                _realloc_r
 .text.__swbuf_r
                0x000000000800a32c       0xb0 /opt/homebrew/Cellar/arm-none-eabi-gcc/10.3-2021.07/gcc/bin/../lib/gcc/arm-none-eabi/10.3.1/../../../../arm-none-eabi/lib/thumb/v7e-m+fp/hard/libg.a(lib_a-wbuf.o)
                0x000000000800a32c                __swbuf_r
 .text._wcrtomb_r
                0x000000000800a3dc       0x3c /opt/homebrew/Cellar/arm-none-eabi-gcc/10.3-2021.07/gcc/bin/../lib/gcc/arm-none-eabi/10.3.1/../../../../arm-none-eabi/lib/thumb/v7e-m+fp/hard/libg.a(lib_a-wcrtomb.o)
                0x000000000800a3dc                _wcrtomb_r
 .text.__ascii_wctomb
                0x000000000800a418       0x1c /opt/homebrew/Cellar/arm-none-eabi-gcc/10.3-2021.07/gcc/bin/../lib/gcc/arm-none-eabi/10.3.1/../../../../arm-none-eabi/lib/thumb/v7e-m+fp/hard/libg.a(lib_a-wctomb_r.o)
                0x000000000800a418                __ascii_wctomb
 .text.abort    0x000000000800a434       0x10 /opt/homebrew/Cellar/arm-none-eabi-gcc/10.3-2021.07/gcc/bin/../lib/gcc/arm-none-eabi/10.3.1/../../../../arm-none-eabi/lib/thumb/v7e-m+fp/hard/libg.a(lib_a-abort.o)
                0x000000000800a434                abort
 .text.raise    0x000000000800a444       0x5c /opt/homebrew/Cellar/arm-none-eabi-gcc/10.3-2021.07/gcc/bin/../lib/gcc/arm-none-eabi/10.3.1/../../../../arm-none-eabi/lib/thumb/v7e-m+fp/hard/libg.a(lib_a-signal.o)
                0x000000000800a444                raise
 .text._kill_r  0x000000000800a4a0       0x2c /opt/homebrew/Cellar/arm-none-eabi-gcc/10.3-2021.07/gcc/bin/../lib/gcc/arm-none-eabi/10.3.1/../../../../arm-none-eabi/lib/thumb/v7e-m+fp/hard/libg.a(lib_a-signalr.o)
                0x000000000800a4a0                _kill_r
 .text._getpid_r
                0x000000000800a4cc        0x4 /opt/homebrew/Cellar/arm-none-eabi-gcc/10.3-2021.07/gcc/bin/../lib/gcc/arm-none-eabi/10.3.1/../../../../arm-none-eabi/lib/thumb/v7e-m+fp/hard/libg.a(lib_a-signalr.o)
                0x000000000800a4cc                _getpid_r
 *(.glue_7)
 .glue_7        0x000000000800a4d0        0x0 linker stubs
 *(.glue_7t)
 .glue_7t       0x000000000800a4d0        0x0 linker stubs
 *(.eh_frame)
 .eh_frame      0x000000000800a4d0        0x0 /opt/homebrew/Cellar/arm-none-eabi-gcc/10.3-2021.07/gcc/bin/../lib/gcc/arm-none-eabi/10.3.1/thumb/v7e-m+fp/hard/crtbegin.o
 *(.init)
 .init          0x000000000800a4d0        0x4 /opt/homebrew/Cellar/arm-none-eabi-gcc/10.3-2021.07/gcc/bin/../lib/gcc/arm-none-eabi/10.3.1/thumb/v7e-m+fp/hard/crti.o
                0x000000000800a4d0                _init
 .init          0x000000000800a4d4        0x8 /opt/homebrew/Cellar/arm-none-eabi-gcc/10.3-2021.07/gcc/bin/../lib/gcc/arm-none-eabi/10.3.1/thumb/v7e-m+fp/hard/crtn.o
 *(.fini)
 .fini          0x000000000800a4dc        0x4 /opt/homebrew/Cellar/arm-none-eabi-gcc/10.3-2021.07/gcc/bin/../lib/gcc/arm-none-eabi/10.3.1/thumb/v7e-m+fp/hard/crti.o
                0x000000000800a4dc                _fini
 .fini          0x000000000800a4e0        0x8 /opt/homebrew/Cellar/arm-none-eabi-gcc/10.3-2021.07/gcc/bin/../lib/gcc/arm-none-eabi/10.3.1/thumb/v7e-m+fp/hard/crtn.o
                0x000000000800a4e8                . = ALIGN (0x4)
                0x000000000800a4e8                _etext = .

.vfp11_veneer   0x000000000800a4e8        0x0
 .vfp11_veneer  0x000000000800a4e8        0x0 linker stubs

.v4_bx          0x000000000800a4e8        0x0
 .v4_bx         0x000000000800a4e8        0x0 linker stubs

.iplt           0x000000000800a4e8        0x0
 .iplt          0x000000000800a4e8        0x0 /opt/homebrew/Cellar/arm-none-eabi-gcc/10.3-2021.07/gcc/bin/../lib/gcc/arm-none-eabi/10.3.1/thumb/v7e-m+fp/hard/crtbegin.o

.rodata         0x000000000800a4e8      0x498
                0x000000000800a4e8                . = ALIGN (0x4)
 *(.rodata)
 .rodata        0x000000000800a4e8        0x8 CMakeFiles/my_fc_fw.elf.dir/Core/Src/BMI088driver.c.obj
 .rodata        0x000000000800a4f0       0x54 CMakeFiles/my_fc_fw.elf.dir/Core/Src/main.c.obj
 *(.rodata*)
 .rodata.write_BMI088_accel_reg_data_error
                0x000000000800a544       0x12 CMakeFiles/my_fc_fw.elf.dir/Core/Src/BMI088driver.c.obj
 *fill*         0x000000000800a556        0x2 
 .rodata.write_BMI088_gyro_reg_data_error
                0x000000000800a558       0x12 CMakeFiles/my_fc_fw.elf.dir/Core/Src/BMI088driver.c.obj
 *fill*         0x000000000800a56a        0x2 
 .rodata.str1.4
                0x000000000800a56c       0x29 CMakeFiles/my_fc_fw.elf.dir/Core/Src/main.c.obj
 *fill*         0x000000000800a595        0x3 
 .rodata.bmi088process_entry.str1.4
                0x000000000800a598        0xf CMakeFiles/my_fc_fw.elf.dir/Core/Src/main.c.obj
 *fill*         0x000000000800a5a7        0x1 
 .rodata.AHBPrescTable
                0x000000000800a5a8       0x10 CMakeFiles/my_fc_fw.elf.dir/Core/Src/system_stm32f4xx.c.obj
                0x000000000800a5a8                AHBPrescTable
 .rodata.APBPrescTable
                0x000000000800a5b8        0x8 CMakeFiles/my_fc_fw.elf.dir/Core/Src/system_stm32f4xx.c.obj
                0x000000000800a5b8                APBPrescTable
 .rodata.vTaskStartScheduler.str1.4
                0x000000000800a5c0        0x5 CMakeFiles/my_fc_fw.elf.dir/Middlewares/Third_Party/FreeRTOS/Source/tasks.c.obj
 *fill*         0x000000000800a5c5        0x3 
 .rodata._global_impure_ptr
                0x000000000800a5c8        0x4 /opt/homebrew/Cellar/arm-none-eabi-gcc/10.3-2021.07/gcc/bin/../lib/gcc/arm-none-eabi/10.3.1/../../../../arm-none-eabi/lib/thumb/v7e-m+fp/hard/libg.a(lib_a-impure.o)
                0x000000000800a5c8                _global_impure_ptr
 .rodata._vfprintf_r.str1.4
                0x000000000800a5cc       0x42 /opt/homebrew/Cellar/arm-none-eabi-gcc/10.3-2021.07/gcc/bin/../lib/gcc/arm-none-eabi/10.3.1/../../../../arm-none-eabi/lib/thumb/v7e-m+fp/hard/libg.a(lib_a-vfprintf.o)
 *fill*         0x000000000800a60e        0x2 
 .rodata.blanks.1
                0x000000000800a610       0x10 /opt/homebrew/Cellar/arm-none-eabi-gcc/10.3-2021.07/gcc/bin/../lib/gcc/arm-none-eabi/10.3.1/../../../../arm-none-eabi/lib/thumb/v7e-m+fp/hard/libg.a(lib_a-vfprintf.o)
 .rodata.zeroes.0
                0x000000000800a620       0x10 /opt/homebrew/Cellar/arm-none-eabi-gcc/10.3-2021.07/gcc/bin/../lib/gcc/arm-none-eabi/10.3.1/../../../../arm-none-eabi/lib/thumb/v7e-m+fp/hard/libg.a(lib_a-vfprintf.o)
 .rodata._dtoa_r.str1.4
                0x000000000800a630       0x7e /opt/homebrew/Cellar/arm-none-eabi-gcc/10.3-2021.07/gcc/bin/../lib/gcc/arm-none-eabi/10.3.1/../../../../arm-none-eabi/lib/thumb/v7e-m+fp/hard/libg.a(lib_a-dtoa.o)
                                         0x82 (size before relaxing)
 *fill*         0x000000000800a6ae        0x2 
 .rodata.__multadd.str1.4
                0x000000000800a6b0       0x5b /opt/homebrew/Cellar/arm-none-eabi-gcc/10.3-2021.07/gcc/bin/../lib/gcc/arm-none-eabi/10.3.1/../../../../arm-none-eabi/lib/thumb/v7e-m+fp/hard/libg.a(lib_a-mprec.o)
                                         0x6f (size before relaxing)
 *fill*         0x000000000800a70b        0x5 
 .rodata.__mprec_bigtens
                0x000000000800a710       0x28 /opt/homebrew/Cellar/arm-none-eabi-gcc/10.3-2021.07/gcc/bin/../lib/gcc/arm-none-eabi/10.3.1/../../../../arm-none-eabi/lib/thumb/v7e-m+fp/hard/libg.a(lib_a-mprec.o)
                0x000000000800a710                __mprec_bigtens
 .rodata.__mprec_tens
                0x000000000800a738       0xc8 /opt/homebrew/Cellar/arm-none-eabi-gcc/10.3-2021.07/gcc/bin/../lib/gcc/arm-none-eabi/10.3.1/../../../../arm-none-eabi/lib/thumb/v7e-m+fp/hard/libg.a(lib_a-mprec.o)
                0x000000000800a738                __mprec_tens
 .rodata.p05.0  0x000000000800a800        0xc /opt/homebrew/Cellar/arm-none-eabi-gcc/10.3-2021.07/gcc/bin/../lib/gcc/arm-none-eabi/10.3.1/../../../../arm-none-eabi/lib/thumb/v7e-m+fp/hard/libg.a(lib_a-mprec.o)
 .rodata._vfiprintf_r.str1.4
                0x000000000800a80c       0x2f /opt/homebrew/Cellar/arm-none-eabi-gcc/10.3-2021.07/gcc/bin/../lib/gcc/arm-none-eabi/10.3.1/../../../../arm-none-eabi/lib/thumb/v7e-m+fp/hard/libg.a(lib_a-vfiprintf.o)
 .rodata.blanks.1
                0x000000000800a80c       0x10 /opt/homebrew/Cellar/arm-none-eabi-gcc/10.3-2021.07/gcc/bin/../lib/gcc/arm-none-eabi/10.3.1/../../../../arm-none-eabi/lib/thumb/v7e-m+fp/hard/libg.a(lib_a-vfiprintf.o)
 .rodata.zeroes.0
                0x000000000800a81c       0x10 /opt/homebrew/Cellar/arm-none-eabi-gcc/10.3-2021.07/gcc/bin/../lib/gcc/arm-none-eabi/10.3.1/../../../../arm-none-eabi/lib/thumb/v7e-m+fp/hard/libg.a(lib_a-vfiprintf.o)
 .rodata.__assert_func.str1.4
                0x000000000800a82c       0x3f /opt/homebrew/Cellar/arm-none-eabi-gcc/10.3-2021.07/gcc/bin/../lib/gcc/arm-none-eabi/10.3.1/../../../../arm-none-eabi/lib/thumb/v7e-m+fp/hard/libg.a(lib_a-assert.o)
                                         0x43 (size before relaxing)
 *fill*         0x000000000800a86b        0x1 
 .rodata._setlocale_r.str1.4
                0x000000000800a86c        0xa /opt/homebrew/Cellar/arm-none-eabi-gcc/10.3-2021.07/gcc/bin/../lib/gcc/arm-none-eabi/10.3.1/../../../../arm-none-eabi/lib/thumb/v7e-m+fp/hard/libg.a(lib_a-locale.o)
                                          0xd (size before relaxing)
 *fill*         0x000000000800a876        0x2 
 .rodata.str1.4
                0x000000000800a878        0x2 /opt/homebrew/Cellar/arm-none-eabi-gcc/10.3-2021.07/gcc/bin/../lib/gcc/arm-none-eabi/10.3.1/../../../../arm-none-eabi/lib/thumb/v7e-m+fp/hard/libg.a(lib_a-locale.o)
 *fill*         0x000000000800a87a        0x2 
 .rodata._ctype_
                0x000000000800a87c      0x101 /opt/homebrew/Cellar/arm-none-eabi-gcc/10.3-2021.07/gcc/bin/../lib/gcc/arm-none-eabi/10.3.1/../../../../arm-none-eabi/lib/thumb/v7e-m+fp/hard/libg.a(lib_a-ctype_.o)
                0x000000000800a87c                _ctype_
                0x000000000800a980                . = ALIGN (0x4)
 *fill*         0x000000000800a97d        0x3 

.ARM.extab      0x000000000800a980        0x0
                0x000000000800a980                . = ALIGN (0x4)
 *(.ARM.extab* .gnu.linkonce.armextab.*)
                0x000000000800a980                . = ALIGN (0x4)

.ARM            0x000000000800a980        0x8
                0x000000000800a980                . = ALIGN (0x4)
                0x000000000800a980                __exidx_start = .
 *(.ARM.exidx*)
 .ARM.exidx     0x000000000800a980        0x8 /opt/homebrew/Cellar/arm-none-eabi-gcc/10.3-2021.07/gcc/bin/../lib/gcc/arm-none-eabi/10.3.1/thumb/v7e-m+fp/hard/libgcc.a(_udivmoddi4.o)
                0x000000000800a988                __exidx_end = .
                0x000000000800a988                . = ALIGN (0x4)

.rel.dyn        0x000000000800a988        0x0
 .rel.iplt      0x000000000800a988        0x0 /opt/homebrew/Cellar/arm-none-eabi-gcc/10.3-2021.07/gcc/bin/../lib/gcc/arm-none-eabi/10.3.1/thumb/v7e-m+fp/hard/crtbegin.o

.preinit_array  0x000000000800a988        0x0
                0x000000000800a988                . = ALIGN (0x4)
                0x000000000800a988                PROVIDE (__preinit_array_start = .)
 *(.preinit_array*)
                0x000000000800a988                PROVIDE (__preinit_array_end = .)
                0x000000000800a988                . = ALIGN (0x4)

.init_array     0x000000000800a988        0x8
                0x000000000800a988                . = ALIGN (0x4)
                0x000000000800a988                PROVIDE (__init_array_start = .)
 *(SORT_BY_NAME(.init_array.*))
 .init_array.00000
                0x000000000800a988        0x4 /opt/homebrew/Cellar/arm-none-eabi-gcc/10.3-2021.07/gcc/bin/../lib/gcc/arm-none-eabi/10.3.1/../../../../arm-none-eabi/lib/thumb/v7e-m+fp/hard/libg.a(lib_a-__call_atexit.o)
 *(.init_array*)
 .init_array    0x000000000800a98c        0x4 /opt/homebrew/Cellar/arm-none-eabi-gcc/10.3-2021.07/gcc/bin/../lib/gcc/arm-none-eabi/10.3.1/thumb/v7e-m+fp/hard/crtbegin.o
                0x000000000800a990                PROVIDE (__init_array_end = .)
                0x000000000800a990                . = ALIGN (0x4)

.fini_array     0x000000000800a990        0x4
                0x000000000800a990                . = ALIGN (0x4)
                0x000000000800a990                PROVIDE (__fini_array_start = .)
 *(SORT_BY_NAME(.fini_array.*))
 *(.fini_array*)
 .fini_array    0x000000000800a990        0x4 /opt/homebrew/Cellar/arm-none-eabi-gcc/10.3-2021.07/gcc/bin/../lib/gcc/arm-none-eabi/10.3.1/thumb/v7e-m+fp/hard/crtbegin.o
                0x000000000800a994                PROVIDE (__fini_array_end = .)
                0x000000000800a994                . = ALIGN (0x4)
                0x000000000800a994                _sidata = LOADADDR (.data)

.data           0x0000000020000000      0x9c8 load address 0x000000000800a994
                0x0000000020000000                . = ALIGN (0x4)
                0x0000000020000000                _sdata = .
 *(.data)
 *(.data*)
 .data.BMI088_ACCEL_SEN
                0x0000000020000000        0x4 CMakeFiles/my_fc_fw.elf.dir/Core/Src/BMI088driver.c.obj
                0x0000000020000000                BMI088_ACCEL_SEN
 .data.BMI088_GYRO_SEN
                0x0000000020000004        0x4 CMakeFiles/my_fc_fw.elf.dir/Core/Src/BMI088driver.c.obj
                0x0000000020000004                BMI088_GYRO_SEN
 .data.SystemCoreClock
                0x0000000020000008        0x4 CMakeFiles/my_fc_fw.elf.dir/Core/Src/system_stm32f4xx.c.obj
                0x0000000020000008                SystemCoreClock
 .data.uwTickFreq
                0x000000002000000c        0x1 CMakeFiles/my_fc_fw.elf.dir/Drivers/STM32F4xx_HAL_Driver/Src/stm32f4xx_hal.c.obj
                0x000000002000000c                uwTickFreq
 *fill*         0x000000002000000d        0x3 
 .data.uwTickPrio
                0x0000000020000010        0x4 CMakeFiles/my_fc_fw.elf.dir/Drivers/STM32F4xx_HAL_Driver/Src/stm32f4xx_hal.c.obj
                0x0000000020000010                uwTickPrio
 .data.uxCriticalNesting
                0x0000000020000014        0x4 CMakeFiles/my_fc_fw.elf.dir/Middlewares/Third_Party/FreeRTOS/Source/portable/GCC/ARM_CM4F/port.c.obj
 .data._impure_ptr
                0x0000000020000018        0x4 /opt/homebrew/Cellar/arm-none-eabi-gcc/10.3-2021.07/gcc/bin/../lib/gcc/arm-none-eabi/10.3.1/../../../../arm-none-eabi/lib/thumb/v7e-m+fp/hard/libg.a(lib_a-impure.o)
                0x0000000020000018                _impure_ptr
 *fill*         0x000000002000001c        0x4 
 .data.impure_data
                0x0000000020000020      0x428 /opt/homebrew/Cellar/arm-none-eabi-gcc/10.3-2021.07/gcc/bin/../lib/gcc/arm-none-eabi/10.3.1/../../../../arm-none-eabi/lib/thumb/v7e-m+fp/hard/libg.a(lib_a-impure.o)
 .data.__atexit_recursive_mutex
                0x0000000020000448        0x4 /opt/homebrew/Cellar/arm-none-eabi-gcc/10.3-2021.07/gcc/bin/../lib/gcc/arm-none-eabi/10.3.1/../../../../arm-none-eabi/lib/thumb/v7e-m+fp/hard/libg.a(lib_a-__call_atexit.o)
                0x0000000020000448                __atexit_recursive_mutex
 .data.__malloc_av_
                0x000000002000044c      0x408 /opt/homebrew/Cellar/arm-none-eabi-gcc/10.3-2021.07/gcc/bin/../lib/gcc/arm-none-eabi/10.3.1/../../../../arm-none-eabi/lib/thumb/v7e-m+fp/hard/libg.a(lib_a-mallocr.o)
                0x000000002000044c                __malloc_av_
 .data.__malloc_sbrk_base
                0x0000000020000854        0x4 /opt/homebrew/Cellar/arm-none-eabi-gcc/10.3-2021.07/gcc/bin/../lib/gcc/arm-none-eabi/10.3.1/../../../../arm-none-eabi/lib/thumb/v7e-m+fp/hard/libg.a(lib_a-mallocr.o)
                0x0000000020000854                __malloc_sbrk_base
 .data.__malloc_trim_threshold
                0x0000000020000858        0x4 /opt/homebrew/Cellar/arm-none-eabi-gcc/10.3-2021.07/gcc/bin/../lib/gcc/arm-none-eabi/10.3.1/../../../../arm-none-eabi/lib/thumb/v7e-m+fp/hard/libg.a(lib_a-mallocr.o)
                0x0000000020000858                __malloc_trim_threshold
 .data.__global_locale
                0x000000002000085c      0x16c /opt/homebrew/Cellar/arm-none-eabi-gcc/10.3-2021.07/gcc/bin/../lib/gcc/arm-none-eabi/10.3.1/../../../../arm-none-eabi/lib/thumb/v7e-m+fp/hard/libg.a(lib_a-locale.o)
                0x000000002000085c                __global_locale
 *(.RamFunc)
 *(.RamFunc*)
                0x00000000200009c8                . = ALIGN (0x4)
                0x00000000200009c8                _edata = .
                0x000000000800b35c                _siccmram = LOADADDR (.ccmram)

.igot.plt       0x00000000200009c8        0x0 load address 0x000000000800b35c
 .igot.plt      0x00000000200009c8        0x0 /opt/homebrew/Cellar/arm-none-eabi-gcc/10.3-2021.07/gcc/bin/../lib/gcc/arm-none-eabi/10.3.1/thumb/v7e-m+fp/hard/crtbegin.o

.ccmram         0x0000000010000000        0x0 load address 0x000000000800b35c
                0x0000000010000000                . = ALIGN (0x4)
                0x0000000010000000                _sccmram = .
 *(.ccmram)
 *(.ccmram*)
                0x0000000010000000                . = ALIGN (0x4)
                0x0000000010000000                _eccmram = .
                0x0000000010000000                . = ALIGN (0x4)

.bss            0x00000000200009c8     0x4164
                0x00000000200009c8                _sbss = .
                0x00000000200009c8                __bss_start__ = _sbss
 *(.bss)
 .bss           0x00000000200009c8       0x1c /opt/homebrew/Cellar/arm-none-eabi-gcc/10.3-2021.07/gcc/bin/../lib/gcc/arm-none-eabi/10.3.1/thumb/v7e-m+fp/hard/crtbegin.o
 *(.bss*)
 .bss.xIdleStack
                0x00000000200009e4      0x200 CMakeFiles/my_fc_fw.elf.dir/Core/Src/freertos.c.obj
 .bss.xIdleTaskTCBBuffer
                0x0000000020000be4       0x54 CMakeFiles/my_fc_fw.elf.dir/Core/Src/freertos.c.obj
 .bss.accel     0x0000000020000c38        0xc CMakeFiles/my_fc_fw.elf.dir/Core/Src/main.c.obj
                0x0000000020000c38                accel
 .bss.bmi088processHandle
                0x0000000020000c44        0x4 CMakeFiles/my_fc_fw.elf.dir/Core/Src/main.c.obj
                0x0000000020000c44                bmi088processHandle
 .bss.debug_outputHandle
                0x0000000020000c48        0x4 CMakeFiles/my_fc_fw.elf.dir/Core/Src/main.c.obj
                0x0000000020000c48                debug_outputHandle
 .bss.defaultTaskHandle
                0x0000000020000c4c        0x4 CMakeFiles/my_fc_fw.elf.dir/Core/Src/main.c.obj
                0x0000000020000c4c                defaultTaskHandle
 .bss.gyro      0x0000000020000c50        0xc CMakeFiles/my_fc_fw.elf.dir/Core/Src/main.c.obj
                0x0000000020000c50                gyro
 .bss.hspi1     0x0000000020000c5c       0x58 CMakeFiles/my_fc_fw.elf.dir/Core/Src/main.c.obj
                0x0000000020000c5c                hspi1
 .bss.huart1    0x0000000020000cb4       0x44 CMakeFiles/my_fc_fw.elf.dir/Core/Src/main.c.obj
                0x0000000020000cb4                huart1
 .bss.huart6    0x0000000020000cf8       0x44 CMakeFiles/my_fc_fw.elf.dir/Core/Src/main.c.obj
                0x0000000020000cf8                huart6
 .bss.temp      0x0000000020000d3c        0x4 CMakeFiles/my_fc_fw.elf.dir/Core/Src/main.c.obj
                0x0000000020000d3c                temp
 .bss.htim6     0x0000000020000d40       0x48 CMakeFiles/my_fc_fw.elf.dir/Core/Src/stm32f4xx_hal_timebase_tim.c.obj
                0x0000000020000d40                htim6
 .bss.__sbrk_heap_end
                0x0000000020000d88        0x4 CMakeFiles/my_fc_fw.elf.dir/Core/Src/sysmem.c.obj
 .bss.uwTick    0x0000000020000d8c        0x4 CMakeFiles/my_fc_fw.elf.dir/Drivers/STM32F4xx_HAL_Driver/Src/stm32f4xx_hal.c.obj
                0x0000000020000d8c                uwTick
 .bss.ucMaxSysCallPriority
                0x0000000020000d90        0x1 CMakeFiles/my_fc_fw.elf.dir/Middlewares/Third_Party/FreeRTOS/Source/portable/GCC/ARM_CM4F/port.c.obj
 *fill*         0x0000000020000d91        0x3 
 .bss.ulMaxPRIGROUPValue
                0x0000000020000d94        0x4 CMakeFiles/my_fc_fw.elf.dir/Middlewares/Third_Party/FreeRTOS/Source/portable/GCC/ARM_CM4F/port.c.obj
 .bss.pxEnd     0x0000000020000d98        0x4 CMakeFiles/my_fc_fw.elf.dir/Middlewares/Third_Party/FreeRTOS/Source/portable/MemMang/heap_4.c.obj
 .bss.ucHeap    0x0000000020000d9c     0x3c00 CMakeFiles/my_fc_fw.elf.dir/Middlewares/Third_Party/FreeRTOS/Source/portable/MemMang/heap_4.c.obj
 .bss.xBlockAllocatedBit
                0x000000002000499c        0x4 CMakeFiles/my_fc_fw.elf.dir/Middlewares/Third_Party/FreeRTOS/Source/portable/MemMang/heap_4.c.obj
 .bss.xFreeBytesRemaining
                0x00000000200049a0        0x4 CMakeFiles/my_fc_fw.elf.dir/Middlewares/Third_Party/FreeRTOS/Source/portable/MemMang/heap_4.c.obj
 .bss.xMinimumEverFreeBytesRemaining
                0x00000000200049a4        0x4 CMakeFiles/my_fc_fw.elf.dir/Middlewares/Third_Party/FreeRTOS/Source/portable/MemMang/heap_4.c.obj
 .bss.xNumberOfSuccessfulAllocations
                0x00000000200049a8        0x4 CMakeFiles/my_fc_fw.elf.dir/Middlewares/Third_Party/FreeRTOS/Source/portable/MemMang/heap_4.c.obj
 .bss.xNumberOfSuccessfulFrees
                0x00000000200049ac        0x4 CMakeFiles/my_fc_fw.elf.dir/Middlewares/Third_Party/FreeRTOS/Source/portable/MemMang/heap_4.c.obj
 .bss.xStart    0x00000000200049b0        0x8 CMakeFiles/my_fc_fw.elf.dir/Middlewares/Third_Party/FreeRTOS/Source/portable/MemMang/heap_4.c.obj
 .bss.pxCurrentTCB
                0x00000000200049b8        0x4 CMakeFiles/my_fc_fw.elf.dir/Middlewares/Third_Party/FreeRTOS/Source/tasks.c.obj
                0x00000000200049b8                pxCurrentTCB
 .bss.pxDelayedTaskList
                0x00000000200049bc        0x4 CMakeFiles/my_fc_fw.elf.dir/Middlewares/Third_Party/FreeRTOS/Source/tasks.c.obj
 .bss.pxOverflowDelayedTaskList
                0x00000000200049c0        0x4 CMakeFiles/my_fc_fw.elf.dir/Middlewares/Third_Party/FreeRTOS/Source/tasks.c.obj
 .bss.pxReadyTasksLists
                0x00000000200049c4       0x8c CMakeFiles/my_fc_fw.elf.dir/Middlewares/Third_Party/FreeRTOS/Source/tasks.c.obj
 .bss.uxCurrentNumberOfTasks
                0x0000000020004a50        0x4 CMakeFiles/my_fc_fw.elf.dir/Middlewares/Third_Party/FreeRTOS/Source/tasks.c.obj
 .bss.uxDeletedTasksWaitingCleanUp
                0x0000000020004a54        0x4 CMakeFiles/my_fc_fw.elf.dir/Middlewares/Third_Party/FreeRTOS/Source/tasks.c.obj
 .bss.uxSchedulerSuspended
                0x0000000020004a58        0x4 CMakeFiles/my_fc_fw.elf.dir/Middlewares/Third_Party/FreeRTOS/Source/tasks.c.obj
 .bss.uxTaskNumber
                0x0000000020004a5c        0x4 CMakeFiles/my_fc_fw.elf.dir/Middlewares/Third_Party/FreeRTOS/Source/tasks.c.obj
 .bss.uxTopReadyPriority
                0x0000000020004a60        0x4 CMakeFiles/my_fc_fw.elf.dir/Middlewares/Third_Party/FreeRTOS/Source/tasks.c.obj
 .bss.xDelayedTaskList1
                0x0000000020004a64       0x14 CMakeFiles/my_fc_fw.elf.dir/Middlewares/Third_Party/FreeRTOS/Source/tasks.c.obj
 .bss.xDelayedTaskList2
                0x0000000020004a78       0x14 CMakeFiles/my_fc_fw.elf.dir/Middlewares/Third_Party/FreeRTOS/Source/tasks.c.obj
 .bss.xIdleTaskHandle
                0x0000000020004a8c        0x4 CMakeFiles/my_fc_fw.elf.dir/Middlewares/Third_Party/FreeRTOS/Source/tasks.c.obj
 .bss.xNextTaskUnblockTime
                0x0000000020004a90        0x4 CMakeFiles/my_fc_fw.elf.dir/Middlewares/Third_Party/FreeRTOS/Source/tasks.c.obj
 .bss.xNumOfOverflows
                0x0000000020004a94        0x4 CMakeFiles/my_fc_fw.elf.dir/Middlewares/Third_Party/FreeRTOS/Source/tasks.c.obj
 .bss.xPendedTicks
                0x0000000020004a98        0x4 CMakeFiles/my_fc_fw.elf.dir/Middlewares/Third_Party/FreeRTOS/Source/tasks.c.obj
 .bss.xPendingReadyList
                0x0000000020004a9c       0x14 CMakeFiles/my_fc_fw.elf.dir/Middlewares/Third_Party/FreeRTOS/Source/tasks.c.obj
 .bss.xSchedulerRunning
                0x0000000020004ab0        0x4 CMakeFiles/my_fc_fw.elf.dir/Middlewares/Third_Party/FreeRTOS/Source/tasks.c.obj
 .bss.xSuspendedTaskList
                0x0000000020004ab4       0x14 CMakeFiles/my_fc_fw.elf.dir/Middlewares/Third_Party/FreeRTOS/Source/tasks.c.obj
 .bss.xTasksWaitingTermination
                0x0000000020004ac8       0x14 CMakeFiles/my_fc_fw.elf.dir/Middlewares/Third_Party/FreeRTOS/Source/tasks.c.obj
 .bss.xTickCount
                0x0000000020004adc        0x4 CMakeFiles/my_fc_fw.elf.dir/Middlewares/Third_Party/FreeRTOS/Source/tasks.c.obj
 .bss.xYieldPending
                0x0000000020004ae0        0x4 CMakeFiles/my_fc_fw.elf.dir/Middlewares/Third_Party/FreeRTOS/Source/tasks.c.obj
 .bss.__lock___atexit_recursive_mutex
                0x0000000020004ae4        0x1 /opt/homebrew/Cellar/arm-none-eabi-gcc/10.3-2021.07/gcc/bin/../lib/gcc/arm-none-eabi/10.3.1/../../../../arm-none-eabi/lib/thumb/v7e-m+fp/hard/libg.a(lib_a-lock.o)
                0x0000000020004ae4                __lock___atexit_recursive_mutex
 *fill*         0x0000000020004ae5        0x3 
 .bss.__lock___malloc_recursive_mutex
                0x0000000020004ae8        0x1 /opt/homebrew/Cellar/arm-none-eabi-gcc/10.3-2021.07/gcc/bin/../lib/gcc/arm-none-eabi/10.3.1/../../../../arm-none-eabi/lib/thumb/v7e-m+fp/hard/libg.a(lib_a-lock.o)
                0x0000000020004ae8                __lock___malloc_recursive_mutex
 *fill*         0x0000000020004ae9        0x3 
 .bss.__lock___sfp_recursive_mutex
                0x0000000020004aec        0x1 /opt/homebrew/Cellar/arm-none-eabi-gcc/10.3-2021.07/gcc/bin/../lib/gcc/arm-none-eabi/10.3.1/../../../../arm-none-eabi/lib/thumb/v7e-m+fp/hard/libg.a(lib_a-lock.o)
                0x0000000020004aec                __lock___sfp_recursive_mutex
 *fill*         0x0000000020004aed        0x3 
 .bss.__lock___sinit_recursive_mutex
                0x0000000020004af0        0x1 /opt/homebrew/Cellar/arm-none-eabi-gcc/10.3-2021.07/gcc/bin/../lib/gcc/arm-none-eabi/10.3.1/../../../../arm-none-eabi/lib/thumb/v7e-m+fp/hard/libg.a(lib_a-lock.o)
                0x0000000020004af0                __lock___sinit_recursive_mutex
 *fill*         0x0000000020004af1        0x3 
 .bss.__malloc_current_mallinfo
                0x0000000020004af4       0x28 /opt/homebrew/Cellar/arm-none-eabi-gcc/10.3-2021.07/gcc/bin/../lib/gcc/arm-none-eabi/10.3.1/../../../../arm-none-eabi/lib/thumb/v7e-m+fp/hard/libg.a(lib_a-mallocr.o)
                0x0000000020004af4                __malloc_current_mallinfo
 .bss.__malloc_max_sbrked_mem
                0x0000000020004b1c        0x4 /opt/homebrew/Cellar/arm-none-eabi-gcc/10.3-2021.07/gcc/bin/../lib/gcc/arm-none-eabi/10.3.1/../../../../arm-none-eabi/lib/thumb/v7e-m+fp/hard/libg.a(lib_a-mallocr.o)
                0x0000000020004b1c                __malloc_max_sbrked_mem
 .bss.__malloc_max_total_mem
                0x0000000020004b20        0x4 /opt/homebrew/Cellar/arm-none-eabi-gcc/10.3-2021.07/gcc/bin/../lib/gcc/arm-none-eabi/10.3.1/../../../../arm-none-eabi/lib/thumb/v7e-m+fp/hard/libg.a(lib_a-mallocr.o)
                0x0000000020004b20                __malloc_max_total_mem
 .bss.__malloc_top_pad
                0x0000000020004b24        0x4 /opt/homebrew/Cellar/arm-none-eabi-gcc/10.3-2021.07/gcc/bin/../lib/gcc/arm-none-eabi/10.3.1/../../../../arm-none-eabi/lib/thumb/v7e-m+fp/hard/libg.a(lib_a-mallocr.o)
                0x0000000020004b24                __malloc_top_pad
 .bss.errno     0x0000000020004b28        0x4 /opt/homebrew/Cellar/arm-none-eabi-gcc/10.3-2021.07/gcc/bin/../lib/gcc/arm-none-eabi/10.3.1/../../../../arm-none-eabi/lib/thumb/v7e-m+fp/hard/libg.a(lib_a-reent.o)
                0x0000000020004b28                errno
 *(COMMON)
                0x0000000020004b2c                . = ALIGN (0x4)
                0x0000000020004b2c                _ebss = .
                0x0000000020004b2c                __bss_end__ = _ebss

._user_heap_stack
                0x0000000020004b2c      0x604
                0x0000000020004b30                . = ALIGN (0x8)
 *fill*         0x0000000020004b2c        0x4 
                [!provide]                        PROVIDE (end = .)
                0x0000000020004b30                PROVIDE (_end = .)
                0x0000000020004d30                . = (. + _Min_Heap_Size)
 *fill*         0x0000000020004b30      0x200 
                0x0000000020005130                . = (. + _Min_Stack_Size)
 *fill*         0x0000000020004d30      0x400 
                0x0000000020005130                . = ALIGN (0x8)

/DISCARD/
 libc.a(*)
 libm.a(*)
 libgcc.a(*)

.ARM.attributes
                0x0000000000000000       0x30
 *(.ARM.attributes)
 .ARM.attributes
                0x0000000000000000       0x1e /opt/homebrew/Cellar/arm-none-eabi-gcc/10.3-2021.07/gcc/bin/../lib/gcc/arm-none-eabi/10.3.1/thumb/v7e-m+fp/hard/crti.o
 .ARM.attributes
                0x000000000000001e       0x34 /opt/homebrew/Cellar/arm-none-eabi-gcc/10.3-2021.07/gcc/bin/../lib/gcc/arm-none-eabi/10.3.1/thumb/v7e-m+fp/hard/crtbegin.o
 .ARM.attributes
                0x0000000000000052       0x34 CMakeFiles/my_fc_fw.elf.dir/Core/Src/BMI088Middleware.c.obj
 .ARM.attributes
                0x0000000000000086       0x34 CMakeFiles/my_fc_fw.elf.dir/Core/Src/BMI088driver.c.obj
 .ARM.attributes
                0x00000000000000ba       0x34 CMakeFiles/my_fc_fw.elf.dir/Core/Src/freertos.c.obj
 .ARM.attributes
                0x00000000000000ee       0x34 CMakeFiles/my_fc_fw.elf.dir/Core/Src/lang_item.c.obj
 .ARM.attributes
                0x0000000000000122       0x34 CMakeFiles/my_fc_fw.elf.dir/Core/Src/main.c.obj
 .ARM.attributes
                0x0000000000000156       0x34 CMakeFiles/my_fc_fw.elf.dir/Core/Src/stm32f4xx_hal_msp.c.obj
 .ARM.attributes
                0x000000000000018a       0x34 CMakeFiles/my_fc_fw.elf.dir/Core/Src/stm32f4xx_hal_timebase_tim.c.obj
 .ARM.attributes
                0x00000000000001be       0x34 CMakeFiles/my_fc_fw.elf.dir/Core/Src/stm32f4xx_it.c.obj
 .ARM.attributes
                0x00000000000001f2       0x34 CMakeFiles/my_fc_fw.elf.dir/Core/Src/syscalls.c.obj
 .ARM.attributes
                0x0000000000000226       0x34 CMakeFiles/my_fc_fw.elf.dir/Core/Src/sysmem.c.obj
 .ARM.attributes
                0x000000000000025a       0x34 CMakeFiles/my_fc_fw.elf.dir/Core/Src/system_stm32f4xx.c.obj
 .ARM.attributes
                0x000000000000028e       0x21 CMakeFiles/my_fc_fw.elf.dir/Core/Startup/startup_stm32f407ighx.s.obj
 .ARM.attributes
                0x00000000000002af       0x34 CMakeFiles/my_fc_fw.elf.dir/Drivers/STM32F4xx_HAL_Driver/Src/stm32f4xx_hal.c.obj
 .ARM.attributes