Archive member included to satisfy reference by file (symbol)

/opt/homebrew/Cellar/arm-none-eabi-gcc/10.3-2021.07/gcc/bin/../lib/gcc/arm-none-eabi/10.3.1/thumb/v7e-m+fp/hard/libgcc.a(_aeabi_uldivmod.o)
                              CMakeFiles/my_fc_fw.elf.dir/Drivers/STM32F4xx_HAL_Driver/Src/stm32f4xx_hal_rcc.c.obj (__aeabi_uldivmod)
/opt/homebrew/Cellar/arm-none-eabi-gcc/10.3-2021.07/gcc/bin/../lib/gcc/arm-none-eabi/10.3.1/thumb/v7e-m+fp/hard/libgcc.a(_udivmoddi4.o)
                              /opt/homebrew/Cellar/arm-none-eabi-gcc/10.3-2021.07/gcc/bin/../lib/gcc/arm-none-eabi/10.3.1/thumb/v7e-m+fp/hard/libgcc.a(_aeabi_uldivmod.o) (__udivmoddi4)
/opt/homebrew/Cellar/arm-none-eabi-gcc/10.3-2021.07/gcc/bin/../lib/gcc/arm-none-eabi/10.3.1/thumb/v7e-m+fp/hard/libgcc.a(_dvmd_tls.o)
                              /opt/homebrew/Cellar/arm-none-eabi-gcc/10.3-2021.07/gcc/bin/../lib/gcc/arm-none-eabi/10.3.1/thumb/v7e-m+fp/hard/libgcc.a(_aeabi_uldivmod.o) (__aeabi_ldiv0)
/opt/homebrew/Cellar/arm-none-eabi-gcc/10.3-2021.07/gcc/bin/../lib/gcc/arm-none-eabi/10.3.1/../../../../arm-none-eabi/lib/thumb/v7e-m+fp/hard/libg.a(lib_a-errno.o)
                              CMakeFiles/my_fc_fw.elf.dir/Core/Src/syscalls.c.obj (__errno)
/opt/homebrew/Cellar/arm-none-eabi-gcc/10.3-2021.07/gcc/bin/../lib/gcc/arm-none-eabi/10.3.1/../../../../arm-none-eabi/lib/thumb/v7e-m+fp/hard/libg.a(lib_a-exit.o)
                              /opt/homebrew/Cellar/arm-none-eabi-gcc/10.3-2021.07/gcc/bin/../lib/gcc/arm-none-eabi/10.3.1/../../../../arm-none-eabi/lib/thumb/v7e-m+fp/hard/crt0.o (exit)
/opt/homebrew/Cellar/arm-none-eabi-gcc/10.3-2021.07/gcc/bin/../lib/gcc/arm-none-eabi/10.3.1/../../../../arm-none-eabi/lib/thumb/v7e-m+fp/hard/libg.a(lib_a-impure.o)
                              /opt/homebrew/Cellar/arm-none-eabi-gcc/10.3-2021.07/gcc/bin/../lib/gcc/arm-none-eabi/10.3.1/../../../../arm-none-eabi/lib/thumb/v7e-m+fp/hard/libg.a(lib_a-exit.o) (_global_impure_ptr)
/opt/homebrew/Cellar/arm-none-eabi-gcc/10.3-2021.07/gcc/bin/../lib/gcc/arm-none-eabi/10.3.1/../../../../arm-none-eabi/lib/thumb/v7e-m+fp/hard/libg.a(lib_a-init.o)
                              /opt/homebrew/Cellar/arm-none-eabi-gcc/10.3-2021.07/gcc/bin/../lib/gcc/arm-none-eabi/10.3.1/../../../../arm-none-eabi/lib/thumb/v7e-m+fp/hard/crt0.o (__libc_init_array)
/opt/homebrew/Cellar/arm-none-eabi-gcc/10.3-2021.07/gcc/bin/../lib/gcc/arm-none-eabi/10.3.1/../../../../arm-none-eabi/lib/thumb/v7e-m+fp/hard/libg.a(lib_a-memcpy.o)
                              CMakeFiles/my_fc_fw.elf.dir/Middlewares/Third_Party/FreeRTOS/Source/queue.c.obj (memcpy)
/opt/homebrew/Cellar/arm-none-eabi-gcc/10.3-2021.07/gcc/bin/../lib/gcc/arm-none-eabi/10.3.1/../../../../arm-none-eabi/lib/thumb/v7e-m+fp/hard/libg.a(lib_a-memset.o)
                              /opt/homebrew/Cellar/arm-none-eabi-gcc/10.3-2021.07/gcc/bin/../lib/gcc/arm-none-eabi/10.3.1/../../../../arm-none-eabi/lib/thumb/v7e-m+fp/hard/crt0.o (memset)
/opt/homebrew/Cellar/arm-none-eabi-gcc/10.3-2021.07/gcc/bin/../lib/gcc/arm-none-eabi/10.3.1/../../../../arm-none-eabi/lib/thumb/v7e-m+fp/hard/libg.a(lib_a-printf.o)
                              CMakeFiles/my_fc_fw.elf.dir/Core/Src/debug_by_uart_task.c.obj (printf)
/opt/homebrew/Cellar/arm-none-eabi-gcc/10.3-2021.07/gcc/bin/../lib/gcc/arm-none-eabi/10.3.1/../../../../arm-none-eabi/lib/thumb/v7e-m+fp/hard/libg.a(lib_a-vfprintf.o)
                              /opt/homebrew/Cellar/arm-none-eabi-gcc/10.3-2021.07/gcc/bin/../lib/gcc/arm-none-eabi/10.3.1/../../../../arm-none-eabi/lib/thumb/v7e-m+fp/hard/libg.a(lib_a-printf.o) (_vfprintf_r)
/opt/homebrew/Cellar/arm-none-eabi-gcc/10.3-2021.07/gcc/bin/../lib/gcc/arm-none-eabi/10.3.1/../../../../arm-none-eabi/lib/thumb/v7e-m+fp/hard/libg.a(lib_a-wsetup.o)
                              /opt/homebrew/Cellar/arm-none-eabi-gcc/10.3-2021.07/gcc/bin/../lib/gcc/arm-none-eabi/10.3.1/../../../../arm-none-eabi/lib/thumb/v7e-m+fp/hard/libg.a(lib_a-vfprintf.o) (__swsetup_r)
/opt/homebrew/Cellar/arm-none-eabi-gcc/10.3-2021.07/gcc/bin/../lib/gcc/arm-none-eabi/10.3.1/../../../../arm-none-eabi/lib/thumb/v7e-m+fp/hard/libg.a(lib_a-__call_atexit.o)
                              /opt/homebrew/Cellar/arm-none-eabi-gcc/10.3-2021.07/gcc/bin/../lib/gcc/arm-none-eabi/10.3.1/../../../../arm-none-eabi/lib/thumb/v7e-m+fp/hard/libg.a(lib_a-exit.o) (__call_exitprocs)
/opt/homebrew/Cellar/arm-none-eabi-gcc/10.3-2021.07/gcc/bin/../lib/gcc/arm-none-eabi/10.3.1/../../../../arm-none-eabi/lib/thumb/v7e-m+fp/hard/libg.a(lib_a-atexit.o)
                              /opt/homebrew/Cellar/arm-none-eabi-gcc/10.3-2021.07/gcc/bin/../lib/gcc/arm-none-eabi/10.3.1/../../../../arm-none-eabi/lib/thumb/v7e-m+fp/hard/libg.a(lib_a-__call_atexit.o) (atexit)
/opt/homebrew/Cellar/arm-none-eabi-gcc/10.3-2021.07/gcc/bin/../lib/gcc/arm-none-eabi/10.3.1/../../../../arm-none-eabi/lib/thumb/v7e-m+fp/hard/libg.a(lib_a-dtoa.o)
[...]
Memory Configuration

Name             Origin             Length             Attributes
CCMRAM           0x0000000010000000 0x0000000000010000 xrw
RAM              0x0000000020000000 0x0000000000020000 xrw
FLASH            0x0000000008000000 0x0000000000100000 xr
*default*        0x0000000000000000 0xffffffffffffffff

Linker script and memory map

LOAD /opt/homebrew/Cellar/arm-none-eabi-gcc/10.3-2021.07/gcc/bin/../lib/gcc/arm-none-eabi/10.3.1/thumb/v7e-m+fp/hard/crti.o
LOAD /opt/homebrew/Cellar/arm-none-eabi-gcc/10.3-2021.07/gcc/bin/../lib/gcc/arm-none-eabi/10.3.1/thumb/v7e-m+fp/hard/crtbegin.o
LOAD /opt/homebrew/Cellar/arm-none-eabi-gcc/10.3-2021.07/gcc/bin/../lib/gcc/arm-none-eabi/10.3.1/../../../../arm-none-eabi/lib/thumb/v7e-m+fp/hard/crt0.o
LOAD CMakeFiles/my_fc_fw.elf.dir/Core/Src/BMI088Middleware.c.obj
LOAD CMakeFiles/my_fc_fw.elf.dir/Core/Src/BMI088driver.c.obj
LOAD CMakeFiles/my_fc_fw.elf.dir/Core/Src/attitude.c.obj
LOAD CMakeFiles/my_fc_fw.elf.dir/Core/Src/bmi088_task.c.obj
LOAD CMakeFiles/my_fc_fw.elf.dir/Core/Src/debug_by_uart_task.c.obj
LOAD CMakeFiles/my_fc_fw.elf.dir/Core/Src/freertos.c.obj
LOAD CMakeFiles/my_fc_fw.elf.dir/Core/Src/imu.c.obj
LOAD CMakeFiles/my_fc_fw.elf.dir/Core/Src/lang_item.c.obj
LOAD CMakeFiles/my_fc_fw.elf.dir/Core/Src/main.c.obj
LOAD CMakeFiles/my_fc_fw.elf.dir/Core/Src/sbus_receiver/driver.c.obj
LOAD CMakeFiles/my_fc_fw.elf.dir/Core/Src/sbus_receiver/remote_control.c.obj
LOAD CMakeFiles/my_fc_fw.elf.dir/Core/Src/stm32f4xx_hal_msp.c.obj
LOAD CMakeFiles/my_fc_fw.elf.dir/Core/Src/stm32f4xx_hal_timebase_tim.c.obj
LOAD CMakeFiles/my_fc_fw.elf.dir/Core/Src/stm32f4xx_it.c.obj
LOAD CMakeFiles/my_fc_fw.elf.dir/Core/Src/syscalls.c.obj
LOAD CMakeFiles/my_fc_fw.elf.dir/Core/Src/sysmem.c.obj
LOAD CMakeFiles/my_fc_fw.elf.dir/Core/Src/system_stm32f4xx.c.obj
LOAD CMakeFiles/my_fc_fw.elf.dir/Core/Startup/startup_stm32f407ighx.s.obj
LOAD CMakeFiles/my_fc_fw.elf.dir/Drivers/STM32F4xx_HAL_Driver/Src/stm32f4xx_hal.c.obj
LOAD CMakeFiles/my_fc_fw.elf.dir/Drivers/STM32F4xx_HAL_Driver/Src/stm32f4xx_hal_cortex.c.obj
LOAD CMakeFiles/my_fc_fw.elf.dir/Drivers/STM32F4xx_HAL_Driver/Src/stm32f4xx_hal_dma.c.obj
LOAD CMakeFiles/my_fc_fw.elf.dir/Drivers/STM32F4xx_HAL_Driver/Src/stm32f4xx_hal_dma_ex.c.obj
LOAD CMakeFiles/my_fc_fw.elf.dir/Drivers/STM32F4xx_HAL_Driver/Src/stm32f4xx_hal_exti.c.obj
LOAD CMakeFiles/my_fc_fw.elf.dir/Drivers/STM32F4xx_HAL_Driver/Src/stm32f4xx_hal_flash.c.obj
LOAD CMakeFiles/my_fc_fw.elf.dir/Drivers/STM32F4xx_HAL_Driver/Src/stm32f4xx_hal_flash_ex.c.obj
LOAD CMakeFiles/my_fc_fw.elf.dir/Drivers/STM32F4xx_HAL_Driver/Src/stm32f4xx_hal_flash_ramfunc.c.obj
LOAD CMakeFiles/my_fc_fw.elf.dir/Drivers/STM32F4xx_HAL_Driver/Src/stm32f4xx_hal_gpio.c.obj
LOAD CMakeFiles/my_fc_fw.elf.dir/Drivers/STM32F4xx_HAL_Driver/Src/stm32f4xx_hal_pwr.c.obj
LOAD CMakeFiles/my_fc_fw.elf.dir/Drivers/STM32F4xx_HAL_Driver/Src/stm32f4xx_hal_pwr_ex.c.obj
LOAD CMakeFiles/my_fc_fw.elf.dir/Drivers/STM32F4xx_HAL_Driver/Src/stm32f4xx_hal_rcc.c.obj
LOAD CMakeFiles/my_fc_fw.elf.dir/Drivers/STM32F4xx_HAL_Driver/Src/stm32f4xx_hal_rcc_ex.c.obj
LOAD CMakeFiles/my_fc_fw.elf.dir/Drivers/STM32F4xx_HAL_Driver/Src/stm32f4xx_hal_spi.c.obj
LOAD CMakeFiles/my_fc_fw.elf.dir/Drivers/STM32F4xx_HAL_Driver/Src/stm32f4xx_hal_tim.c.obj
LOAD CMakeFiles/my_fc_fw.elf.dir/Drivers/STM32F4xx_HAL_Driver/Src/stm32f4xx_hal_tim_ex.c.obj
LOAD CMakeFiles/my_fc_fw.elf.dir/Drivers/STM32F4xx_HAL_Driver/Src/stm32f4xx_hal_uart.c.obj
LOAD CMakeFiles/my_fc_fw.elf.dir/Middlewares/Third_Party/FreeRTOS/Source/CMSIS_RTOS/cmsis_os.c.obj
LOAD CMakeFiles/my_fc_fw.elf.dir/Middlewares/Third_Party/FreeRTOS/Source/croutine.c.obj
LOAD CMakeFiles/my_fc_fw.elf.dir/Middlewares/Third_Party/FreeRTOS/Source/event_groups.c.obj
LOAD CMakeFiles/my_fc_fw.elf.dir/Middlewares/Third_Party/FreeRTOS/Source/list.c.obj
LOAD CMakeFiles/my_fc_fw.elf.dir/Middlewares/Third_Party/FreeRTOS/Source/portable/GCC/ARM_CM4F/port.c.obj
LOAD CMakeFiles/my_fc_fw.elf.dir/Middlewares/Third_Party/FreeRTOS/Source/portable/MemMang/heap_4.c.obj
LOAD CMakeFiles/my_fc_fw.elf.dir/Middlewares/Third_Party/FreeRTOS/Source/queue.c.obj
LOAD CMakeFiles/my_fc_fw.elf.dir/Middlewares/Third_Party/FreeRTOS/Source/stream_buffer.c.obj
LOAD CMakeFiles/my_fc_fw.elf.dir/Middlewares/Third_Party/FreeRTOS/Source/tasks.c.obj
LOAD CMakeFiles/my_fc_fw.elf.dir/Middlewares/Third_Party/FreeRTOS/Source/timers.c.obj
START GROUP
LOAD /opt/homebrew/Cellar/arm-none-eabi-gcc/10.3-2021.07/gcc/bin/../lib/gcc/arm-none-eabi/10.3.1/thumb/v7e-m+fp/hard/libgcc.a
LOAD /opt/homebrew/Cellar/arm-none-eabi-gcc/10.3-2021.07/gcc/bin/../lib/gcc/arm-none-eabi/10.3.1/../../../../arm-none-eabi/lib/thumb/v7e-m+fp/hard/libg.a
LOAD /opt/homebrew/Cellar/arm-none-eabi-gcc/10.3-2021.07/gcc/bin/../lib/gcc/arm-none-eabi/10.3.1/../../../../arm-none-eabi/lib/thumb/v7e-m+fp/hard/libc.a
END GROUP
LOAD /opt/homebrew/Cellar/arm-none-eabi-gcc/10.3-2021.07/gcc/bin/../lib/gcc/arm-none-eabi/10.3.1/thumb/v7e-m+fp/hard/crtend.o
LOAD /opt/homebrew/Cellar/arm-none-eabi-gcc/10.3-2021.07/gcc/bin/../lib/gcc/arm-none-eabi/10.3.1/thumb/v7e-m+fp/hard/crtn.o
                0x0000000020020000                _estack = (ORIGIN (RAM) + LENGTH (RAM))
                0x0000000000000200                _Min_Heap_Size = 0x200
                0x0000000000000400                _Min_Stack_Size = 0x400

.isr_vector     0x0000000008000000      0x188
                0x0000000008000000                . = ALIGN (0x4)
 *(.isr_vector)
 .isr_vector    0x0000000008000000      0x188 CMakeFiles/my_fc_fw.elf.dir/Core/Startup/startup_stm32f407ighx.s.obj
                0x0000000008000000                g_pfnVectors
                0x0000000008000188                . = ALIGN (0x4)

.text           0x00000000080001c0     0xb45c
                0x00000000080001c0                . = ALIGN (0x4)
 *(.text)
 .text          0x00000000080001c0       0x40 /opt/homebrew/Cellar/arm-none-eabi-gcc/10.3-2021.07/gcc/bin/../lib/gcc/arm-none-eabi/10.3.1/thumb/v7e-m+fp/hard/crtbegin.o
 .text          0x0000000008000200       0x30 /opt/homebrew/Cellar/arm-none-eabi-gcc/10.3-2021.07/gcc/bin/../lib/gcc/arm-none-eabi/10.3.1/thumb/v7e-m+fp/hard/libgcc.a(_aeabi_uldivmod.o)
                0x0000000008000200                __aeabi_uldivmod
 .text          0x0000000008000230      0x2d0 /opt/homebrew/Cellar/arm-none-eabi-gcc/10.3-2021.07/gcc/bin/../lib/gcc/arm-none-eabi/10.3.1/thumb/v7e-m+fp/hard/libgcc.a(_udivmoddi4.o)
                0x0000000008000230                __udivmoddi4
 .text          0x0000000008000500        0x4 /opt/homebrew/Cellar/arm-none-eabi-gcc/10.3-2021.07/gcc/bin/../lib/gcc/arm-none-eabi/10.3.1/thumb/v7e-m+fp/hard/libgcc.a(_dvmd_tls.o)
                0x0000000008000500                __aeabi_ldiv0
                0x0000000008000500                __aeabi_idiv0
 .text          0x0000000008000504      0x134 /opt/homebrew/Cellar/arm-none-eabi-gcc/10.3-2021.07/gcc/bin/../lib/gcc/arm-none-eabi/10.3.1/../../../../arm-none-eabi/lib/thumb/v7e-m+fp/hard/libg.a(lib_a-memcpy.o)
                0x0000000008000504                memcpy
 *fill*         0x0000000008000638        0x8 
 .text          0x0000000008000640       0xa0 /opt/homebrew/Cellar/arm-none-eabi-gcc/10.3-2021.07/gcc/bin/../lib/gcc/arm-none-eabi/10.3.1/../../../../arm-none-eabi/lib/thumb/v7e-m+fp/hard/libg.a(lib_a-memchr.o)
                0x0000000008000640                memchr
 *fill*         0x00000000080006e0       0x20 
 .text          0x0000000008000700       0xdc /opt/homebrew/Cellar/arm-none-eabi-gcc/10.3-2021.07/gcc/bin/../lib/gcc/arm-none-eabi/10.3.1/../../../../arm-none-eabi/lib/thumb/v7e-m+fp/hard/libg.a(lib_a-strlen.o)
                0x0000000008000700                strlen
 .text          0x00000000080007dc      0x378 /opt/homebrew/Cellar/arm-none-eabi-gcc/10.3-2021.07/gcc/bin/../lib/gcc/arm-none-eabi/10.3.1/thumb/v7e-m+fp/hard/libgcc.a(_arm_addsubdf3.o)
                0x00000000080007dc                __aeabi_drsub
                0x00000000080007e4                __subdf3
                0x00000000080007e4                __aeabi_dsub
                0x00000000080007e8                __aeabi_dadd
                0x00000000080007e8                __adddf3
                0x0000000008000a60                __aeabi_ui2d
                0x0000000008000a60                __floatunsidf
                0x0000000008000a80                __floatsidf
                0x0000000008000a80                __aeabi_i2d
                0x0000000008000aa4                __extendsfdf2
                0x0000000008000aa4                __aeabi_f2d
                0x0000000008000ae8                __aeabi_ul2d
                0x0000000008000ae8                __floatundidf
                0x0000000008000af8                __aeabi_l2d
                0x0000000008000af8                __floatdidf
 .text          0x0000000008000b54      0x424 /opt/homebrew/Cellar/arm-none-eabi-gcc/10.3-2021.07/gcc/bin/../lib/gcc/arm-none-eabi/10.3.1/thumb/v7e-m+fp/hard/libgcc.a(_arm_muldivdf3.o)
                0x0000000008000b54                __aeabi_dmul
                0x0000000008000b54                __muldf3
                0x0000000008000da8                __aeabi_ddiv
                0x0000000008000da8                __divdf3
 .text          0x0000000008000f78      0x110 /opt/homebrew/Cellar/arm-none-eabi-gcc/10.3-2021.07/gcc/bin/../lib/gcc/arm-none-eabi/10.3.1/thumb/v7e-m+fp/hard/libgcc.a(_arm_cmpdf2.o)
                0x0000000008000f78                __gedf2
                0x0000000008000f78                __gtdf2
                0x0000000008000f80                __ledf2
                0x0000000008000f80                __ltdf2
                0x0000000008000f88                __cmpdf2
                0x0000000008000f88                __eqdf2
                0x0000000008000f88                __nedf2
                0x0000000008001004                __aeabi_cdrcmple
                0x0000000008001014                __aeabi_cdcmple
                0x0000000008001014                __aeabi_cdcmpeq
                0x0000000008001024                __aeabi_dcmpeq
                0x0000000008001038                __aeabi_dcmplt
                0x000000000800104c                __aeabi_dcmple
                0x0000000008001060                __aeabi_dcmpge
                0x0000000008001074                __aeabi_dcmpgt
 .text          0x0000000008001088       0x2c /opt/homebrew/Cellar/arm-none-eabi-gcc/10.3-2021.07/gcc/bin/../lib/gcc/arm-none-eabi/10.3.1/thumb/v7e-m+fp/hard/libgcc.a(_arm_unorddf2.o)
                0x0000000008001088                __aeabi_dcmpun
                0x0000000008001088                __unorddf2
 .text          0x00000000080010b4       0x50 /opt/homebrew/Cellar/arm-none-eabi-gcc/10.3-2021.07/gcc/bin/../lib/gcc/arm-none-eabi/10.3.1/thumb/v7e-m+fp/hard/libgcc.a(_arm_fixdfsi.o)
                0x00000000080010b4                __fixdfsi
                0x00000000080010b4                __aeabi_d2iz
 *(.text*)
 .text.BMI088_GPIO_init
                0x0000000008001104        0x2 CMakeFiles/my_fc_fw.elf.dir/Core/Src/BMI088Middleware.c.obj
                0x0000000008001104                BMI088_GPIO_init
 .text.BMI088_com_init
                0x0000000008001106        0x2 CMakeFiles/my_fc_fw.elf.dir/Core/Src/BMI088Middleware.c.obj
                0x0000000008001106                BMI088_com_init
 .text.BMI088_delay_us
                0x0000000008001108       0x3a CMakeFiles/my_fc_fw.elf.dir/Core/Src/BMI088Middleware.c.obj
                0x0000000008001108                BMI088_delay_us
 .text.BMI088_delay_ms
                0x0000000008001142       0x18 CMakeFiles/my_fc_fw.elf.dir/Core/Src/BMI088Middleware.c.obj
                0x0000000008001142                BMI088_delay_ms
 *fill*         0x000000000800115a        0x2 
 .text.BMI088_ACCEL_NS_L
                0x000000000800115c       0x14 CMakeFiles/my_fc_fw.elf.dir/Core/Src/BMI088Middleware.c.obj
                0x000000000800115c                BMI088_ACCEL_NS_L
 .text.BMI088_ACCEL_NS_H
                0x0000000008001170       0x14 CMakeFiles/my_fc_fw.elf.dir/Core/Src/BMI088Middleware.c.obj
                0x0000000008001170                BMI088_ACCEL_NS_H
 .text.BMI088_GYRO_NS_L
                0x0000000008001184       0x14 CMakeFiles/my_fc_fw.elf.dir/Core/Src/BMI088Middleware.c.obj
                0x0000000008001184                BMI088_GYRO_NS_L
 .text.BMI088_GYRO_NS_H
                0x0000000008001198       0x14 CMakeFiles/my_fc_fw.elf.dir/Core/Src/BMI088Middleware.c.obj
                0x0000000008001198                BMI088_GYRO_NS_H
 .text.BMI088_read_write_byte
                0x00000000080011ac       0x2c CMakeFiles/my_fc_fw.elf.dir/Core/Src/BMI088Middleware.c.obj
                0x00000000080011ac                BMI088_read_write_byte
 .text.BMI088_write_single_reg
                0x00000000080011d8       0x10 CMakeFiles/my_fc_fw.elf.dir/Core/Src/BMI088driver.c.obj
 .text.BMI088_read_single_reg
                0x00000000080011e8       0x16 CMakeFiles/my_fc_fw.elf.dir/Core/Src/BMI088driver.c.obj
 .text.BMI088_read_muli_reg
                0x00000000080011fe       0x24 CMakeFiles/my_fc_fw.elf.dir/Core/Src/BMI088driver.c.obj
 *fill*         0x0000000008001222        0x2 
 .text.bmi088_accel_init
                0x0000000008001224      0x158 CMakeFiles/my_fc_fw.elf.dir/Core/Src/BMI088driver.c.obj
                0x0000000008001224                bmi088_accel_init
 .text.bmi088_gyro_init
                0x000000000800137c       0xf4 CMakeFiles/my_fc_fw.elf.dir/Core/Src/BMI088driver.c.obj
                0x000000000800137c                bmi088_gyro_init
 .text.BMI088_init
                0x0000000008001470       0x1a CMakeFiles/my_fc_fw.elf.dir/Core/Src/BMI088driver.c.obj
                0x0000000008001470                BMI088_init
 *fill*         0x000000000800148a        0x2 
 .text.BMI088_read
                0x000000000800148c      0x17c CMakeFiles/my_fc_fw.elf.dir/Core/Src/BMI088driver.c.obj
                0x000000000800148c                BMI088_read
 .text.datasource_update_attitude
                0x0000000008001608      0x474 CMakeFiles/my_fc_fw.elf.dir/Core/Src/attitude.c.obj
                0x0000000008001608                datasource_update_attitude
 .text.bmi088process_entry
                0x0000000008001a7c       0x4c CMakeFiles/my_fc_fw.elf.dir/Core/Src/bmi088_task.c.obj
                0x0000000008001a7c                bmi088process_entry
 .text.debug_output_entry
                0x0000000008001ac8       0x40 CMakeFiles/my_fc_fw.elf.dir/Core/Src/debug_by_uart_task.c.obj
                0x0000000008001ac8                debug_output_entry
 .text.vApplicationGetIdleTaskMemory
                0x0000000008001b08       0x18 CMakeFiles/my_fc_fw.elf.dir/Core/Src/freertos.c.obj
                0x0000000008001b08                vApplicationGetIdleTaskMemory
 .text.datasource_imu_bind
                0x0000000008001b20        0xa CMakeFiles/my_fc_fw.elf.dir/Core/Src/imu.c.obj
                0x0000000008001b20                datasource_imu_bind
 *fill*         0x0000000008001b2a        0x2 
 .text.__io_putchar
                0x0000000008001b2c       0x20 CMakeFiles/my_fc_fw.elf.dir/Core/Src/lang_item.c.obj
                0x0000000008001b2c                __io_putchar
 .text.MX_GPIO_Init
                0x0000000008001b4c       0xf0 CMakeFiles/my_fc_fw.elf.dir/Core/Src/main.c.obj
 .text.MX_DMA_Init
                0x0000000008001c3c       0x34 CMakeFiles/my_fc_fw.elf.dir/Core/Src/main.c.obj
 .text.StartDefaultTask
                0x0000000008001c70        0xa CMakeFiles/my_fc_fw.elf.dir/Core/Src/main.c.obj
                0x0000000008001c70                StartDefaultTask
 *fill*         0x0000000008001c7a        0x2 
 .text.HAL_TIM_PeriodElapsedCallback
                0x0000000008001c7c       0x18 CMakeFiles/my_fc_fw.elf.dir/Core/Src/main.c.obj
                0x0000000008001c7c                HAL_TIM_PeriodElapsedCallback
 .text.Error_Handler
                0x0000000008001c94        0x4 CMakeFiles/my_fc_fw.elf.dir/Core/Src/main.c.obj
                0x0000000008001c94                Error_Handler
 .text.MX_SPI1_Init
                0x0000000008001c98       0x44 CMakeFiles/my_fc_fw.elf.dir/Core/Src/main.c.obj
 .text.MX_USART1_UART_Init
                0x0000000008001cdc       0x34 CMakeFiles/my_fc_fw.elf.dir/Core/Src/main.c.obj
 .text.MX_USART6_UART_Init
                0x0000000008001d10       0x34 CMakeFiles/my_fc_fw.elf.dir/Core/Src/main.c.obj
 .text.MX_USART3_UART_Init
                0x0000000008001d44       0x3c CMakeFiles/my_fc_fw.elf.dir/Core/Src/main.c.obj
 .text.SystemClock_Config
                0x0000000008001d80       0xa8 CMakeFiles/my_fc_fw.elf.dir/Core/Src/main.c.obj
                0x0000000008001d80                SystemClock_Config
 .text.main     0x0000000008001e28       0xa8 CMakeFiles/my_fc_fw.elf.dir/Core/Src/main.c.obj
                0x0000000008001e28                main
 .text.RC_init  0x0000000008001ed0       0x68 CMakeFiles/my_fc_fw.elf.dir/Core/Src/sbus_receiver/driver.c.obj
                0x0000000008001ed0                RC_init
 .text.sbus_to_rc
                0x0000000008001f38       0x88 CMakeFiles/my_fc_fw.elf.dir/Core/Src/sbus_receiver/remote_control.c.obj
 .text.remote_control_init
                0x0000000008001fc0       0x14 CMakeFiles/my_fc_fw.elf.dir/Core/Src/sbus_receiver/remote_control.c.obj
                0x0000000008001fc0                remote_control_init
 .text.get_remote_control_point
                0x0000000008001fd4        0x8 CMakeFiles/my_fc_fw.elf.dir/Core/Src/sbus_receiver/remote_control.c.obj
                0x0000000008001fd4                get_remote_control_point
 .text.USART3_IRQHandler
                0x0000000008001fdc       0xe4 CMakeFiles/my_fc_fw.elf.dir/Core/Src/sbus_receiver/remote_control.c.obj
                0x0000000008001fdc                USART3_IRQHandler
 .text.HAL_MspInit
                0x00000000080020c0       0x44 CMakeFiles/my_fc_fw.elf.dir/Core/Src/stm32f4xx_hal_msp.c.obj
                0x00000000080020c0                HAL_MspInit
 .text.HAL_SPI_MspInit
                0x0000000008002104       0x98 CMakeFiles/my_fc_fw.elf.dir/Core/Src/stm32f4xx_hal_msp.c.obj
                0x0000000008002104                HAL_SPI_MspInit
 .text.HAL_UART_MspInit
                0x000000000800219c      0x1ac CMakeFiles/my_fc_fw.elf.dir/Core/Src/stm32f4xx_hal_msp.c.obj
                0x000000000800219c                HAL_UART_MspInit
 .text.HAL_InitTick
                0x0000000008002348       0xa4 CMakeFiles/my_fc_fw.elf.dir/Core/Src/stm32f4xx_hal_timebase_tim.c.obj
                0x0000000008002348                HAL_InitTick
 .text.NMI_Handler
                0x00000000080023ec        0x2 CMakeFiles/my_fc_fw.elf.dir/Core/Src/stm32f4xx_it.c.obj
                0x00000000080023ec                NMI_Handler
 .text.HardFault_Handler
                0x00000000080023ee        0x2 CMakeFiles/my_fc_fw.elf.dir/Core/Src/stm32f4xx_it.c.obj
                0x00000000080023ee                HardFault_Handler
 .text.MemManage_Handler
                0x00000000080023f0        0x2 CMakeFiles/my_fc_fw.elf.dir/Core/Src/stm32f4xx_it.c.obj
                0x00000000080023f0                MemManage_Handler
 .text.BusFault_Handler
                0x00000000080023f2        0x2 CMakeFiles/my_fc_fw.elf.dir/Core/Src/stm32f4xx_it.c.obj
                0x00000000080023f2                BusFault_Handler
 .text.UsageFault_Handler
                0x00000000080023f4        0x2 CMakeFiles/my_fc_fw.elf.dir/Core/Src/stm32f4xx_it.c.obj
                0x00000000080023f4                UsageFault_Handler
 .text.DebugMon_Handler
                0x00000000080023f6        0x2 CMakeFiles/my_fc_fw.elf.dir/Core/Src/stm32f4xx_it.c.obj
                0x00000000080023f6                DebugMon_Handler
 .text.DMA1_Stream1_IRQHandler
                0x00000000080023f8       0x10 CMakeFiles/my_fc_fw.elf.dir/Core/Src/stm32f4xx_it.c.obj
                0x00000000080023f8                DMA1_Stream1_IRQHandler
 .text.USART1_IRQHandler
                0x0000000008002408       0x10 CMakeFiles/my_fc_fw.elf.dir/Core/Src/stm32f4xx_it.c.obj
                0x0000000008002408                USART1_IRQHandler
 .text.TIM6_DAC_IRQHandler
                0x0000000008002418       0x10 CMakeFiles/my_fc_fw.elf.dir/Core/Src/stm32f4xx_it.c.obj
                0x0000000008002418                TIM6_DAC_IRQHandler
 .text._getpid  0x0000000008002428        0x4 CMakeFiles/my_fc_fw.elf.dir/Core/Src/syscalls.c.obj
                0x0000000008002428                _getpid
 .text._kill    0x000000000800242c       0x10 CMakeFiles/my_fc_fw.elf.dir/Core/Src/syscalls.c.obj
                0x000000000800242c                _kill
 .text._exit    0x000000000800243c        0xc CMakeFiles/my_fc_fw.elf.dir/Core/Src/syscalls.c.obj
                0x000000000800243c                _exit
 .text._read    0x0000000008002448       0x20 CMakeFiles/my_fc_fw.elf.dir/Core/Src/syscalls.c.obj
                0x0000000008002448                _read
 .text._write   0x0000000008002468       0x1c CMakeFiles/my_fc_fw.elf.dir/Core/Src/syscalls.c.obj
                0x0000000008002468                _write
 .text._close   0x0000000008002484        0x6 CMakeFiles/my_fc_fw.elf.dir/Core/Src/syscalls.c.obj
                0x0000000008002484                _close
 .text._fstat   0x000000000800248a        0xa CMakeFiles/my_fc_fw.elf.dir/Core/Src/syscalls.c.obj
                0x000000000800248a                _fstat
 .text._isatty  0x0000000008002494        0x4 CMakeFiles/my_fc_fw.elf.dir/Core/Src/syscalls.c.obj
                0x0000000008002494                _isatty
 .text._lseek   0x0000000008002498        0x4 CMakeFiles/my_fc_fw.elf.dir/Core/Src/syscalls.c.obj
                0x0000000008002498                _lseek
 .text._sbrk    0x000000000800249c       0x48 CMakeFiles/my_fc_fw.elf.dir/Core/Src/sysmem.c.obj
                0x000000000800249c                _sbrk
 .text.SystemInit
                0x00000000080024e4       0x14 CMakeFiles/my_fc_fw.elf.dir/Core/Src/system_stm32f4xx.c.obj
                0x00000000080024e4                SystemInit
 .text.Reset_Handler
                0x00000000080024f8       0x50 CMakeFiles/my_fc_fw.elf.dir/Core/Startup/startup_stm32f407ighx.s.obj
                0x00000000080024f8                Reset_Handler
 .text.Default_Handler
                0x0000000008002548        0x2 CMakeFiles/my_fc_fw.elf.dir/Core/Startup/startup_stm32f407ighx.s.obj
                0x0000000008002548                DMA1_Stream3_IRQHandler
                0x0000000008002548                HASH_RNG_IRQHandler
                0x0000000008002548                EXTI2_IRQHandler
                0x0000000008002548                TIM8_CC_IRQHandler
                0x0000000008002548                TIM1_CC_IRQHandler
                0x0000000008002548                DMA2_Stream5_IRQHandler
                0x0000000008002548                DMA1_Stream5_IRQHandler
                0x0000000008002548                PVD_IRQHandler
                0x0000000008002548                SDIO_IRQHandler
                0x0000000008002548                TAMP_STAMP_IRQHandler
                0x0000000008002548                CAN2_RX1_IRQHandler
                0x0000000008002548                EXTI3_IRQHandler
                0x0000000008002548                TIM8_TRG_COM_TIM14_IRQHandler
                0x0000000008002548                TIM1_UP_TIM10_IRQHandler
                0x0000000008002548                TIM8_UP_TIM13_IRQHandler
                0x0000000008002548                I2C3_ER_IRQHandler
                0x0000000008002548                EXTI0_IRQHandler
                0x0000000008002548                I2C2_EV_IRQHandler
                0x0000000008002548                DMA1_Stream2_IRQHandler
                0x0000000008002548                CAN1_RX0_IRQHandler
                0x0000000008002548                FPU_IRQHandler
                0x0000000008002548                OTG_HS_WKUP_IRQHandler
                0x0000000008002548                CAN2_SCE_IRQHandler
                0x0000000008002548                DMA2_Stream2_IRQHandler
                0x0000000008002548                SPI1_IRQHandler
                0x0000000008002548                TIM1_BRK_TIM9_IRQHandler
                0x0000000008002548                DCMI_IRQHandler
                0x0000000008002548                CAN2_RX0_IRQHandler
                0x0000000008002548                DMA2_Stream3_IRQHandler
                0x0000000008002548                USART6_IRQHandler
                0x0000000008002548                CAN1_RX1_IRQHandler
                0x0000000008002548                UART5_IRQHandler
                0x0000000008002548                DMA2_Stream0_IRQHandler
                0x0000000008002548                TIM4_IRQHandler
                0x0000000008002548                I2C1_EV_IRQHandler
                0x0000000008002548                DMA1_Stream6_IRQHandler
                0x0000000008002548                UART4_IRQHandler
                0x0000000008002548                TIM3_IRQHandler
                0x0000000008002548                RCC_IRQHandler
                0x0000000008002548                TIM8_BRK_TIM12_IRQHandler
                0x0000000008002548                Default_Handler
                0x0000000008002548                EXTI15_10_IRQHandler
                0x0000000008002548                ADC_IRQHandler
                0x0000000008002548                DMA1_Stream7_IRQHandler
                0x0000000008002548                TIM7_IRQHandler
                0x0000000008002548                CAN2_TX_IRQHandler
                0x0000000008002548                TIM5_IRQHandler
                0x0000000008002548                DMA2_Stream7_IRQHandler
                0x0000000008002548                I2C3_EV_IRQHandler
                0x0000000008002548                EXTI9_5_IRQHandler
                0x0000000008002548                RTC_WKUP_IRQHandler
                0x0000000008002548                ETH_WKUP_IRQHandler
                0x0000000008002548                SPI2_IRQHandler
                0x0000000008002548                OTG_HS_EP1_IN_IRQHandler
                0x0000000008002548                DMA1_Stream0_IRQHandler
                0x0000000008002548                CAN1_TX_IRQHandler
                0x0000000008002548                EXTI4_IRQHandler
                0x0000000008002548                FSMC_IRQHandler
                0x0000000008002548                ETH_IRQHandler
                0x0000000008002548                OTG_HS_EP1_OUT_IRQHandler
                0x0000000008002548                WWDG_IRQHandler
                0x0000000008002548                TIM2_IRQHandler
                0x0000000008002548                OTG_FS_WKUP_IRQHandler
                0x0000000008002548                TIM1_TRG_COM_TIM11_IRQHandler
                0x0000000008002548                OTG_HS_IRQHandler
                0x0000000008002548                EXTI1_IRQHandler
                0x0000000008002548                USART2_IRQHandler
                0x0000000008002548                I2C2_ER_IRQHandler
                0x0000000008002548                DMA2_Stream1_IRQHandler
                0x0000000008002548                CAN1_SCE_IRQHandler
                0x0000000008002548                FLASH_IRQHandler
                0x0000000008002548                DMA2_Stream4_IRQHandler
                0x0000000008002548                OTG_FS_IRQHandler
                0x0000000008002548                SPI3_IRQHandler
                0x0000000008002548                DMA1_Stream4_IRQHandler
                0x0000000008002548                I2C1_ER_IRQHandler
                0x0000000008002548                DMA2_Stream6_IRQHandler
                0x0000000008002548                RTC_Alarm_IRQHandler
 *fill*         0x000000000800254a        0x2 
 .text.HAL_Init
                0x000000000800254c       0x34 CMakeFiles/my_fc_fw.elf.dir/Drivers/STM32F4xx_HAL_Driver/Src/stm32f4xx_hal.c.obj
                0x000000000800254c                HAL_Init
 .text.HAL_IncTick
                0x0000000008002580       0x18 CMakeFiles/my_fc_fw.elf.dir/Drivers/STM32F4xx_HAL_Driver/Src/stm32f4xx_hal.c.obj
                0x0000000008002580                HAL_IncTick
 .text.HAL_GetTick
                0x0000000008002598        0xc CMakeFiles/my_fc_fw.elf.dir/Drivers/STM32F4xx_HAL_Driver/Src/stm32f4xx_hal.c.obj
                0x0000000008002598                HAL_GetTick
 .text.HAL_NVIC_SetPriorityGrouping
                0x00000000080025a4       0x24 CMakeFiles/my_fc_fw.elf.dir/Drivers/STM32F4xx_HAL_Driver/Src/stm32f4xx_hal_cortex.c.obj
                0x00000000080025a4                HAL_NVIC_SetPriorityGrouping
 .text.HAL_NVIC_SetPriority
                0x00000000080025c8       0x70 CMakeFiles/my_fc_fw.elf.dir/Drivers/STM32F4xx_HAL_Driver/Src/stm32f4xx_hal_cortex.c.obj
                0x00000000080025c8                HAL_NVIC_SetPriority
 .text.HAL_NVIC_EnableIRQ
                0x0000000008002638       0x1c CMakeFiles/my_fc_fw.elf.dir/Drivers/STM32F4xx_HAL_Driver/Src/stm32f4xx_hal_cortex.c.obj
                0x0000000008002638                HAL_NVIC_EnableIRQ
 .text.DMA_CalcBaseAndBitshift
                0x0000000008002654       0x44 CMakeFiles/my_fc_fw.elf.dir/Drivers/STM32F4xx_HAL_Driver/Src/stm32f4xx_hal_dma.c.obj
 .text.DMA_CheckFifoParam
                0x0000000008002698       0x8e CMakeFiles/my_fc_fw.elf.dir/Drivers/STM32F4xx_HAL_Driver/Src/stm32f4xx_hal_dma.c.obj
 *fill*         0x0000000008002726        0x2 
 .text.HAL_DMA_Init
                0x0000000008002728       0xcc CMakeFiles/my_fc_fw.elf.dir/Drivers/STM32F4xx_HAL_Driver/Src/stm32f4xx_hal_dma.c.obj
                0x0000000008002728                HAL_DMA_Init
 .text.HAL_DMA_Abort
                0x00000000080027f4       0x94 CMakeFiles/my_fc_fw.elf.dir/Drivers/STM32F4xx_HAL_Driver/Src/stm32f4xx_hal_dma.c.obj
                0x00000000080027f4                HAL_DMA_Abort
 .text.HAL_DMA_Abort_IT
                0x0000000008002888       0x26 CMakeFiles/my_fc_fw.elf.dir/Drivers/STM32F4xx_HAL_Driver/Src/stm32f4xx_hal_dma.c.obj
                0x0000000008002888                HAL_DMA_Abort_IT
 *fill*         0x00000000080028ae        0x2 
 .text.HAL_DMA_IRQHandler
                0x00000000080028b0      0x1dc CMakeFiles/my_fc_fw.elf.dir/Drivers/STM32F4xx_HAL_Driver/Src/stm32f4xx_hal_dma.c.obj
                0x00000000080028b0                HAL_DMA_IRQHandler
 .text.HAL_GPIO_Init
                0x0000000008002a8c      0x1e4 CMakeFiles/my_fc_fw.elf.dir/Drivers/STM32F4xx_HAL_Driver/Src/stm32f4xx_hal_gpio.c.obj
                0x0000000008002a8c                HAL_GPIO_Init
 .text.HAL_GPIO_WritePin
                0x0000000008002c70        0xc CMakeFiles/my_fc_fw.elf.dir/Drivers/STM32F4xx_HAL_Driver/Src/stm32f4xx_hal_gpio.c.obj
                0x0000000008002c70                HAL_GPIO_WritePin
 .text.HAL_RCC_OscConfig
                0x0000000008002c7c      0x3f8 CMakeFiles/my_fc_fw.elf.dir/Drivers/STM32F4xx_HAL_Driver/Src/stm32f4xx_hal_rcc.c.obj
                0x0000000008002c7c                HAL_RCC_OscConfig
 .text.HAL_RCC_GetSysClockFreq
                0x0000000008003074       0xa4 CMakeFiles/my_fc_fw.elf.dir/Drivers/STM32F4xx_HAL_Driver/Src/stm32f4xx_hal_rcc.c.obj
                0x0000000008003074                HAL_RCC_GetSysClockFreq
 .text.HAL_RCC_ClockConfig
                0x0000000008003118      0x160 CMakeFiles/my_fc_fw.elf.dir/Drivers/STM32F4xx_HAL_Driver/Src/stm32f4xx_hal_rcc.c.obj
                0x0000000008003118                HAL_RCC_ClockConfig
 .text.HAL_RCC_GetHCLKFreq
                0x0000000008003278        0xc CMakeFiles/my_fc_fw.elf.dir/Drivers/STM32F4xx_HAL_Driver/Src/stm32f4xx_hal_rcc.c.obj
                0x0000000008003278                HAL_RCC_GetHCLKFreq
 .text.HAL_RCC_GetPCLK1Freq
                0x0000000008003284       0x20 CMakeFiles/my_fc_fw.elf.dir/Drivers/STM32F4xx_HAL_Driver/Src/stm32f4xx_hal_rcc.c.obj
                0x0000000008003284                HAL_RCC_GetPCLK1Freq
 .text.HAL_RCC_GetPCLK2Freq
                0x00000000080032a4       0x20 CMakeFiles/my_fc_fw.elf.dir/Drivers/STM32F4xx_HAL_Driver/Src/stm32f4xx_hal_rcc.c.obj
                0x00000000080032a4                HAL_RCC_GetPCLK2Freq
 .text.HAL_RCC_GetClockConfig
                0x00000000080032c4       0x3c CMakeFiles/my_fc_fw.elf.dir/Drivers/STM32F4xx_HAL_Driver/Src/stm32f4xx_hal_rcc.c.obj
                0x00000000080032c4                HAL_RCC_GetClockConfig
 .text.SPI_WaitFlagStateUntilTimeout
                0x0000000008003300       0xd4 CMakeFiles/my_fc_fw.elf.dir/Drivers/STM32F4xx_HAL_Driver/Src/stm32f4xx_hal_spi.c.obj
 .text.SPI_EndRxTxTransaction
                0x00000000080033d4       0x68 CMakeFiles/my_fc_fw.elf.dir/Drivers/STM32F4xx_HAL_Driver/Src/stm32f4xx_hal_spi.c.obj
 .text.HAL_SPI_Init
                0x000000000800343c       0xbe CMakeFiles/my_fc_fw.elf.dir/Drivers/STM32F4xx_HAL_Driver/Src/stm32f4xx_hal_spi.c.obj
                0x000000000800343c                HAL_SPI_Init
 .text.HAL_SPI_TransmitReceive
                0x00000000080034fa      0x238 CMakeFiles/my_fc_fw.elf.dir/Drivers/STM32F4xx_HAL_Driver/Src/stm32f4xx_hal_spi.c.obj
                0x00000000080034fa                HAL_SPI_TransmitReceive
 .text.HAL_TIM_Base_MspInit
                0x0000000008003732        0x2 CMakeFiles/my_fc_fw.elf.dir/Drivers/STM32F4xx_HAL_Driver/Src/stm32f4xx_hal_tim.c.obj
                0x0000000008003732                HAL_TIM_Base_MspInit
 .text.HAL_TIM_Base_Start_IT
                0x0000000008003734       0x88 CMakeFiles/my_fc_fw.elf.dir/Drivers/STM32F4xx_HAL_Driver/Src/stm32f4xx_hal_tim.c.obj
                0x0000000008003734                HAL_TIM_Base_Start_IT
 .text.HAL_TIM_OC_DelayElapsedCallback
                0x00000000080037bc        0x2 CMakeFiles/my_fc_fw.elf.dir/Drivers/STM32F4xx_HAL_Driver/Src/stm32f4xx_hal_tim.c.obj
                0x00000000080037bc                HAL_TIM_OC_DelayElapsedCallback
 .text.HAL_TIM_IC_CaptureCallback
                0x00000000080037be        0x2 CMakeFiles/my_fc_fw.elf.dir/Drivers/STM32F4xx_HAL_Driver/Src/stm32f4xx_hal_tim.c.obj
                0x00000000080037be                HAL_TIM_IC_CaptureCallback
 .text.HAL_TIM_PWM_PulseFinishedCallback
                0x00000000080037c0        0x2 CMakeFiles/my_fc_fw.elf.dir/Drivers/STM32F4xx_HAL_Driver/Src/stm32f4xx_hal_tim.c.obj
                0x00000000080037c0                HAL_TIM_PWM_PulseFinishedCallback
 .text.HAL_TIM_TriggerCallback
                0x00000000080037c2        0x2 CMakeFiles/my_fc_fw.elf.dir/Drivers/STM32F4xx_HAL_Driver/Src/stm32f4xx_hal_tim.c.obj
                0x00000000080037c2                HAL_TIM_TriggerCallback
 .text.HAL_TIM_IRQHandler
                0x00000000080037c4      0x17a CMakeFiles/my_fc_fw.elf.dir/Drivers/STM32F4xx_HAL_Driver/Src/stm32f4xx_hal_tim.c.obj
                0x00000000080037c4                HAL_TIM_IRQHandler
 *fill*         0x000000000800393e        0x2 
 .text.TIM_Base_SetConfig
                0x0000000008003940       0xc8 CMakeFiles/my_fc_fw.elf.dir/Drivers/STM32F4xx_HAL_Driver/Src/stm32f4xx_hal_tim.c.obj
                0x0000000008003940                TIM_Base_SetConfig
 .text.HAL_TIM_Base_Init
                0x0000000008003a08       0x58 CMakeFiles/my_fc_fw.elf.dir/Drivers/STM32F4xx_HAL_Driver/Src/stm32f4xx_hal_tim.c.obj
                0x0000000008003a08                HAL_TIM_Base_Init
 .text.HAL_TIMEx_CommutCallback
                0x0000000008003a60        0x2 CMakeFiles/my_fc_fw.elf.dir/Drivers/STM32F4xx_HAL_Driver/Src/stm32f4xx_hal_tim_ex.c.obj
                0x0000000008003a60                HAL_TIMEx_CommutCallback
 .text.HAL_TIMEx_BreakCallback
                0x0000000008003a62        0x2 CMakeFiles/my_fc_fw.elf.dir/Drivers/STM32F4xx_HAL_Driver/Src/stm32f4xx_hal_tim_ex.c.obj
                0x0000000008003a62                HAL_TIMEx_BreakCallback
 .text.UART_EndRxTransfer
                0x0000000008003a64       0x5c CMakeFiles/my_fc_fw.elf.dir/Drivers/STM32F4xx_HAL_Driver/Src/stm32f4xx_hal_uart.c.obj
 .text.UART_Transmit_IT
                0x0000000008003ac0       0x60 CMakeFiles/my_fc_fw.elf.dir/Drivers/STM32F4xx_HAL_Driver/Src/stm32f4xx_hal_uart.c.obj
 .text.UART_SetConfig
                0x0000000008003b20      0x110 CMakeFiles/my_fc_fw.elf.dir/Drivers/STM32F4xx_HAL_Driver/Src/stm32f4xx_hal_uart.c.obj
 .text.UART_WaitOnFlagUntilTimeout
                0x0000000008003c30       0x88 CMakeFiles/my_fc_fw.elf.dir/Drivers/STM32F4xx_HAL_Driver/Src/stm32f4xx_hal_uart.c.obj
 .text.HAL_UART_Init
                0x0000000008003cb8       0x5e CMakeFiles/my_fc_fw.elf.dir/Drivers/STM32F4xx_HAL_Driver/Src/stm32f4xx_hal_uart.c.obj
                0x0000000008003cb8                HAL_UART_Init
 .text.HAL_UART_Transmit
                0x0000000008003d16       0xd8 CMakeFiles/my_fc_fw.elf.dir/Drivers/STM32F4xx_HAL_Driver/Src/stm32f4xx_hal_uart.c.obj
                0x0000000008003d16                HAL_UART_Transmit
 .text.HAL_UART_TxCpltCallback
                0x0000000008003dee        0x2 CMakeFiles/my_fc_fw.elf.dir/Drivers/STM32F4xx_HAL_Driver/Src/stm32f4xx_hal_uart.c.obj
                0x0000000008003dee                HAL_UART_TxCpltCallback
 .text.UART_EndTransmit_IT
                0x0000000008003df0       0x1a CMakeFiles/my_fc_fw.elf.dir/Drivers/STM32F4xx_HAL_Driver/Src/stm32f4xx_hal_uart.c.obj
 .text.HAL_UART_RxCpltCallback
                0x0000000008003e0a        0x2 CMakeFiles/my_fc_fw.elf.dir/Drivers/STM32F4xx_HAL_Driver/Src/stm32f4xx_hal_uart.c.obj
                0x0000000008003e0a                HAL_UART_RxCpltCallback
 .text.HAL_UART_ErrorCallback
                0x0000000008003e0c        0x2 CMakeFiles/my_fc_fw.elf.dir/Drivers/STM32F4xx_HAL_Driver/Src/stm32f4xx_hal_uart.c.obj
                0x0000000008003e0c                HAL_UART_ErrorCallback
 .text.UART_DMAAbortOnError
                0x0000000008003e0e       0x10 CMakeFiles/my_fc_fw.elf.dir/Drivers/STM32F4xx_HAL_Driver/Src/stm32f4xx_hal_uart.c.obj
 .text.HAL_UARTEx_RxEventCallback
                0x0000000008003e1e        0x2 CMakeFiles/my_fc_fw.elf.dir/Drivers/STM32F4xx_HAL_Driver/Src/stm32f4xx_hal_uart.c.obj
                0x0000000008003e1e                HAL_UARTEx_RxEventCallback
 .text.UART_Receive_IT
                0x0000000008003e20       0xe2 CMakeFiles/my_fc_fw.elf.dir/Drivers/STM32F4xx_HAL_Driver/Src/stm32f4xx_hal_uart.c.obj
 *fill*         0x0000000008003f02        0x2 
 .text.HAL_UART_IRQHandler
                0x0000000008003f04      0x280 CMakeFiles/my_fc_fw.elf.dir/Drivers/STM32F4xx_HAL_Driver/Src/stm32f4xx_hal_uart.c.obj
                0x0000000008003f04                HAL_UART_IRQHandler
 .text.makeFreeRtosPriority
                0x0000000008004184        0xc CMakeFiles/my_fc_fw.elf.dir/Middlewares/Third_Party/FreeRTOS/Source/CMSIS_RTOS/cmsis_os.c.obj
 .text.osKernelStart
                0x0000000008004190        0xa CMakeFiles/my_fc_fw.elf.dir/Middlewares/Third_Party/FreeRTOS/Source/CMSIS_RTOS/cmsis_os.c.obj
                0x0000000008004190                osKernelStart
 .text.osThreadCreate
                0x000000000800419a       0x6a CMakeFiles/my_fc_fw.elf.dir/Middlewares/Third_Party/FreeRTOS/Source/CMSIS_RTOS/cmsis_os.c.obj
                0x000000000800419a                osThreadCreate
 .text.osDelay  0x0000000008004204        0xe CMakeFiles/my_fc_fw.elf.dir/Middlewares/Third_Party/FreeRTOS/Source/CMSIS_RTOS/cmsis_os.c.obj
                0x0000000008004204                osDelay
 .text.vListInitialise
                0x0000000008004212       0x16 CMakeFiles/my_fc_fw.elf.dir/Middlewares/Third_Party/FreeRTOS/Source/list.c.obj
                0x0000000008004212                vListInitialise
 .text.vListInitialiseItem
                0x0000000008004228        0x6 CMakeFiles/my_fc_fw.elf.dir/Middlewares/Third_Party/FreeRTOS/Source/list.c.obj
                0x0000000008004228                vListInitialiseItem
 .text.vListInsertEnd
                0x000000000800422e       0x16 CMakeFiles/my_fc_fw.elf.dir/Middlewares/Third_Party/FreeRTOS/Source/list.c.obj
                0x000000000800422e                vListInsertEnd
 .text.vListInsert
                0x0000000008004244       0x32 CMakeFiles/my_fc_fw.elf.dir/Middlewares/Third_Party/FreeRTOS/Source/list.c.obj
                0x0000000008004244                vListInsert
 .text.uxListRemove
                0x0000000008004276       0x26 CMakeFiles/my_fc_fw.elf.dir/Middlewares/Third_Party/FreeRTOS/Source/list.c.obj
                0x0000000008004276                uxListRemove
 .text.prvTaskExitError
                0x000000000800429c       0x40 CMakeFiles/my_fc_fw.elf.dir/Middlewares/Third_Party/FreeRTOS/Source/portable/GCC/ARM_CM4F/port.c.obj
 .text.prvPortStartFirstTask
                0x00000000080042dc       0x28 CMakeFiles/my_fc_fw.elf.dir/Middlewares/Third_Party/FreeRTOS/Source/portable/GCC/ARM_CM4F/port.c.obj
 .text.vPortEnableVFP
                0x0000000008004304       0x14 CMakeFiles/my_fc_fw.elf.dir/Middlewares/Third_Party/FreeRTOS/Source/portable/GCC/ARM_CM4F/port.c.obj
 .text.pxPortInitialiseStack
                0x0000000008004318       0x2c CMakeFiles/my_fc_fw.elf.dir/Middlewares/Third_Party/FreeRTOS/Source/portable/GCC/ARM_CM4F/port.c.obj
                0x0000000008004318                pxPortInitialiseStack
 *fill*         0x0000000008004344        0xc 
 .text.SVC_Handler
                0x0000000008004350       0x24 CMakeFiles/my_fc_fw.elf.dir/Middlewares/Third_Party/FreeRTOS/Source/portable/GCC/ARM_CM4F/port.c.obj
                0x0000000008004350                SVC_Handler
 .text.vPortEnterCritical
                0x0000000008004374       0x44 CMakeFiles/my_fc_fw.elf.dir/Middlewares/Third_Party/FreeRTOS/Source/portable/GCC/ARM_CM4F/port.c.obj
                0x0000000008004374                vPortEnterCritical
 .text.vPortExitCritical
                0x00000000080043b8       0x2c CMakeFiles/my_fc_fw.elf.dir/Middlewares/Third_Party/FreeRTOS/Source/portable/GCC/ARM_CM4F/port.c.obj
                0x00000000080043b8                vPortExitCritical
 *fill*         0x00000000080043e4        0xc 
 .text.PendSV_Handler
                0x00000000080043f0       0x64 CMakeFiles/my_fc_fw.elf.dir/Middlewares/Third_Party/FreeRTOS/Source/portable/GCC/ARM_CM4F/port.c.obj
                0x00000000080043f0                PendSV_Handler
 .text.SysTick_Handler
                0x0000000008004454       0x2c CMakeFiles/my_fc_fw.elf.dir/Middlewares/Third_Party/FreeRTOS/Source/portable/GCC/ARM_CM4F/port.c.obj
                0x0000000008004454                SysTick_Handler
 .text.vPortSetupTimerInterrupt
                0x0000000008004480       0x28 CMakeFiles/my_fc_fw.elf.dir/Middlewares/Third_Party/FreeRTOS/Source/portable/GCC/ARM_CM4F/port.c.obj
                0x0000000008004480                vPortSetupTimerInterrupt
 .text.xPortStartScheduler
                0x00000000080044a8      0x118 CMakeFiles/my_fc_fw.elf.dir/Middlewares/Third_Party/FreeRTOS/Source/portable/GCC/ARM_CM4F/port.c.obj
                0x00000000080044a8                xPortStartScheduler
 .text.prvHeapInit
                0x00000000080045c0       0x64 CMakeFiles/my_fc_fw.elf.dir/Middlewares/Third_Party/FreeRTOS/Source/portable/MemMang/heap_4.c.obj
 .text.prvInsertBlockIntoFreeList
                0x0000000008004624       0x64 CMakeFiles/my_fc_fw.elf.dir/Middlewares/Third_Party/FreeRTOS/Source/portable/MemMang/heap_4.c.obj
 .text.pvPortMalloc
                0x0000000008004688       0xfc CMakeFiles/my_fc_fw.elf.dir/Middlewares/Third_Party/FreeRTOS/Source/portable/MemMang/heap_4.c.obj
                0x0000000008004688                pvPortMalloc
 .text.vPortFree
                0x0000000008004784       0x7c CMakeFiles/my_fc_fw.elf.dir/Middlewares/Third_Party/FreeRTOS/Source/portable/MemMang/heap_4.c.obj
                0x0000000008004784                vPortFree
 .text.prvResetNextTaskUnblockTime
                0x0000000008004800       0x2c CMakeFiles/my_fc_fw.elf.dir/Middlewares/Third_Party/FreeRTOS/Source/tasks.c.obj
 .text.prvInitialiseNewTask
                0x000000000800482c       0xa2 CMakeFiles/my_fc_fw.elf.dir/Middlewares/Third_Party/FreeRTOS/Source/tasks.c.obj
 *fill*         0x00000000080048ce        0x2 
 .text.prvInitialiseTaskLists
                0x00000000080048d0       0x68 CMakeFiles/my_fc_fw.elf.dir/Middlewares/Third_Party/FreeRTOS/Source/tasks.c.obj
 .text.prvAddNewTaskToReadyList
                0x0000000008004938       0xa8 CMakeFiles/my_fc_fw.elf.dir/Middlewares/Third_Party/FreeRTOS/Source/tasks.c.obj
 .text.prvDeleteTCB
                0x00000000080049e0       0x38 CMakeFiles/my_fc_fw.elf.dir/Middlewares/Third_Party/FreeRTOS/Source/tasks.c.obj
 .text.prvCheckTasksWaitingTermination
                0x0000000008004a18       0x4c CMakeFiles/my_fc_fw.elf.dir/Middlewares/Third_Party/FreeRTOS/Source/tasks.c.obj
 .text.prvIdleTask
                0x0000000008004a64       0x28 CMakeFiles/my_fc_fw.elf.dir/Middlewares/Third_Party/FreeRTOS/Source/tasks.c.obj
 .text.prvAddCurrentTaskToDelayedList
                0x0000000008004a8c       0x98 CMakeFiles/my_fc_fw.elf.dir/Middlewares/Third_Party/FreeRTOS/Source/tasks.c.obj
 .text.xTaskCreateStatic
                0x0000000008004b24       0x76 CMakeFiles/my_fc_fw.elf.dir/Middlewares/Third_Party/FreeRTOS/Source/tasks.c.obj
                0x0000000008004b24                xTaskCreateStatic
 .text.xTaskCreate
                0x0000000008004b9a       0x68 CMakeFiles/my_fc_fw.elf.dir/Middlewares/Third_Party/FreeRTOS/Source/tasks.c.obj
                0x0000000008004b9a                xTaskCreate
 *fill*         0x0000000008004c02        0x2 
 .text.vTaskStartScheduler
                0x0000000008004c04       0x74 CMakeFiles/my_fc_fw.elf.dir/Middlewares/Third_Party/FreeRTOS/Source/tasks.c.obj
                0x0000000008004c04                vTaskStartScheduler
 .text.vTaskSuspendAll
                0x0000000008004c78       0x10 CMakeFiles/my_fc_fw.elf.dir/Middlewares/Third_Party/FreeRTOS/Source/tasks.c.obj
                0x0000000008004c78                vTaskSuspendAll
 .text.xTaskIncrementTick
                0x0000000008004c88      0x118 CMakeFiles/my_fc_fw.elf.dir/Middlewares/Third_Party/FreeRTOS/Source/tasks.c.obj
                0x0000000008004c88                xTaskIncrementTick
 .text.xTaskResumeAll
                0x0000000008004da0       0xf8 CMakeFiles/my_fc_fw.elf.dir/Middlewares/Third_Party/FreeRTOS/Source/tasks.c.obj
                0x0000000008004da0                xTaskResumeAll
 .text.vTaskDelay
                0x0000000008004e98       0x4c CMakeFiles/my_fc_fw.elf.dir/Middlewares/Third_Party/FreeRTOS/Source/tasks.c.obj
                0x0000000008004e98                vTaskDelay
 .text.vTaskSwitchContext
                0x0000000008004ee4       0x98 CMakeFiles/my_fc_fw.elf.dir/Middlewares/Third_Party/FreeRTOS/Source/tasks.c.obj
                0x0000000008004ee4                vTaskSwitchContext
 .text.__errno  0x0000000008004f7c        0xc /opt/homebrew/Cellar/arm-none-eabi-gcc/10.3-2021.07/gcc/bin/../lib/gcc/arm-none-eabi/10.3.1/../../../../arm-none-eabi/lib/thumb/v7e-m+fp/hard/libg.a(lib_a-errno.o)
                0x0000000008004f7c                __errno
 .text.__libc_init_array
                0x0000000008004f88       0x48 /opt/homebrew/Cellar/arm-none-eabi-gcc/10.3-2021.07/gcc/bin/../lib/gcc/arm-none-eabi/10.3.1/../../../../arm-none-eabi/lib/thumb/v7e-m+fp/hard/libg.a(lib_a-init.o)
                0x0000000008004f88                __libc_init_array
 .text.memset   0x0000000008004fd0       0xa4 /opt/homebrew/Cellar/arm-none-eabi-gcc/10.3-2021.07/gcc/bin/../lib/gcc/arm-none-eabi/10.3.1/../../../../arm-none-eabi/lib/thumb/v7e-m+fp/hard/libg.a(lib_a-memset.o)
                0x0000000008004fd0                memset
 .text.printf   0x0000000008005074       0x28 /opt/homebrew/Cellar/arm-none-eabi-gcc/10.3-2021.07/gcc/bin/../lib/gcc/arm-none-eabi/10.3.1/../../../../arm-none-eabi/lib/thumb/v7e-m+fp/hard/libg.a(lib_a-printf.o)
                0x0000000008005074                printf
 *fill*         0x000000000800509c        0x4 
 .text._vfprintf_r
                0x00000000080050a0     0x1b90 /opt/homebrew/Cellar/arm-none-eabi-gcc/10.3-2021.07/gcc/bin/../lib/gcc/arm-none-eabi/10.3.1/../../../../arm-none-eabi/lib/thumb/v7e-m+fp/hard/libg.a(lib_a-vfprintf.o)
                0x00000000080050a0                _vfprintf_r
 .text.__sbprintf
                0x0000000008006c30       0x80 /opt/homebrew/Cellar/arm-none-eabi-gcc/10.3-2021.07/gcc/bin/../lib/gcc/arm-none-eabi/10.3.1/../../../../arm-none-eabi/lib/thumb/v7e-m+fp/hard/libg.a(lib_a-vfprintf.o)
 .text.__swsetup_r
                0x0000000008006cb0       0xd4 /opt/homebrew/Cellar/arm-none-eabi-gcc/10.3-2021.07/gcc/bin/../lib/gcc/arm-none-eabi/10.3.1/../../../../arm-none-eabi/lib/thumb/v7e-m+fp/hard/libg.a(lib_a-wsetup.o)
                0x0000000008006cb0                __swsetup_r
 .text.startup.register_fini
                0x0000000008006d84       0x14 /opt/homebrew/Cellar/arm-none-eabi-gcc/10.3-2021.07/gcc/bin/../lib/gcc/arm-none-eabi/10.3.1/../../../../arm-none-eabi/lib/thumb/v7e-m+fp/hard/libg.a(lib_a-__call_atexit.o)
 .text.atexit   0x0000000008006d98        0xc /opt/homebrew/Cellar/arm-none-eabi-gcc/10.3-2021.07/gcc/bin/../lib/gcc/arm-none-eabi/10.3.1/../../../../arm-none-eabi/lib/thumb/v7e-m+fp/hard/libg.a(lib_a-atexit.o)
                0x0000000008006d98                atexit
 .text.quorem   0x0000000008006da4      0x128 /opt/homebrew/Cellar/arm-none-eabi-gcc/10.3-2021.07/gcc/bin/../lib/gcc/arm-none-eabi/10.3.1/../../../../arm-none-eabi/lib/thumb/v7e-m+fp/hard/libg.a(lib_a-dtoa.o)
 *fill*         0x0000000008006ecc        0x4 
 .text._dtoa_r  0x0000000008006ed0      0xf3c /opt/homebrew/Cellar/arm-none-eabi-gcc/10.3-2021.07/gcc/bin/../lib/gcc/arm-none-eabi/10.3.1/../../../../arm-none-eabi/lib/thumb/v7e-m+fp/hard/libg.a(lib_a-dtoa.o)
                0x0000000008006ed0                _dtoa_r
 .text.__sflush_r
                0x0000000008007e0c      0x130 /opt/homebrew/Cellar/arm-none-eabi-gcc/10.3-2021.07/gcc/bin/../lib/gcc/arm-none-eabi/10.3.1/../../../../arm-none-eabi/lib/thumb/v7e-m+fp/hard/libg.a(lib_a-fflush.o)
                0x0000000008007e0c                __sflush_r
 .text._fflush_r
                0x0000000008007f3c       0x5c /opt/homebrew/Cellar/arm-none-eabi-gcc/10.3-2021.07/gcc/bin/../lib/gcc/arm-none-eabi/10.3.1/../../../../arm-none-eabi/lib/thumb/v7e-m+fp/hard/libg.a(lib_a-fflush.o)
                0x0000000008007f3c                _fflush_r
 .text._cleanup_r
                0x0000000008007f98        0xc /opt/homebrew/Cellar/arm-none-eabi-gcc/10.3-2021.07/gcc/bin/../lib/gcc/arm-none-eabi/10.3.1/../../../../arm-none-eabi/lib/thumb/v7e-m+fp/hard/libg.a(lib_a-findfp.o)
                0x0000000008007f98                _cleanup_r
 .text.__sinit  0x0000000008007fa4      0x10c /opt/homebrew/Cellar/arm-none-eabi-gcc/10.3-2021.07/gcc/bin/../lib/gcc/arm-none-eabi/10.3.1/../../../../arm-none-eabi/lib/thumb/v7e-m+fp/hard/libg.a(lib_a-findfp.o)
                0x0000000008007fa4                __sinit
 .text.__sfp_lock_acquire
                0x00000000080080b0        0xc /opt/homebrew/Cellar/arm-none-eabi-gcc/10.3-2021.07/gcc/bin/../lib/gcc/arm-none-eabi/10.3.1/../../../../arm-none-eabi/lib/thumb/v7e-m+fp/hard/libg.a(lib_a-findfp.o)
                0x00000000080080b0                __sfp_lock_acquire
 .text.__sfp_lock_release
                0x00000000080080bc        0xc /opt/homebrew/Cellar/arm-none-eabi-gcc/10.3-2021.07/gcc/bin/../lib/gcc/arm-none-eabi/10.3.1/../../../../arm-none-eabi/lib/thumb/v7e-m+fp/hard/libg.a(lib_a-findfp.o)
                0x00000000080080bc                __sfp_lock_release
 .text.__libc_fini_array
                0x00000000080080c8       0x2c /opt/homebrew/Cellar/arm-none-eabi-gcc/10.3-2021.07/gcc/bin/../lib/gcc/arm-none-eabi/10.3.1/../../../../arm-none-eabi/lib/thumb/v7e-m+fp/hard/libg.a(lib_a-fini.o)
                0x00000000080080c8                __libc_fini_array
 .text._malloc_trim_r
                0x00000000080080f4       0xa0 /opt/homebrew/Cellar/arm-none-eabi-gcc/10.3-2021.07/gcc/bin/../lib/gcc/arm-none-eabi/10.3.1/../../../../arm-none-eabi/lib/thumb/v7e-m+fp/hard/libg.a(lib_a-freer.o)
                0x00000000080080f4                _malloc_trim_r
 .text._free_r  0x0000000008008194      0x20c /opt/homebrew/Cellar/arm-none-eabi-gcc/10.3-2021.07/gcc/bin/../lib/gcc/arm-none-eabi/10.3.1/../../../../arm-none-eabi/lib/thumb/v7e-m+fp/hard/libg.a(lib_a-freer.o)
                0x0000000008008194                _free_r
 .text._fwalk_reent
                0x00000000080083a0       0x48 /opt/homebrew/Cellar/arm-none-eabi-gcc/10.3-2021.07/gcc/bin/../lib/gcc/arm-none-eabi/10.3.1/../../../../arm-none-eabi/lib/thumb/v7e-m+fp/hard/libg.a(lib_a-fwalk.o)
                0x00000000080083a0                _fwalk_reent
 .text._localeconv_r
                0x00000000080083e8        0x8 /opt/homebrew/Cellar/arm-none-eabi-gcc/10.3-2021.07/gcc/bin/../lib/gcc/arm-none-eabi/10.3.1/../../../../arm-none-eabi/lib/thumb/v7e-m+fp/hard/libg.a(lib_a-localeconv.o)
                0x00000000080083e8                _localeconv_r
 .text.__retarget_lock_init_recursive
                0x00000000080083f0        0x4 /opt/homebrew/Cellar/arm-none-eabi-gcc/10.3-2021.07/gcc/bin/../lib/gcc/arm-none-eabi/10.3.1/../../../../arm-none-eabi/lib/thumb/v7e-m+fp/hard/libg.a(lib_a-lock.o)
                0x00000000080083f0                __retarget_lock_init_recursive
 .text.__retarget_lock_close_recursive
                0x00000000080083f4        0x4 /opt/homebrew/Cellar/arm-none-eabi-gcc/10.3-2021.07/gcc/bin/../lib/gcc/arm-none-eabi/10.3.1/../../../../arm-none-eabi/lib/thumb/v7e-m+fp/hard/libg.a(lib_a-lock.o)
                0x00000000080083f4                __retarget_lock_close_recursive
 .text.__retarget_lock_acquire_recursive
                0x00000000080083f8        0x4 /opt/homebrew/Cellar/arm-none-eabi-gcc/10.3-2021.07/gcc/bin/../lib/gcc/arm-none-eabi/10.3.1/../../../../arm-none-eabi/lib/thumb/v7e-m+fp/hard/libg.a(lib_a-lock.o)
                0x00000000080083f8                __retarget_lock_acquire_recursive
 .text.__retarget_lock_release_recursive
                0x00000000080083fc        0x4 /opt/homebrew/Cellar/arm-none-eabi-gcc/10.3-2021.07/gcc/bin/../lib/gcc/arm-none-eabi/10.3.1/../../../../arm-none-eabi/lib/thumb/v7e-m+fp/hard/libg.a(lib_a-lock.o)
                0x00000000080083fc                __retarget_lock_release_recursive
 .text.__smakebuf_r
                0x0000000008008400       0xe0 /opt/homebrew/Cellar/arm-none-eabi-gcc/10.3-2021.07/gcc/bin/../lib/gcc/arm-none-eabi/10.3.1/../../../../arm-none-eabi/lib/thumb/v7e-m+fp/hard/libg.a(lib_a-makebuf.o)
                0x0000000008008400                __smakebuf_r
 .text._malloc_r
                0x00000000080084e0      0x560 /opt/homebrew/Cellar/arm-none-eabi-gcc/10.3-2021.07/gcc/bin/../lib/gcc/arm-none-eabi/10.3.1/../../../../arm-none-eabi/lib/thumb/v7e-m+fp/hard/libg.a(lib_a-mallocr.o)
                0x00000000080084e0                _malloc_r
 .text.__malloc_lock
                0x0000000008008a40        0xc /opt/homebrew/Cellar/arm-none-eabi-gcc/10.3-2021.07/gcc/bin/../lib/gcc/arm-none-eabi/10.3.1/../../../../arm-none-eabi/lib/thumb/v7e-m+fp/hard/libg.a(lib_a-mlock.o)
                0x0000000008008a40                __malloc_lock
 .text.__malloc_unlock
                0x0000000008008a4c        0xc /opt/homebrew/Cellar/arm-none-eabi-gcc/10.3-2021.07/gcc/bin/../lib/gcc/arm-none-eabi/10.3.1/../../../../arm-none-eabi/lib/thumb/v7e-m+fp/hard/libg.a(lib_a-mlock.o)
                0x0000000008008a4c                __malloc_unlock
 .text._Balloc  0x0000000008008a58       0x4c /opt/homebrew/Cellar/arm-none-eabi-gcc/10.3-2021.07/gcc/bin/../lib/gcc/arm-none-eabi/10.3.1/../../../../arm-none-eabi/lib/thumb/v7e-m+fp/hard/libg.a(lib_a-mprec.o)
                0x0000000008008a58                _Balloc
 .text._Bfree   0x0000000008008aa4       0x14 /opt/homebrew/Cellar/arm-none-eabi-gcc/10.3-2021.07/gcc/bin/../lib/gcc/arm-none-eabi/10.3.1/../../../../arm-none-eabi/lib/thumb/v7e-m+fp/hard/libg.a(lib_a-mprec.o)
                0x0000000008008aa4                _Bfree
 .text.__multadd
                0x0000000008008ab8       0xa8 /opt/homebrew/Cellar/arm-none-eabi-gcc/10.3-2021.07/gcc/bin/../lib/gcc/arm-none-eabi/10.3.1/../../../../arm-none-eabi/lib/thumb/v7e-m+fp/hard/libg.a(lib_a-mprec.o)
                0x0000000008008ab8                __multadd
 .text.__hi0bits
                0x0000000008008b60       0x40 /opt/homebrew/Cellar/arm-none-eabi-gcc/10.3-2021.07/gcc/bin/../lib/gcc/arm-none-eabi/10.3.1/../../../../arm-none-eabi/lib/thumb/v7e-m+fp/hard/libg.a(lib_a-mprec.o)
                0x0000000008008b60                __hi0bits
 .text.__lo0bits
                0x0000000008008ba0       0x60 /opt/homebrew/Cellar/arm-none-eabi-gcc/10.3-2021.07/gcc/bin/../lib/gcc/arm-none-eabi/10.3.1/../../../../arm-none-eabi/lib/thumb/v7e-m+fp/hard/libg.a(lib_a-mprec.o)
                0x0000000008008ba0                __lo0bits
 .text.__i2b    0x0000000008008c00       0x5c /opt/homebrew/Cellar/arm-none-eabi-gcc/10.3-2021.07/gcc/bin/../lib/gcc/arm-none-eabi/10.3.1/../../../../arm-none-eabi/lib/thumb/v7e-m+fp/hard/libg.a(lib_a-mprec.o)
                0x0000000008008c00                __i2b
 .text.__multiply
                0x0000000008008c5c      0x15c /opt/homebrew/Cellar/arm-none-eabi-gcc/10.3-2021.07/gcc/bin/../lib/gcc/arm-none-eabi/10.3.1/../../../../arm-none-eabi/lib/thumb/v7e-m+fp/hard/libg.a(lib_a-mprec.o)
                0x0000000008008c5c                __multiply
 .text.__pow5mult
                0x0000000008008db8       0xc0 /opt/homebrew/Cellar/arm-none-eabi-gcc/10.3-2021.07/gcc/bin/../lib/gcc/arm-none-eabi/10.3.1/../../../../arm-none-eabi/lib/thumb/v7e-m+fp/hard/libg.a(lib_a-mprec.o)
                0x0000000008008db8                __pow5mult
 .text.__lshift
                0x0000000008008e78       0xf0 /opt/homebrew/Cellar/arm-none-eabi-gcc/10.3-2021.07/gcc/bin/../lib/gcc/arm-none-eabi/10.3.1/../../../../arm-none-eabi/lib/thumb/v7e-m+fp/hard/libg.a(lib_a-mprec.o)
                0x0000000008008e78                __lshift
 .text.__mcmp   0x0000000008008f68       0x44 /opt/homebrew/Cellar/arm-none-eabi-gcc/10.3-2021.07/gcc/bin/../lib/gcc/arm-none-eabi/10.3.1/../../../../arm-none-eabi/lib/thumb/v7e-m+fp/hard/libg.a(lib_a-mprec.o)
                0x0000000008008f68                __mcmp
 .text.__mdiff  0x0000000008008fac      0x14c /opt/homebrew/Cellar/arm-none-eabi-gcc/10.3-2021.07/gcc/bin/../lib/gcc/arm-none-eabi/10.3.1/../../../../arm-none-eabi/lib/thumb/v7e-m+fp/hard/libg.a(lib_a-mprec.o)
                0x0000000008008fac                __mdiff
 .text.__d2b    0x00000000080090f8       0xd0 /opt/homebrew/Cellar/arm-none-eabi-gcc/10.3-2021.07/gcc/bin/../lib/gcc/arm-none-eabi/10.3.1/../../../../arm-none-eabi/lib/thumb/v7e-m+fp/hard/libg.a(lib_a-mprec.o)
                0x00000000080090f8                __d2b
 .text.frexp    0x00000000080091c8       0x6c /opt/homebrew/Cellar/arm-none-eabi-gcc/10.3-2021.07/gcc/bin/../lib/gcc/arm-none-eabi/10.3.1/../../../../arm-none-eabi/lib/thumb/v7e-m+fp/hard/libg.a(lib_a-s_frexp.o)
                0x00000000080091c8                frexp
 .text._sbrk_r  0x0000000008009234       0x24 /opt/homebrew/Cellar/arm-none-eabi-gcc/10.3-2021.07/gcc/bin/../lib/gcc/arm-none-eabi/10.3.1/../../../../arm-none-eabi/lib/thumb/v7e-m+fp/hard/libg.a(lib_a-sbrkr.o)
                0x0000000008009234                _sbrk_r
 .text.__sread  0x0000000008009258       0x24 /opt/homebrew/Cellar/arm-none-eabi-gcc/10.3-2021.07/gcc/bin/../lib/gcc/arm-none-eabi/10.3.1/../../../../arm-none-eabi/lib/thumb/v7e-m+fp/hard/libg.a(lib_a-stdio.o)
                0x0000000008009258                __sread
 .text.__swrite
                0x000000000800927c       0x40 /opt/homebrew/Cellar/arm-none-eabi-gcc/10.3-2021.07/gcc/bin/../lib/gcc/arm-none-eabi/10.3.1/../../../../arm-none-eabi/lib/thumb/v7e-m+fp/hard/libg.a(lib_a-stdio.o)
                0x000000000800927c                __swrite
 .text.__sseek  0x00000000080092bc       0x20 /opt/homebrew/Cellar/arm-none-eabi-gcc/10.3-2021.07/gcc/bin/../lib/gcc/arm-none-eabi/10.3.1/../../../../arm-none-eabi/lib/thumb/v7e-m+fp/hard/libg.a(lib_a-stdio.o)
                0x00000000080092bc                __sseek
 .text.__sclose
                0x00000000080092dc        0x8 /opt/homebrew/Cellar/arm-none-eabi-gcc/10.3-2021.07/gcc/bin/../lib/gcc/arm-none-eabi/10.3.1/../../../../arm-none-eabi/lib/thumb/v7e-m+fp/hard/libg.a(lib_a-stdio.o)
                0x00000000080092dc                __sclose
 .text.strncpy  0x00000000080092e4       0x64 /opt/homebrew/Cellar/arm-none-eabi-gcc/10.3-2021.07/gcc/bin/../lib/gcc/arm-none-eabi/10.3.1/../../../../arm-none-eabi/lib/thumb/v7e-m+fp/hard/libg.a(lib_a-strncpy.o)
                0x00000000080092e4                strncpy
 .text.__sprint_r.part.0
                0x0000000008009348       0x78 /opt/homebrew/Cellar/arm-none-eabi-gcc/10.3-2021.07/gcc/bin/../lib/gcc/arm-none-eabi/10.3.1/../../../../arm-none-eabi/lib/thumb/v7e-m+fp/hard/libg.a(lib_a-vfiprintf.o)
 .text.__sprint_r
                0x00000000080093c0       0x18 /opt/homebrew/Cellar/arm-none-eabi-gcc/10.3-2021.07/gcc/bin/../lib/gcc/arm-none-eabi/10.3.1/../../../../arm-none-eabi/lib/thumb/v7e-m+fp/hard/libg.a(lib_a-vfiprintf.o)
                0x00000000080093c0                __sprint_r
 .text._vfiprintf_r
                0x00000000080093d8      0xdfc /opt/homebrew/Cellar/arm-none-eabi-gcc/10.3-2021.07/gcc/bin/../lib/gcc/arm-none-eabi/10.3.1/../../../../arm-none-eabi/lib/thumb/v7e-m+fp/hard/libg.a(lib_a-vfiprintf.o)
                0x00000000080093d8                _vfiprintf_r
 .text.__sbprintf
                0x000000000800a1d4       0x80 /opt/homebrew/Cellar/arm-none-eabi-gcc/10.3-2021.07/gcc/bin/../lib/gcc/arm-none-eabi/10.3.1/../../../../arm-none-eabi/lib/thumb/v7e-m+fp/hard/libg.a(lib_a-vfiprintf.o)
 .text._write_r
                0x000000000800a254       0x2c /opt/homebrew/Cellar/arm-none-eabi-gcc/10.3-2021.07/gcc/bin/../lib/gcc/arm-none-eabi/10.3.1/../../../../arm-none-eabi/lib/thumb/v7e-m+fp/hard/libg.a(lib_a-writer.o)
                0x000000000800a254                _write_r
 .text.__register_exitproc
                0x000000000800a280       0x8c /opt/homebrew/Cellar/arm-none-eabi-gcc/10.3-2021.07/gcc/bin/../lib/gcc/arm-none-eabi/10.3.1/../../../../arm-none-eabi/lib/thumb/v7e-m+fp/hard/libg.a(lib_a-__atexit.o)
                0x000000000800a280                __register_exitproc
 .text.__assert_func
                0x000000000800a30c       0x40 /opt/homebrew/Cellar/arm-none-eabi-gcc/10.3-2021.07/gcc/bin/../lib/gcc/arm-none-eabi/10.3.1/../../../../arm-none-eabi/lib/thumb/v7e-m+fp/hard/libg.a(lib_a-assert.o)
                0x000000000800a30c                __assert_func
 .text._calloc_r
                0x000000000800a34c       0x78 /opt/homebrew/Cellar/arm-none-eabi-gcc/10.3-2021.07/gcc/bin/../lib/gcc/arm-none-eabi/10.3.1/../../../../arm-none-eabi/lib/thumb/v7e-m+fp/hard/libg.a(lib_a-callocr.o)
                0x000000000800a34c                _calloc_r
 .text._close_r
                0x000000000800a3c4       0x24 /opt/homebrew/Cellar/arm-none-eabi-gcc/10.3-2021.07/gcc/bin/../lib/gcc/arm-none-eabi/10.3.1/../../../../arm-none-eabi/lib/thumb/v7e-m+fp/hard/libg.a(lib_a-closer.o)
                0x000000000800a3c4                _close_r
 .text._fclose_r
                0x000000000800a3e8       0xcc /opt/homebrew/Cellar/arm-none-eabi-gcc/10.3-2021.07/gcc/bin/../lib/gcc/arm-none-eabi/10.3.1/../../../../arm-none-eabi/lib/thumb/v7e-m+fp/hard/libg.a(lib_a-fclose.o)
                0x000000000800a3e8                _fclose_r
 .text.fiprintf
                0x000000000800a4b4       0x28 /opt/homebrew/Cellar/arm-none-eabi-gcc/10.3-2021.07/gcc/bin/../lib/gcc/arm-none-eabi/10.3.1/../../../../arm-none-eabi/lib/thumb/v7e-m+fp/hard/libg.a(lib_a-fiprintf.o)
                0x000000000800a4b4                fiprintf
 .text.__fputwc
                0x000000000800a4dc       0xa8 /opt/homebrew/Cellar/arm-none-eabi-gcc/10.3-2021.07/gcc/bin/../lib/gcc/arm-none-eabi/10.3.1/../../../../arm-none-eabi/lib/thumb/v7e-m+fp/hard/libg.a(lib_a-fputwc.o)
                0x000000000800a4dc                __fputwc
 .text._fputwc_r
                0x000000000800a584       0x68 /opt/homebrew/Cellar/arm-none-eabi-gcc/10.3-2021.07/gcc/bin/../lib/gcc/arm-none-eabi/10.3.1/../../../../arm-none-eabi/lib/thumb/v7e-m+fp/hard/libg.a(lib_a-fputwc.o)
                0x000000000800a584                _fputwc_r
 .text._fstat_r
                0x000000000800a5ec       0x2c /opt/homebrew/Cellar/arm-none-eabi-gcc/10.3-2021.07/gcc/bin/../lib/gcc/arm-none-eabi/10.3.1/../../../../arm-none-eabi/lib/thumb/v7e-m+fp/hard/libg.a(lib_a-fstatr.o)
                0x000000000800a5ec                _fstat_r
 .text.__sfvwrite_r
                0x000000000800a618      0x2f0 /opt/homebrew/Cellar/arm-none-eabi-gcc/10.3-2021.07/gcc/bin/../lib/gcc/arm-none-eabi/10.3.1/../../../../arm-none-eabi/lib/thumb/v7e-m+fp/hard/libg.a(lib_a-fvwrite.o)
                0x000000000800a618                __sfvwrite_r
 .text._isatty_r
                0x000000000800a908       0x24 /opt/homebrew/Cellar/arm-none-eabi-gcc/10.3-2021.07/gcc/bin/../lib/gcc/arm-none-eabi/10.3.1/../../../../arm-none-eabi/lib/thumb/v7e-m+fp/hard/libg.a(lib_a-isattyr.o)
                0x000000000800a908                _isatty_r
 .text.__locale_mb_cur_max
                0x000000000800a92c        0xc /opt/homebrew/Cellar/arm-none-eabi-gcc/10.3-2021.07/gcc/bin/../lib/gcc/arm-none-eabi/10.3.1/../../../../arm-none-eabi/lib/thumb/v7e-m+fp/hard/libg.a(lib_a-locale.o)
                0x000000000800a92c                __locale_mb_cur_max
 .text._lseek_r
                0x000000000800a938       0x2c /opt/homebrew/Cellar/arm-none-eabi-gcc/10.3-2021.07/gcc/bin/../lib/gcc/arm-none-eabi/10.3.1/../../../../arm-none-eabi/lib/thumb/v7e-m+fp/hard/libg.a(lib_a-lseekr.o)
                0x000000000800a938                _lseek_r
 .text.__ascii_mbtowc
                0x000000000800a964       0x2c /opt/homebrew/Cellar/arm-none-eabi-gcc/10.3-2021.07/gcc/bin/../lib/gcc/arm-none-eabi/10.3.1/../../../../arm-none-eabi/lib/thumb/v7e-m+fp/hard/libg.a(lib_a-mbtowc_r.o)
                0x000000000800a964                __ascii_mbtowc
 .text.memmove  0x000000000800a990       0xf8 /opt/homebrew/Cellar/arm-none-eabi-gcc/10.3-2021.07/gcc/bin/../lib/gcc/arm-none-eabi/10.3.1/../../../../arm-none-eabi/lib/thumb/v7e-m+fp/hard/libg.a(lib_a-memmove.o)
                0x000000000800a990                memmove
 .text._read_r  0x000000000800aa88       0x2c /opt/homebrew/Cellar/arm-none-eabi-gcc/10.3-2021.07/gcc/bin/../lib/gcc/arm-none-eabi/10.3.1/../../../../arm-none-eabi/lib/thumb/v7e-m+fp/hard/libg.a(lib_a-readr.o)
                0x000000000800aa88                _read_r
 .text._realloc_r
                0x000000000800aab4      0x3d8 /opt/homebrew/Cellar/arm-none-eabi-gcc/10.3-2021.07/gcc/bin/../lib/gcc/arm-none-eabi/10.3.1/../../../../arm-none-eabi/lib/thumb/v7e-m+fp/hard/libg.a(lib_a-reallocr.o)
                0x000000000800aab4                _realloc_r
 .text.__swbuf_r
                0x000000000800ae8c       0xb0 /opt/homebrew/Cellar/arm-none-eabi-gcc/10.3-2021.07/gcc/bin/../lib/gcc/arm-none-eabi/10.3.1/../../../../arm-none-eabi/lib/thumb/v7e-m+fp/hard/libg.a(lib_a-wbuf.o)
                0x000000000800ae8c                __swbuf_r
 .text._wcrtomb_r
                0x000000000800af3c       0x3c /opt/homebrew/Cellar/arm-none-eabi-gcc/10.3-2021.07/gcc/bin/../lib/gcc/arm-none-eabi/10.3.1/../../../../arm-none-eabi/lib/thumb/v7e-m+fp/hard/libg.a(lib_a-wcrtomb.o)
                0x000000000800af3c                _wcrtomb_r
 .text.__ascii_wctomb
                0x000000000800af78       0x1c /opt/homebrew/Cellar/arm-none-eabi-gcc/10.3-2021.07/gcc/bin/../lib/gcc/arm-none-eabi/10.3.1/../../../../arm-none-eabi/lib/thumb/v7e-m+fp/hard/libg.a(lib_a-wctomb_r.o)
                0x000000000800af78                __ascii_wctomb
 .text.abort    0x000000000800af94       0x10 /opt/homebrew/Cellar/arm-none-eabi-gcc/10.3-2021.07/gcc/bin/../lib/gcc/arm-none-eabi/10.3.1/../../../../arm-none-eabi/lib/thumb/v7e-m+fp/hard/libg.a(lib_a-abort.o)
                0x000000000800af94                abort
 .text.raise    0x000000000800afa4       0x5c /opt/homebrew/Cellar/arm-none-eabi-gcc/10.3-2021.07/gcc/bin/../lib/gcc/arm-none-eabi/10.3.1/../../../../arm-none-eabi/lib/thumb/v7e-m+fp/hard/libg.a(lib_a-signal.o)
                0x000000000800afa4                raise
 .text._kill_r  0x000000000800b000       0x2c /opt/homebrew/Cellar/arm-none-eabi-gcc/10.3-2021.07/gcc/bin/../lib/gcc/arm-none-eabi/10.3.1/../../../../arm-none-eabi/lib/thumb/v7e-m+fp/hard/libg.a(lib_a-signalr.o)
                0x000000000800b000                _kill_r
 .text._getpid_r
                0x000000000800b02c        0x4 /opt/homebrew/Cellar/arm-none-eabi-gcc/10.3-2021.07/gcc/bin/../lib/gcc/arm-none-eabi/10.3.1/../../../../arm-none-eabi/lib/thumb/v7e-m+fp/hard/libg.a(lib_a-signalr.o)
                0x000000000800b02c                _getpid_r
 .text.asinf    0x000000000800b030       0x58 /opt/homebrew/Cellar/arm-none-eabi-gcc/10.3-2021.07/gcc/bin/../lib/gcc/arm-none-eabi/10.3.1/../../../../arm-none-eabi/lib/thumb/v7e-m+fp/hard/libm.a(lib_a-wf_asin.o)
                0x000000000800b030                asinf
 .text.atan2f   0x000000000800b088        0x4 /opt/homebrew/Cellar/arm-none-eabi-gcc/10.3-2021.07/gcc/bin/../lib/gcc/arm-none-eabi/10.3.1/../../../../arm-none-eabi/lib/thumb/v7e-m+fp/hard/libm.a(lib_a-wf_atan2.o)
                0x000000000800b088                atan2f
 .text.sqrtf    0x000000000800b08c       0x44 /opt/homebrew/Cellar/arm-none-eabi-gcc/10.3-2021.07/gcc/bin/../lib/gcc/arm-none-eabi/10.3.1/../../../../arm-none-eabi/lib/thumb/v7e-m+fp/hard/libm.a(lib_a-wf_sqrt.o)
                0x000000000800b08c                sqrtf
 .text.__ieee754_asinf
                0x000000000800b0d0      0x20c /opt/homebrew/Cellar/arm-none-eabi-gcc/10.3-2021.07/gcc/bin/../lib/gcc/arm-none-eabi/10.3.1/../../../../arm-none-eabi/lib/thumb/v7e-m+fp/hard/libm.a(lib_a-ef_asin.o)
                0x000000000800b0d0                __ieee754_asinf
 .text.__ieee754_atan2f
                0x000000000800b2dc      0x150 /opt/homebrew/Cellar/arm-none-eabi-gcc/10.3-2021.07/gcc/bin/../lib/gcc/arm-none-eabi/10.3.1/../../../../arm-none-eabi/lib/thumb/v7e-m+fp/hard/libm.a(lib_a-ef_atan2.o)
                0x000000000800b2dc                __ieee754_atan2f
 .text.__ieee754_sqrtf
                0x000000000800b42c        0x8 /opt/homebrew/Cellar/arm-none-eabi-gcc/10.3-2021.07/gcc/bin/../lib/gcc/arm-none-eabi/10.3.1/../../../../arm-none-eabi/lib/thumb/v7e-m+fp/hard/libm.a(lib_a-ef_sqrt.o)
                0x000000000800b42c                __ieee754_sqrtf
 .text.atanf    0x000000000800b434      0x1b4 /opt/homebrew/Cellar/arm-none-eabi-gcc/10.3-2021.07/gcc/bin/../lib/gcc/arm-none-eabi/10.3.1/../../../../arm-none-eabi/lib/thumb/v7e-m+fp/hard/libm.a(lib_a-sf_atan.o)
                0x000000000800b434                atanf
 .text.fabsf    0x000000000800b5e8       0x10 /opt/homebrew/Cellar/arm-none-eabi-gcc/10.3-2021.07/gcc/bin/../lib/gcc/arm-none-eabi/10.3.1/../../../../arm-none-eabi/lib/thumb/v7e-m+fp/hard/libm.a(lib_a-sf_fabs.o)
                0x000000000800b5e8                fabsf
 .text.nanf     0x000000000800b5f8        0xc /opt/homebrew/Cellar/arm-none-eabi-gcc/10.3-2021.07/gcc/bin/../lib/gcc/arm-none-eabi/10.3.1/../../../../arm-none-eabi/lib/thumb/v7e-m+fp/hard/libm.a(lib_a-sf_nan.o)
                0x000000000800b5f8                nanf
 *(.glue_7)
 .glue_7        0x000000000800b604        0x0 linker stubs
 *(.glue_7t)
 .glue_7t       0x000000000800b604        0x0 linker stubs
 *(.eh_frame)
 .eh_frame      0x000000000800b604        0x0 /opt/homebrew/Cellar/arm-none-eabi-gcc/10.3-2021.07/gcc/bin/../lib/gcc/arm-none-eabi/10.3.1/thumb/v7e-m+fp/hard/crtbegin.o
 *(.init)
 .init          0x000000000800b604        0x4 /opt/homebrew/Cellar/arm-none-eabi-gcc/10.3-2021.07/gcc/bin/../lib/gcc/arm-none-eabi/10.3.1/thumb/v7e-m+fp/hard/crti.o
                0x000000000800b604                _init
 .init          0x000000000800b608        0x8 /opt/homebrew/Cellar/arm-none-eabi-gcc/10.3-2021.07/gcc/bin/../lib/gcc/arm-none-eabi/10.3.1/thumb/v7e-m+fp/hard/crtn.o
 *(.fini)
 .fini          0x000000000800b610        0x4 /opt/homebrew/Cellar/arm-none-eabi-gcc/10.3-2021.07/gcc/bin/../lib/gcc/arm-none-eabi/10.3.1/thumb/v7e-m+fp/hard/crti.o
                0x000000000800b610                _fini
 .fini          0x000000000800b614        0x8 /opt/homebrew/Cellar/arm-none-eabi-gcc/10.3-2021.07/gcc/bin/../lib/gcc/arm-none-eabi/10.3.1/thumb/v7e-m+fp/hard/crtn.o
                0x000000000800b61c                . = ALIGN (0x4)
                0x000000000800b61c                _etext = .

.vfp11_veneer   0x000000000800b61c        0x0
 .vfp11_veneer  0x000000000800b61c        0x0 linker stubs

.v4_bx          0x000000000800b61c        0x0
 .v4_bx         0x000000000800b61c        0x0 linker stubs

.iplt           0x000000000800b61c        0x0
 .iplt          0x000000000800b61c        0x0 /opt/homebrew/Cellar/arm-none-eabi-gcc/10.3-2021.07/gcc/bin/../lib/gcc/arm-none-eabi/10.3.1/thumb/v7e-m+fp/hard/crtbegin.o

.rodata         0x000000000800b620      0x4f8
                0x000000000800b620                . = ALIGN (0x4)
 *(.rodata)
 .rodata        0x000000000800b620        0x8 CMakeFiles/my_fc_fw.elf.dir/Core/Src/BMI088driver.c.obj
 .rodata        0x000000000800b628       0x54 CMakeFiles/my_fc_fw.elf.dir/Core/Src/main.c.obj
 *(.rodata*)
 .rodata.write_BMI088_accel_reg_data_error
                0x000000000800b67c       0x12 CMakeFiles/my_fc_fw.elf.dir/Core/Src/BMI088driver.c.obj
 *fill*         0x000000000800b68e        0x2 
 .rodata.write_BMI088_gyro_reg_data_error
                0x000000000800b690       0x12 CMakeFiles/my_fc_fw.elf.dir/Core/Src/BMI088driver.c.obj
 *fill*         0x000000000800b6a2        0x2 
 .rodata.debug_output_entry.str1.4
                0x000000000800b6a4       0x2d CMakeFiles/my_fc_fw.elf.dir/Core/Src/debug_by_uart_task.c.obj
 *fill*         0x000000000800b6d1        0x3 
 .rodata.str1.4
                0x000000000800b6d4       0x29 CMakeFiles/my_fc_fw.elf.dir/Core/Src/main.c.obj
 *fill*         0x000000000800b6fd        0x3 
 .rodata.AHBPrescTable
                0x000000000800b700       0x10 CMakeFiles/my_fc_fw.elf.dir/Core/Src/system_stm32f4xx.c.obj
                0x000000000800b700                AHBPrescTable
 .rodata.APBPrescTable
                0x000000000800b710        0x8 CMakeFiles/my_fc_fw.elf.dir/Core/Src/system_stm32f4xx.c.obj
                0x000000000800b710                APBPrescTable
 .rodata.flagBitshiftOffset.0
                0x000000000800b718        0x8 CMakeFiles/my_fc_fw.elf.dir/Drivers/STM32F4xx_HAL_Driver/Src/stm32f4xx_hal_dma.c.obj
 .rodata.vTaskStartScheduler.str1.4
                0x000000000800b720        0x5 CMakeFiles/my_fc_fw.elf.dir/Middlewares/Third_Party/FreeRTOS/Source/tasks.c.obj
 *fill*         0x000000000800b725        0x3 
 .rodata._global_impure_ptr
                0x000000000800b728        0x4 /opt/homebrew/Cellar/arm-none-eabi-gcc/10.3-2021.07/gcc/bin/../lib/gcc/arm-none-eabi/10.3.1/../../../../arm-none-eabi/lib/thumb/v7e-m+fp/hard/libg.a(lib_a-impure.o)
                0x000000000800b728                _global_impure_ptr
 .rodata._vfprintf_r.str1.4
                0x000000000800b72c       0x42 /opt/homebrew/Cellar/arm-none-eabi-gcc/10.3-2021.07/gcc/bin/../lib/gcc/arm-none-eabi/10.3.1/../../../../arm-none-eabi/lib/thumb/v7e-m+fp/hard/libg.a(lib_a-vfprintf.o)
 *fill*         0x000000000800b76e        0x2 
 .rodata.blanks.1
                0x000000000800b770       0x10 /opt/homebrew/Cellar/arm-none-eabi-gcc/10.3-2021.07/gcc/bin/../lib/gcc/arm-none-eabi/10.3.1/../../../../arm-none-eabi/lib/thumb/v7e-m+fp/hard/libg.a(lib_a-vfprintf.o)
 .rodata.zeroes.0
                0x000000000800b780       0x10 /opt/homebrew/Cellar/arm-none-eabi-gcc/10.3-2021.07/gcc/bin/../lib/gcc/arm-none-eabi/10.3.1/../../../../arm-none-eabi/lib/thumb/v7e-m+fp/hard/libg.a(lib_a-vfprintf.o)
 .rodata._dtoa_r.str1.4
                0x000000000800b790       0x7e /opt/homebrew/Cellar/arm-none-eabi-gcc/10.3-2021.07/gcc/bin/../lib/gcc/arm-none-eabi/10.3.1/../../../../arm-none-eabi/lib/thumb/v7e-m+fp/hard/libg.a(lib_a-dtoa.o)
                                         0x82 (size before relaxing)
 *fill*         0x000000000800b80e        0x2 
 .rodata.__multadd.str1.4
                0x000000000800b810       0x5b /opt/homebrew/Cellar/arm-none-eabi-gcc/10.3-2021.07/gcc/bin/../lib/gcc/arm-none-eabi/10.3.1/../../../../arm-none-eabi/lib/thumb/v7e-m+fp/hard/libg.a(lib_a-mprec.o)
                                         0x6f (size before relaxing)
 *fill*         0x000000000800b86b        0x5 
 .rodata.__mprec_bigtens
                0x000000000800b870       0x28 /opt/homebrew/Cellar/arm-none-eabi-gcc/10.3-2021.07/gcc/bin/../lib/gcc/arm-none-eabi/10.3.1/../../../../arm-none-eabi/lib/thumb/v7e-m+fp/hard/libg.a(lib_a-mprec.o)
                0x000000000800b870                __mprec_bigtens
 .rodata.__mprec_tens
                0x000000000800b898       0xc8 /opt/homebrew/Cellar/arm-none-eabi-gcc/10.3-2021.07/gcc/bin/../lib/gcc/arm-none-eabi/10.3.1/../../../../arm-none-eabi/lib/thumb/v7e-m+fp/hard/libg.a(lib_a-mprec.o)
                0x000000000800b898                __mprec_tens
 .rodata.p05.0  0x000000000800b960        0xc /opt/homebrew/Cellar/arm-none-eabi-gcc/10.3-2021.07/gcc/bin/../lib/gcc/arm-none-eabi/10.3.1/../../../../arm-none-eabi/lib/thumb/v7e-m+fp/hard/libg.a(lib_a-mprec.o)
 .rodata._vfiprintf_r.str1.4
                0x000000000800b96c       0x2f /opt/homebrew/Cellar/arm-none-eabi-gcc/10.3-2021.07/gcc/bin/../lib/gcc/arm-none-eabi/10.3.1/../../../../arm-none-eabi/lib/thumb/v7e-m+fp/hard/libg.a(lib_a-vfiprintf.o)
 .rodata.blanks.1
                0x000000000800b96c       0x10 /opt/homebrew/Cellar/arm-none-eabi-gcc/10.3-2021.07/gcc/bin/../lib/gcc/arm-none-eabi/10.3.1/../../../../arm-none-eabi/lib/thumb/v7e-m+fp/hard/libg.a(lib_a-vfiprintf.o)
 .rodata.zeroes.0
                0x000000000800b97c       0x10 /opt/homebrew/Cellar/arm-none-eabi-gcc/10.3-2021.07/gcc/bin/../lib/gcc/arm-none-eabi/10.3.1/../../../../arm-none-eabi/lib/thumb/v7e-m+fp/hard/libg.a(lib_a-vfiprintf.o)
 .rodata.__assert_func.str1.4
                0x000000000800b98c       0x3f /opt/homebrew/Cellar/arm-none-eabi-gcc/10.3-2021.07/gcc/bin/../lib/gcc/arm-none-eabi/10.3.1/../../../../arm-none-eabi/lib/thumb/v7e-m+fp/hard/libg.a(lib_a-assert.o)
                                         0x43 (size before relaxing)
 *fill*         0x000000000800b9cb        0x1 
 .rodata._setlocale_r.str1.4
                0x000000000800b9cc        0xa /opt/homebrew/Cellar/arm-none-eabi-gcc/10.3-2021.07/gcc/bin/../lib/gcc/arm-none-eabi/10.3.1/../../../../arm-none-eabi/lib/thumb/v7e-m+fp/hard/libg.a(lib_a-locale.o)
                                          0xd (size before relaxing)
 *fill*         0x000000000800b9d6        0x2 
 .rodata.str1.4
                0x000000000800b9d8        0x2 /opt/homebrew/Cellar/arm-none-eabi-gcc/10.3-2021.07/gcc/bin/../lib/gcc/arm-none-eabi/10.3.1/../../../../arm-none-eabi/lib/thumb/v7e-m+fp/hard/libg.a(lib_a-locale.o)
 *fill*         0x000000000800b9da        0x2 
 .rodata._ctype_
                0x000000000800b9dc      0x101 /opt/homebrew/Cellar/arm-none-eabi-gcc/10.3-2021.07/gcc/bin/../lib/gcc/arm-none-eabi/10.3.1/../../../../arm-none-eabi/lib/thumb/v7e-m+fp/hard/libg.a(lib_a-ctype_.o)
                0x000000000800b9dc                _ctype_
 .rodata.asinf.str1.4
                0x000000000800badd        0x1 /opt/homebrew/Cellar/arm-none-eabi-gcc/10.3-2021.07/gcc/bin/../lib/gcc/arm-none-eabi/10.3.1/../../../../arm-none-eabi/lib/thumb/v7e-m+fp/hard/libm.a(lib_a-wf_asin.o)
 *fill*         0x000000000800badd        0x3 
 .rodata.CSWTCH.8
                0x000000000800bae0        0xc /opt/homebrew/Cellar/arm-none-eabi-gcc/10.3-2021.07/gcc/bin/../lib/gcc/arm-none-eabi/10.3.1/../../../../arm-none-eabi/lib/thumb/v7e-m+fp/hard/libm.a(lib_a-ef_atan2.o)
 .rodata.CSWTCH.9
                0x000000000800baec        0xc /opt/homebrew/Cellar/arm-none-eabi-gcc/10.3-2021.07/gcc/bin/../lib/gcc/arm-none-eabi/10.3.1/../../../../arm-none-eabi/lib/thumb/v7e-m+fp/hard/libm.a(lib_a-ef_atan2.o)
 .rodata.atanhi
                0x000000000800baf8       0x10 /opt/homebrew/Cellar/arm-none-eabi-gcc/10.3-2021.07/gcc/bin/../lib/gcc/arm-none-eabi/10.3.1/../../../../arm-none-eabi/lib/thumb/v7e-m+fp/hard/libm.a(lib_a-sf_atan.o)
 .rodata.atanlo
                0x000000000800bb08       0x10 /opt/homebrew/Cellar/arm-none-eabi-gcc/10.3-2021.07/gcc/bin/../lib/gcc/arm-none-eabi/10.3.1/../../../../arm-none-eabi/lib/thumb/v7e-m+fp/hard/libm.a(lib_a-sf_atan.o)
                0x000000000800bb18                . = ALIGN (0x4)

.ARM.extab      0x000000000800bb18        0x0
                0x000000000800bb18                . = ALIGN (0x4)
 *(.ARM.extab* .gnu.linkonce.armextab.*)
                0x000000000800bb18                . = ALIGN (0x4)

.ARM            0x000000000800bb18        0x8
                0x000000000800bb18                . = ALIGN (0x4)
                0x000000000800bb18                __exidx_start = .
 *(.ARM.exidx*)
 .ARM.exidx     0x000000000800bb18        0x8 /opt/homebrew/Cellar/arm-none-eabi-gcc/10.3-2021.07/gcc/bin/../lib/gcc/arm-none-eabi/10.3.1/thumb/v7e-m+fp/hard/libgcc.a(_udivmoddi4.o)
                0x000000000800bb20                __exidx_end = .
                0x000000000800bb20                . = ALIGN (0x4)

.rel.dyn        0x000000000800bb20        0x0
 .rel.iplt      0x000000000800bb20        0x0 /opt/homebrew/Cellar/arm-none-eabi-gcc/10.3-2021.07/gcc/bin/../lib/gcc/arm-none-eabi/10.3.1/thumb/v7e-m+fp/hard/crtbegin.o

.preinit_array  0x000000000800bb20        0x0
                0x000000000800bb20                . = ALIGN (0x4)
                0x000000000800bb20                PROVIDE (__preinit_array_start = .)
 *(.preinit_array*)
                0x000000000800bb20                PROVIDE (__preinit_array_end = .)
                0x000000000800bb20                . = ALIGN (0x4)

.init_array     0x000000000800bb20        0x8
                0x000000000800bb20                . = ALIGN (0x4)
                0x000000000800bb20                PROVIDE (__init_array_start = .)
 *(SORT_BY_NAME(.init_array.*))
 .init_array.00000
                0x000000000800bb20        0x4 /opt/homebrew/Cellar/arm-none-eabi-gcc/10.3-2021.07/gcc/bin/../lib/gcc/arm-none-eabi/10.3.1/../../../../arm-none-eabi/lib/thumb/v7e-m+fp/hard/libg.a(lib_a-__call_atexit.o)
 *(.init_array*)
 .init_array    0x000000000800bb24        0x4 /opt/homebrew/Cellar/arm-none-eabi-gcc/10.3-2021.07/gcc/bin/../lib/gcc/arm-none-eabi/10.3.1/thumb/v7e-m+fp/hard/crtbegin.o
                0x000000000800bb28                PROVIDE (__init_array_end = .)
                0x000000000800bb28                . = ALIGN (0x4)

.fini_array     0x000000000800bb28        0x4
                0x000000000800bb28                . = ALIGN (0x4)
                0x000000000800bb28                PROVIDE (__fini_array_start = .)
 *(SORT_BY_NAME(.fini_array.*))
 *(.fini_array*)
 .fini_array    0x000000000800bb28        0x4 /opt/homebrew/Cellar/arm-none-eabi-gcc/10.3-2021.07/gcc/bin/../lib/gcc/arm-none-eabi/10.3.1/thumb/v7e-m+fp/hard/crtbegin.o
                0x000000000800bb2c                PROVIDE (__fini_array_end = .)
                0x000000000800bb2c                . = ALIGN (0x4)
                0x000000000800bb2c                _sidata = LOADADDR (.data)

.data           0x0000000020000000      0x9d8 load address 0x000000000800bb2c
                0x0000000020000000                . = ALIGN (0x4)
                0x0000000020000000                _sdata = .
 *(.data)
 *(.data*)
 .data.BMI088_ACCEL_SEN
                0x0000000020000000        0x4 CMakeFiles/my_fc_fw.elf.dir/Core/Src/BMI088driver.c.obj
                0x0000000020000000                BMI088_ACCEL_SEN
 .data.BMI088_GYRO_SEN
                0x0000000020000004        0x4 CMakeFiles/my_fc_fw.elf.dir/Core/Src/BMI088driver.c.obj
                0x0000000020000004                BMI088_GYRO_SEN
 .data.NumQ.3   0x0000000020000008       0x10 CMakeFiles/my_fc_fw.elf.dir/Core/Src/attitude.c.obj
 .data.SystemCoreClock
                0x0000000020000018        0x4 CMakeFiles/my_fc_fw.elf.dir/Core/Src/system_stm32f4xx.c.obj
                0x0000000020000018                SystemCoreClock
 .data.uwTickFreq
                0x000000002000001c        0x1 CMakeFiles/my_fc_fw.elf.dir/Drivers/STM32F4xx_HAL_Driver/Src/stm32f4xx_hal.c.obj
                0x000000002000001c                uwTickFreq
 *fill*         0x000000002000001d        0x3 
 .data.uwTickPrio
                0x0000000020000020        0x4 CMakeFiles/my_fc_fw.elf.dir/Drivers/STM32F4xx_HAL_Driver/Src/stm32f4xx_hal.c.obj
                0x0000000020000020                uwTickPrio
 .data.uxCriticalNesting
                0x0000000020000024        0x4 CMakeFiles/my_fc_fw.elf.dir/Middlewares/Third_Party/FreeRTOS/Source/portable/GCC/ARM_CM4F/port.c.obj
 .data._impure_ptr
                0x0000000020000028        0x4 /opt/homebrew/Cellar/arm-none-eabi-gcc/10.3-2021.07/gcc/bin/../lib/gcc/arm-none-eabi/10.3.1/../../../../arm-none-eabi/lib/thumb/v7e-m+fp/hard/libg.a(lib_a-impure.o)
                0x0000000020000028                _impure_ptr
 *fill*         0x000000002000002c        0x4 
 .data.impure_data
                0x0000000020000030      0x428 /opt/homebrew/Cellar/arm-none-eabi-gcc/10.3-2021.07/gcc/bin/../lib/gcc/arm-none-eabi/10.3.1/../../../../arm-none-eabi/lib/thumb/v7e-m+fp/hard/libg.a(lib_a-impure.o)
 .data.__atexit_recursive_mutex
                0x0000000020000458        0x4 /opt/homebrew/Cellar/arm-none-eabi-gcc/10.3-2021.07/gcc/bin/../lib/gcc/arm-none-eabi/10.3.1/../../../../arm-none-eabi/lib/thumb/v7e-m+fp/hard/libg.a(lib_a-__call_atexit.o)
                0x0000000020000458                __atexit_recursive_mutex
 .data.__malloc_av_
                0x000000002000045c      0x408 /opt/homebrew/Cellar/arm-none-eabi-gcc/10.3-2021.07/gcc/bin/../lib/gcc/arm-none-eabi/10.3.1/../../../../arm-none-eabi/lib/thumb/v7e-m+fp/hard/libg.a(lib_a-mallocr.o)
                0x000000002000045c                __malloc_av_
 .data.__malloc_sbrk_base
                0x0000000020000864        0x4 /opt/homebrew/Cellar/arm-none-eabi-gcc/10.3-2021.07/gcc/bin/../lib/gcc/arm-none-eabi/10.3.1/../../../../arm-none-eabi/lib/thumb/v7e-m+fp/hard/libg.a(lib_a-mallocr.o)
                0x0000000020000864                __malloc_sbrk_base
 .data.__malloc_trim_threshold
                0x0000000020000868        0x4 /opt/homebrew/Cellar/arm-none-eabi-gcc/10.3-2021.07/gcc/bin/../lib/gcc/arm-none-eabi/10.3.1/../../../../arm-none-eabi/lib/thumb/v7e-m+fp/hard/libg.a(lib_a-mallocr.o)
                0x0000000020000868                __malloc_trim_threshold
 .data.__global_locale
                0x000000002000086c      0x16c /opt/homebrew/Cellar/arm-none-eabi-gcc/10.3-2021.07/gcc/bin/../lib/gcc/arm-none-eabi/10.3.1/../../../../arm-none-eabi/lib/thumb/v7e-m+fp/hard/libg.a(lib_a-locale.o)
                0x000000002000086c                __global_locale
 *(.RamFunc)
 *(.RamFunc*)
                0x00000000200009d8                . = ALIGN (0x4)
                0x00000000200009d8                _edata = .
                0x000000000800c504                _siccmram = LOADADDR (.ccmram)

.igot.plt       0x00000000200009d8        0x0 load address 0x000000000800c504
 .igot.plt      0x00000000200009d8        0x0 /opt/homebrew/Cellar/arm-none-eabi-gcc/10.3-2021.07/gcc/bin/../lib/gcc/arm-none-eabi/10.3.1/thumb/v7e-m+fp/hard/crtbegin.o

.ccmram         0x0000000010000000        0x0 load address 0x000000000800c504
                0x0000000010000000                . = ALIGN (0x4)
                0x0000000010000000                _sccmram = .
 *(.ccmram)
 *(.ccmram*)
                0x0000000010000000                . = ALIGN (0x4)
                0x0000000010000000                _eccmram = .
                0x0000000010000000                . = ALIGN (0x4)

.bss            0x00000000200009d8     0x42b0
                0x00000000200009d8                _sbss = .
                0x00000000200009d8                __bss_start__ = _sbss
 *(.bss)
 .bss           0x00000000200009d8       0x1c /opt/homebrew/Cellar/arm-none-eabi-gcc/10.3-2021.07/gcc/bin/../lib/gcc/arm-none-eabi/10.3.1/thumb/v7e-m+fp/hard/crtbegin.o
 *(.bss*)
 .bss.GyroIntegError.1
                0x00000000200009f4        0xc CMakeFiles/my_fc_fw.elf.dir/Core/Src/attitude.c.obj
 .bss.accel     0x0000000020000a00        0xc CMakeFiles/my_fc_fw.elf.dir/Core/Src/bmi088_task.c.obj
                0x0000000020000a00                accel
 .bss.attitude  0x0000000020000a0c        0xc CMakeFiles/my_fc_fw.elf.dir/Core/Src/bmi088_task.c.obj
                0x0000000020000a0c                attitude
 .bss.gyro      0x0000000020000a18        0xc CMakeFiles/my_fc_fw.elf.dir/Core/Src/bmi088_task.c.obj
                0x0000000020000a18                gyro
 .bss.imu       0x0000000020000a24        0xc CMakeFiles/my_fc_fw.elf.dir/Core/Src/bmi088_task.c.obj
                0x0000000020000a24                imu
 .bss.temp      0x0000000020000a30        0x4 CMakeFiles/my_fc_fw.elf.dir/Core/Src/bmi088_task.c.obj
                0x0000000020000a30                temp
 .bss.local_rc_ctrl
                0x0000000020000a34        0x4 CMakeFiles/my_fc_fw.elf.dir/Core/Src/debug_by_uart_task.c.obj
                0x0000000020000a34                local_rc_ctrl
 .bss.xIdleStack
                0x0000000020000a38      0x200 CMakeFiles/my_fc_fw.elf.dir/Core/Src/freertos.c.obj
 .bss.xIdleTaskTCBBuffer
                0x0000000020000c38       0x54 CMakeFiles/my_fc_fw.elf.dir/Core/Src/freertos.c.obj
 .bss.bmi088processHandle
                0x0000000020000c8c        0x4 CMakeFiles/my_fc_fw.elf.dir/Core/Src/main.c.obj
                0x0000000020000c8c                bmi088processHandle
 .bss.debug_outputHandle
                0x0000000020000c90        0x4 CMakeFiles/my_fc_fw.elf.dir/Core/Src/main.c.obj
                0x0000000020000c90                debug_outputHandle
 .bss.defaultTaskHandle
                0x0000000020000c94        0x4 CMakeFiles/my_fc_fw.elf.dir/Core/Src/main.c.obj
                0x0000000020000c94                defaultTaskHandle
 .bss.hdma_usart3_rx
                0x0000000020000c98       0x60 CMakeFiles/my_fc_fw.elf.dir/Core/Src/main.c.obj
                0x0000000020000c98                hdma_usart3_rx
 .bss.hspi1     0x0000000020000cf8       0x58 CMakeFiles/my_fc_fw.elf.dir/Core/Src/main.c.obj
                0x0000000020000cf8                hspi1
 .bss.huart1    0x0000000020000d50       0x44 CMakeFiles/my_fc_fw.elf.dir/Core/Src/main.c.obj
                0x0000000020000d50                huart1
 .bss.huart3    0x0000000020000d94       0x44 CMakeFiles/my_fc_fw.elf.dir/Core/Src/main.c.obj
                0x0000000020000d94                huart3
 .bss.huart6    0x0000000020000dd8       0x44 CMakeFiles/my_fc_fw.elf.dir/Core/Src/main.c.obj
                0x0000000020000dd8                huart6
 .bss.rc_ctrl   0x0000000020000e1c       0x16 CMakeFiles/my_fc_fw.elf.dir/Core/Src/sbus_receiver/remote_control.c.obj
                0x0000000020000e1c                rc_ctrl
 *fill*         0x0000000020000e32        0x2 
 .bss.sbus_rx_buf
                0x0000000020000e34       0x64 CMakeFiles/my_fc_fw.elf.dir/Core/Src/sbus_receiver/remote_control.c.obj
 .bss.this_time_rx_len.0
                0x0000000020000e98        0x2 CMakeFiles/my_fc_fw.elf.dir/Core/Src/sbus_receiver/remote_control.c.obj
 *fill*         0x0000000020000e9a        0x2 
 .bss.htim6     0x0000000020000e9c       0x48 CMakeFiles/my_fc_fw.elf.dir/Core/Src/stm32f4xx_hal_timebase_tim.c.obj
                0x0000000020000e9c                htim6
 .bss.__sbrk_heap_end
                0x0000000020000ee4        0x4 CMakeFiles/my_fc_fw.elf.dir/Core/Src/sysmem.c.obj
 .bss.uwTick    0x0000000020000ee8        0x4 CMakeFiles/my_fc_fw.elf.dir/Drivers/STM32F4xx_HAL_Driver/Src/stm32f4xx_hal.c.obj
                0x0000000020000ee8                uwTick
 .bss.ucMaxSysCallPriority
                0x0000000020000eec        0x1 CMakeFiles/my_fc_fw.elf.dir/Middlewares/Third_Party/FreeRTOS/Source/portable/GCC/ARM_CM4F/port.c.obj
 *fill*         0x0000000020000eed        0x3 
 .bss.ulMaxPRIGROUPValue
                0x0000000020000ef0        0x4 CMakeFiles/my_fc_fw.elf.dir/Middlewares/Third_Party/FreeRTOS/Source/portable/GCC/ARM_CM4F/port.c.obj
 .bss.pxEnd     0x0000000020000ef4        0x4 CMakeFiles/my_fc_fw.elf.dir/Middlewares/Third_Party/FreeRTOS/Source/portable/MemMang/heap_4.c.obj
 .bss.ucHeap    0x0000000020000ef8     0x3c00 CMakeFiles/my_fc_fw.elf.dir/Middlewares/Third_Party/FreeRTOS/Source/portable/MemMang/heap_4.c.obj
 .bss.xBlockAllocatedBit
                0x0000000020004af8        0x4 CMakeFiles/my_fc_fw.elf.dir/Middlewares/Third_Party/FreeRTOS/Source/portable/MemMang/heap_4.c.obj
 .bss.xFreeBytesRemaining
                0x0000000020004afc        0x4 CMakeFiles/my_fc_fw.elf.dir/Middlewares/Third_Party/FreeRTOS/Source/portable/MemMang/heap_4.c.obj
 .bss.xMinimumEverFreeBytesRemaining
                0x0000000020004b00        0x4 CMakeFiles/my_fc_fw.elf.dir/Middlewares/Third_Party/FreeRTOS/Source/portable/MemMang/heap_4.c.obj
 .bss.xNumberOfSuccessfulAllocations
                0x0000000020004b04        0x4 CMakeFiles/my_fc_fw.elf.dir/Middlewares/Third_Party/FreeRTOS/Source/portable/MemMang/heap_4.c.obj
 .bss.xNumberOfSuccessfulFrees
                0x0000000020004b08        0x4 CMakeFiles/my_fc_fw.elf.dir/Middlewares/Third_Party/FreeRTOS/Source/portable/MemMang/heap_4.c.obj
 .bss.xStart    0x0000000020004b0c        0x8 CMakeFiles/my_fc_fw.elf.dir/Middlewares/Third_Party/FreeRTOS/Source/portable/MemMang/heap_4.c.obj
 .bss.pxCurrentTCB
                0x0000000020004b14        0x4 CMakeFiles/my_fc_fw.elf.dir/Middlewares/Third_Party/FreeRTOS/Source/tasks.c.obj
                0x0000000020004b14                pxCurrentTCB
 .bss.pxDelayedTaskList
                0x0000000020004b18        0x4 CMakeFiles/my_fc_fw.elf.dir/Middlewares/Third_Party/FreeRTOS/Source/tasks.c.obj
 .bss.pxOverflowDelayedTaskList
                0x0000000020004b1c        0x4 CMakeFiles/my_fc_fw.elf.dir/Middlewares/Third_Party/FreeRTOS/Source/tasks.c.obj
 .bss.pxReadyTasksLists
                0x0000000020004b20       0x8c CMakeFiles/my_fc_fw.elf.dir/Middlewares/Third_Party/FreeRTOS/Source/tasks.c.obj
 .bss.uxCurrentNumberOfTasks